Solver command line: []

Read LP format model from file C:\Users\mogli\AppData\Local\Temp\tmpaccf3p6j.pyomo.lp
Reading time = 0.25 seconds
x1: 27947 rows, 22799 columns, 100020 nonzeros
Set parameter MIPGap to value 1e-05
Set parameter Presolve to value 2
Set parameter FeasibilityTol to value 0.001
Set parameter NumericFocus to value 3
Set parameter ScaleFlag to value 2
Set parameter TimeLimit to value 3600
Set parameter Heuristics to value 0.3
Set parameter IntegralityFocus to value 1
Gurobi Optimizer version 11.0.0 build v11.0.0rc2 (win64 - Windows 11+.0 (26100.2))

CPU model: 13th Gen Intel(R) Core(TM) i7-13620H, instruction set [SSE2|AVX|AVX2]
Thread count: 10 physical cores, 16 logical processors, using up to 16 threads

Optimize a model with 27947 rows, 22799 columns and 100020 nonzeros
Model fingerprint: 0x455c506b
Variable types: 22403 continuous, 396 integer (396 binary)
Coefficient statistics:
  Matrix range     [1e-04, 2e+06]
  Objective range  [3e-02, 1e+08]
  Bounds range     [1e+00, 1e+00]
  RHS range        [4e-04, 1e+03]
Presolve removed 15908 rows and 3483 columns
Presolve time: 0.46s
Presolved: 12039 rows, 19316 columns, 70287 nonzeros
Variable types: 18975 continuous, 341 integer (341 binary)
Root relaxation presolve removed 32 rows and 30 columns
Root relaxation presolved: 12007 rows, 19286 columns, 70208 nonzeros


Root simplex log...

Iteration    Objective       Primal Inf.    Dual Inf.      Time
   12763    3.2587810e+04   0.000000e+00   2.864495e+06      5s
Warning: 1 variables dropped from basis
   15532    1.6509311e+07   5.140044e+01   6.424455e+12     10s
   17742    1.1022427e+07   7.629556e+03   2.957938e+12     15s
   20005   -5.8075756e+11   1.071871e+09   4.826582e+17     20s
   22540   -2.7725986e+11   4.651525e+08   1.276858e+17     25s
   25040   -3.3123410e+40   2.395244e+39   3.312341e+10     30s
   34163   -7.5926255e+07   3.585911e+06   0.000000e+00     35s
   41627    3.2490462e+04   1.129577e+04   0.000000e+00     40s
   44237    3.2584186e+04   0.000000e+00   0.000000e+00     42s
Extra simplex iterations after uncrush: 976

Root relaxation: objective 3.258419e+04, 44237 iterations, 41.14 seconds (23.09 work units)

    Nodes    |    Current Node    |     Objective Bounds      |     Work
 Expl Unexpl |  Obj  Depth IntInf | Incumbent    BestBd   Gap | It/Node Time

     0     0 32584.1858    0   48          - 32584.1858      -     -   44s
H    0     0                    1.673415e+16 32722.3357   100%     -   78s
     0     2 32722.3357    0   48 1.6734e+16 32722.3357   100%     -   84s
     1     4 32722.3357    1   48 1.6734e+16 32722.3357   100%  5072   85s
    15    26 33528.3801    4   39 1.6734e+16 33528.3801   100%   866  177s
    25    36  postponed    5      1.6734e+16 33528.4648   100% 23119  647s
    35    46 33797.3807    6   37 1.6734e+16 33528.4648   100% 21925 1127s
    45    56 33856.1197    7   39 1.6734e+16 33528.4648   100% 52318 1410s
    55    75 34029.4841    8   40 1.6734e+16 33528.4648   100% 56914 1687s
    74    93 34347.6585   10   40 1.6734e+16 33528.4648   100% 45811 5742s

Explored 92 nodes (3782700 simplex iterations) in 5742.41 seconds (1288.86 work units)
Thread count was 16 (of 16 available processors)

Solution count 2: 1.67342e+16 1.67342e+16 

Time limit reached
Best objective 1.673415416819e+16, best bound 3.352846476027e+04, gap 100.0000%

