Solver command line: []

Read LP format model from file C:\Users\mogli\AppData\Local\Temp\tmp_3suiqda.pyomo.lp
Reading time = 0.29 seconds
x1: 146247 rows, 108871 columns, 414710 nonzeros
Set parameter TimeLimit to value 10800
Set parameter MIPGap to value 5e-05
Set parameter IntegralityFocus to value 1
Set parameter ScaleFlag to value 0
Set parameter MIPFocus to value 2
Set parameter Method to value 1
Gurobi Optimizer version 11.0.0 build v11.0.0rc2 (win64 - Windows 11+.0 (26100.2))

CPU model: 13th Gen Intel(R) Core(TM) i7-13620H, instruction set [SSE2|AVX|AVX2]
Thread count: 10 physical cores, 16 logical processors, using up to 16 threads

Optimize a model with 146247 rows, 108871 columns and 414710 nonzeros
Model fingerprint: 0xb0d083c7
Model has 88 SOS constraints
Variable types: 108582 continuous, 289 integer (289 binary)
Coefficient statistics:
  Matrix range     [2e-04, 2e+03]
  Objective range  [3e-02, 1e+03]
  Bounds range     [1e+00, 1e+00]
  RHS range        [3e-04, 1e+03]
Presolve removed 103160 rows and 20552 columns
Presolve time: 0.50s
Presolved: 43087 rows, 88319 columns, 255446 nonzeros
Variable types: 88114 continuous, 205 integer (197 binary)
Root relaxation presolve removed 154 rows and 154 columns
Root relaxation presolved: 42933 rows, 88165 columns, 254988 nonzeros


Root simplex log...

Iteration    Objective       Primal Inf.    Dual Inf.      Time
   29937    1.2237496e+02   4.626838e+05   0.000000e+00      5s
   36187    2.5816248e+02   5.867572e+05   0.000000e+00     10s
Warning: Markowitz tolerance tightened to 0.03125
   42867    4.4157104e+02   7.522339e+04   0.000000e+00     15s
   48179    5.9513634e+02   2.368611e+07   0.000000e+00     20s
   52799    8.5211987e+02   4.133680e+06   0.000000e+00     25s
   57481    1.0581237e+03   3.065812e+09   0.000000e+00     30s
   62035    1.1675052e+03   5.822752e+05   0.000000e+00     35s
   66627    1.2197198e+03   5.863638e+07   0.000000e+00     40s
   71077    1.2587859e+03   6.749611e+07   0.000000e+00     45s
   75037    1.5606764e+03   6.183382e+07   0.000000e+00     50s
   79257    1.7949031e+03   2.407693e+07   0.000000e+00     55s
   83067    1.9950170e+03   6.240862e+06   0.000000e+00     60s
   87137    2.0798799e+03   5.984951e+08   0.000000e+00     65s
   90897    2.1405859e+03   9.734795e+05   0.000000e+00     70s
   94649    2.1943026e+03   8.727254e+09   0.000000e+00     75s
   98239    2.2424934e+03   8.593643e+07   0.000000e+00     80s
  102399    2.3351684e+03   4.408604e+05   0.000000e+00     85s
  106681    2.3808844e+03   1.329727e+06   0.000000e+00     90s
  110601    2.4209899e+03   8.840973e+07   0.000000e+00     95s
  114971    2.4516239e+03   8.650139e+06   0.000000e+00    100s
  119141    2.4775666e+03   1.420718e+07   0.000000e+00    105s
  123481    2.5102897e+03   8.990710e+05   0.000000e+00    110s
  127601    2.5436148e+03   2.516916e+05   0.000000e+00    115s
  131411    2.5566171e+03   9.289365e+05   0.000000e+00    120s
  135221    2.5799490e+03   3.719322e+05   0.000000e+00    125s
  139781    2.5876388e+03   5.267969e+04   0.000000e+00    130s
  145361    2.5913237e+03   4.178898e+04   0.000000e+00    135s
  151297    2.5929113e+03   1.330961e+04   0.000000e+00    140s
  158651    2.5930895e+03   0.000000e+00   0.000000e+00    143s
  158677    2.5930895e+03   0.000000e+00   0.000000e+00    143s
Extra simplex iterations after uncrush: 26

Root relaxation: objective 2.593090e+03, 158677 iterations, 142.38 seconds (176.83 work units)

    Nodes    |    Current Node    |     Objective Bounds      |     Work
 Expl Unexpl |  Obj  Depth IntInf | Incumbent    BestBd   Gap | It/Node Time

     0     0 2593.08951    0   66          - 2593.08951      -     -  143s
H    0     0                    2757.1978392 2593.08951  5.95%     -  144s
     0     0 2612.73036    0   80 2757.19784 2612.73036  5.24%     -  156s
     0     0 2617.15219    0   83 2757.19784 2617.15219  5.08%     -  177s
     0     0 2617.15219    0   83 2757.19784 2617.15219  5.08%     -  177s
     0     0 2617.89911    0   75 2757.19784 2617.89911  5.05%     -  185s
     0     0 2618.89675    0   76 2757.19784 2618.89675  5.02%     -  200s
     0     0 2618.95614    0   73 2757.19784 2618.95614  5.01%     -  201s
     0     0 2618.95802    0   69 2757.19784 2618.95802  5.01%     -  201s
     0     0 2621.83221    0   74 2757.19784 2621.83221  4.91%     -  212s
     0     0 2622.41303    0   80 2757.19784 2622.41303  4.89%     -  219s
     0     0 2622.43517    0   80 2757.19784 2622.43517  4.89%     -  220s
     0     0 2622.43566    0   80 2757.19784 2622.43566  4.89%     -  220s
     0     0 2624.87334    0   76 2757.19784 2624.87334  4.80%     -  237s
     0     0 2625.30333    0   80 2757.19784 2625.30333  4.78%     -  248s
     0     0 2625.30333    0   80 2757.19784 2625.30333  4.78%     -  249s
     0     0 2625.30333    0   80 2757.19784 2625.30333  4.78%     -  250s
     0     0 2628.86485    0   79 2757.19784 2628.86485  4.65%     -  263s
     0     0 2628.98624    0   79 2757.19784 2628.98624  4.65%     -  294s
     0     0 2628.99380    0   79 2757.19784 2628.99380  4.65%     -  295s
H    0     0                    2717.1598561 2630.59989  3.19%     -  311s
     0     0 2630.59989    0   77 2717.15986 2630.59989  3.19%     -  311s
     0     0 2631.28541    0   80 2717.15986 2631.28541  3.16%     -  317s
     0     0 2631.31223    0   80 2717.15986 2631.31223  3.16%     -  318s
     0     0 2631.31770    0   80 2717.15986 2631.31770  3.16%     -  319s
     0     0 2633.09700    0   80 2717.15986 2633.09700  3.09%     -  332s
     0     0 2633.10379    0   80 2717.15986 2633.10379  3.09%     -  335s
     0     2 2633.44725    0   80 2717.15986 2633.44725  3.08%     -  375s
     3     8 2663.26841    2   75 2717.15986 2634.24654  3.05%  4066  385s
     7    14 2677.03345    3   75 2717.15986 2634.51577  3.04%  4059  394s
    15    24 2678.19593    4   76 2717.15986 2634.68088  3.04%  3781  403s
    25    34 2679.53972    5   75 2717.15986 2634.68088  3.04%  5021  529s
    35    40 infeasible    5      2717.15986 2635.99747  2.99% 10620  530s
    55    64 2681.46971    6   74 2717.15986 2636.01946  2.99%  7039  549s
    69    78 2681.48380    7   72 2717.15986 2636.01946  2.99%  6356  573s
    83    91 2691.43536    8   70 2717.15986 2636.01946  2.99%  6409  590s
    96   110 2691.90273    9   70 2717.15986 2636.01946  2.99%  6103  601s
   115   121 2694.59155   10   68 2717.15986 2636.01946  2.99%  5388  611s
   126   141 2693.39777   10   69 2717.15986 2636.01946  2.99%  5188  629s
   146   160 2693.85287   12   68 2717.15986 2636.01946  2.99%  4818  644s
   169   191 2695.87879   14   63 2717.15986 2636.01946  2.99%  4387  653s
   204   220 2696.35207   16   58 2717.15986 2636.01946  2.99%  3779  660s
   239   247 2697.51781   18   55 2717.15986 2636.01946  2.99%  3363  667s
   272   275 2703.43556   23   49 2717.15986 2636.01946  2.99%  3065  772s
   312   320 2716.16364   24   47 2717.15986 2636.01946  2.99%  2901  778s
   366   365 2716.99116   27   42 2717.15986 2636.01946  2.99%  2591  875s
   420   400 2672.31292   16   56 2717.15986 2636.01946  2.99%  2493 1143s
H  453   400                    2678.6336910 2636.01946  1.59%  2527 1143s
   470   421 2674.48739   19   52 2678.63369 2636.01946  1.59%  2630 1157s
   529   447     cutoff   23      2678.63369 2636.49116  1.57%  2485 1183s
H  538   447                    2675.1742371 2636.49116  1.45%  2536 1183s
   568   455 2662.64640    7   58 2675.17424 2636.49116  1.45%  2568 1222s
   586   471 2662.92716    8   56 2675.17424 2636.49116  1.45%  2713 1258s
   602   503 2668.80410   13   45 2675.17424 2636.49116  1.45%  2812 1286s
   636   544 2672.42761   25   25 2675.17424 2636.49116  1.45%  2852 1304s
   684   566 infeasible   29      2675.17424 2636.49116  1.45%  2800 1336s
H  689   566                    2675.1742361 2636.49116  1.45%  2784 1336s
   720   587 infeasible   29      2675.17424 2636.64857  1.44%  2747 1356s
   806   593 2663.19989    7   61 2675.17424 2637.41205  1.41%  2619 1385s
   887   574 2663.41624    8   59 2675.17424 2637.41205  1.41%  2508 1416s
   963   555     cutoff   21      2675.17424 2637.99158  1.39%  2443 1445s
  1031   575 2662.77818    7   58 2675.17424 2637.99158  1.39%  2425 1470s
  1125   620 2663.06249    8   56 2675.17424 2637.99158  1.39%  2334 1509s
  1224   679 2670.86774   27   34 2675.17424 2637.99158  1.39%  2275 1555s
  1305   706 infeasible   29      2675.17424 2639.04891  1.35%  2286 1600s
  1392   722 2663.21522    7   61 2675.17424 2640.19263  1.31%  2308 1652s
  1431   776 2663.92172    8   60 2675.17424 2642.47121  1.22%  2413 1691s
  1514   825 2673.47391   22   37 2675.17424 2642.61030  1.22%  2426 1744s
  1636   888 2668.44536   10   50 2675.17424 2642.61030  1.22%  2368 1917s
  1745   909 2674.64749   24   37 2675.17424 2647.86278  1.02%  2450 2120s
  1852   969 2669.86167   10   56 2675.17424 2649.45608  0.96%  2511 2196s
  1991  1021 2669.77076   15   52 2675.17424 2650.14212  0.94%  2514 2248s
  2148  1057 infeasible   22      2675.17424 2650.55599  0.92%  2472 2389s
  2259  1091 infeasible   22      2675.17424 2650.93775  0.91%  2543 2532s
  2386  1104 2673.78556   10   58 2675.17424 2650.93775  0.91%  2572 2626s
  2504  1135 2671.59279   10   60 2675.17424 2650.93775  0.91%  2552 2786s
  2645  1183 2673.81903   19   51 2675.17424 2651.42976  0.89%  2593 2861s
  2800  1205 2673.81437   19   53 2675.17424 2651.90613  0.87%  2570 2991s
  2934  1246 2674.59727   11   59 2675.17424 2653.85110  0.80%  2614 3084s
  3115  1326 infeasible   24      2675.17424 2654.54710  0.77%  2598 3262s
  3307  1327 2668.51702    8   80 2675.17424 2654.62852  0.77%  2608 3741s
  3309  1328 2657.19406   10   65 2675.17424 2654.62852  0.77%  2607 3837s
  3310  1329 2674.05194   24   77 2675.17424 2654.62852  0.77%  2606 3868s
  3311  1330 2669.70815   12   76 2675.17424 2654.62852  0.77%  2605 3884s
  3312  1330 2673.82299   19   76 2675.17424 2654.62852  0.77%  2604 3890s
  3314  1332 2667.69986   13   74 2675.17424 2654.62852  0.77%  2603 3900s
  3315  1332 2671.55793   20   76 2675.17424 2654.62852  0.77%  2602 3906s
  3316  1333 2674.07275   26   76 2675.17424 2654.62852  0.77%  2601 3910s
  3318  1334 2672.88497   21   77 2675.17424 2654.62852  0.77%  2599 3915s
  3319  1335 2664.93742   10   77 2675.17424 2654.62852  0.77%  2599 3949s
  3320  1336 2673.09228   12   75 2675.17424 2654.62852  0.77%  2598 3951s
  3322  1337 2670.87266   13   75 2675.17424 2654.62852  0.77%  2596 3975s
  3323  1338 2667.73682   10   76 2675.17424 2654.62852  0.77%  2596 4031s
  3325  1339 2673.88767   23   73 2675.17424 2654.62852  0.77%  2594 4035s
  3327  1340 2673.44588   21   74 2675.17424 2656.54651  0.70%  2592 4058s
  3328  1341 2669.18466   11   74 2675.17424 2663.86645  0.42%  2592 4090s
  3330  1342 2664.49189   12   71 2675.17424 2664.04332  0.42%  2590 4108s
  3331  1343 2671.87565   12   72 2675.17424 2664.58125  0.40%  2589 4136s
  3332  1344 2673.58204   15   73 2675.17424 2664.58125  0.40%  2589 4148s
  3333  1344 2665.40643   10   68 2675.17424 2664.58125  0.40%  2588 4168s
  3334  1345 2675.03195   28   68 2675.17424 2664.61277  0.39%  2587 4265s
  3335  1346 2666.98072   16   68 2675.17424 2664.61277  0.39%  2586 4275s
  3336  1349 2664.65432   10   66 2675.17424 2664.61277  0.39%  2665 4283s
  3338  1353 2665.33385   11   65 2675.17424 2664.61277  0.39%  2664 4290s
  3342  1351     cutoff   12      2675.17424 2665.41055  0.36%  2666 4299s
  3350  1357 2666.31070   13   66 2675.17424 2666.24649  0.33%  2669 4306s
  3358  1364 2666.71070   14   66 2675.17424 2666.34935  0.33%  2678 5535s
  3368  1371 2666.82565   15   63 2675.17424 2666.34935  0.33%  2931 5550s
  3378  1377 2667.06135   16   63 2675.17424 2666.70182  0.32%  2930 5555s
  3388  1388 2667.50441   17   65 2675.17424 2666.70182  0.32%  2926 5561s
  3402  1391 2667.54131   18   64 2675.17424 2666.70182  0.32%  2919 5601s
  3414  1398 2669.84210   20   63 2675.17424 2666.70182  0.32%  2914 5609s
  3431  1405 2668.75400   20   60 2675.17424 2666.70182  0.32%  2905 5624s
  3448  1408 2670.69511   22   56 2675.17424 2666.70182  0.32%  2898 5630s
  3466  1416 2670.23121   21   56 2675.17424 2666.70182  0.32%  2893 5636s
  3486  1423 2673.00604   23   52 2675.17424 2666.70182  0.32%  2881 5644s
  3503  1437 infeasible   23      2675.17424 2666.70182  0.32%  2874 5658s
  3526  1444 2671.90662   23   54 2675.17424 2666.70182  0.32%  2861 5664s
  3552  1453 2672.65514   23   53 2675.17424 2666.70182  0.32%  2847 5682s
  3582  1475 2674.04346   23   54 2675.17424 2666.70182  0.32%  2843 5692s
  3621  1489 2675.15547   24   53 2675.17424 2666.70182  0.32%  2828 5710s
  3664  1485 infeasible   24      2675.17424 2666.70182  0.32%  2813 5723s
  3708  1469 2673.61273   28   40 2675.17424 2666.70182  0.32%  2793 5756s
  3755  1489 2671.37837   19   63 2675.17424 2666.70182  0.32%  2776 5768s
  3809  1488 2673.91361   22   57 2675.17424 2666.70182  0.32%  2754 5801s
  3848  1475     cutoff   25      2675.17424 2666.70182  0.32%  2766 5949s
  3880  1481 2669.85575   17   65 2675.17424 2666.70182  0.32%  2780 5993s
  3928  1489 2673.19174   23   53 2675.17424 2666.70182  0.32%  2786 6030s
  4000  1478 2671.56026   20   32 2675.17424 2666.70182  0.32%  2775 6046s
  4049  1500 2672.29682   22   29 2675.17424 2666.70182  0.32%  2762 6080s
  4123  1505     cutoff   33      2675.17424 2666.70182  0.32%  2745 6106s
* 4165  1423              36    2675.1742355 2666.70182  0.32%  2731 6106s
  4213  1438     cutoff   33      2675.17424 2666.87826  0.31%  2713 6137s
  4296  1431 2671.42799   19   50 2675.17424 2666.87826  0.31%  2683 6165s
  4352  1439     cutoff   25      2675.17424 2666.87826  0.31%  2678 6185s
  4458  1415 infeasible   26      2675.17424 2666.87826  0.31%  2642 6216s
  4547  1401 infeasible   26      2675.17424 2666.87826  0.31%  2616 6239s
  4634  1389 infeasible   26      2675.17424 2666.87826  0.31%  2600 6271s
  4721  1394 infeasible   26      2675.17424 2666.87826  0.31%  2592 6298s
  4821  1387 2674.76145   23   35 2675.17424 2667.28955  0.29%  2571 6322s
  4939  1368 2672.34929   21   55 2675.17424 2667.94511  0.27%  2548 6354s
  5058  1345 2673.21648   19   63 2675.17424 2668.34882  0.26%  2524 6461s
  5118  1326 infeasible   21      2675.17424 2668.63753  0.24%  2531 6492s
  5202  1303     cutoff   19      2675.17424 2669.06754  0.23%  2515 6552s
  5275  1319 2671.67581   19   51 2675.17424 2669.26537  0.22%  2512 6588s
  5376  1306     cutoff   27      2675.17424 2669.32736  0.22%  2494 6627s
  5488  1271     cutoff   20      2675.17424 2669.53119  0.21%  2476 6659s
  5607  1242     cutoff   24      2675.17424 2669.84291  0.20%  2456 6716s
  5713  1228     cutoff   22      2675.17424 2670.01867  0.19%  2462 6831s
  5875  1217 2674.11305   25   35 2675.17424 2670.07117  0.19%  2479 7668s
  6019  1189 2674.38629   28   30 2675.17424 2670.07117  0.19%  2512 7765s
  6135  1174 2674.94302   31   34 2675.17424 2670.10562  0.19%  2529 8357s
  6265  1150 2671.40728   22   41 2675.17424 2670.18920  0.19%  2567 8726s
  6354  1151 2674.21773   26   34 2675.17424 2670.19577  0.19%  2615 9023s
  6510  1163     cutoff   25      2675.17424 2670.33050  0.18%  2628 9149s
  6741  1115 infeasible   32      2675.17424 2670.41605  0.18%  2603 10800s

Cutting planes:
  Learned: 6
  Gomory: 44
  Lift-and-project: 18
  Cover: 3
  Implied bound: 2524
  MIR: 608
  Mixing: 42
  Flow cover: 15008
  Inf proof: 4
  RLT: 329
  Relax-and-lift: 2631

Explored 6971 nodes (18400489 simplex iterations) in 10800.56 seconds (12637.35 work units)
Thread count was 16 (of 16 available processors)

Solution count 4: 2675.17 2678.63 2717.16 2757.2 

Time limit reached
Best objective 2.675174235513e+03, best bound 2.670476725656e+03, gap 0.1756%

