Solver command line: []

Read LP format model from file C:\Users\mogli\AppData\Local\Temp\tmpinmp_j85.pyomo.lp
Reading time = 0.05 seconds
x1: 27350 rows, 20990 columns, 94394 nonzeros
Set parameter TimeLimit to value 10800
Set parameter MIPGap to value 5e-05
Set parameter IntegralityFocus to value 1
Set parameter ScaleFlag to value 0
Gurobi Optimizer version 11.0.0 build v11.0.0rc2 (win64 - Windows 11+.0 (26100.2))

CPU model: 13th Gen Intel(R) Core(TM) i7-13620H, instruction set [SSE2|AVX|AVX2]
Thread count: 10 physical cores, 16 logical processors, using up to 16 threads

Optimize a model with 27350 rows, 20990 columns and 94394 nonzeros
Model fingerprint: 0x762c6305
Model has 12 SOS constraints
Variable types: 20914 continuous, 76 integer (76 binary)
Coefficient statistics:
  Matrix range     [1e-03, 2e+03]
  Objective range  [3e-02, 1e+03]
  Bounds range     [1e+00, 1e+00]
  RHS range        [1e-05, 1e+03]
Presolve removed 25351 rows and 12813 columns
Presolve time: 0.03s

Explored 0 nodes (0 simplex iterations) in 0.03 seconds (0.05 work units)
Thread count was 1 (of 16 available processors)

Solution count 0

Model is infeasible or unbounded
Best objective -, best bound -, gap -

