Solver command line: []

Read LP format model from file C:\Users\mogli\AppData\Local\Temp\tmpje2may8w.pyomo.lp
Reading time = 0.04 seconds
x1: 4742 rows, 4099 columns, 17325 nonzeros
Set parameter MIPGap to value 1e-05
Set parameter Presolve to value 2
Set parameter FeasibilityTol to value 0.001
Set parameter NumericFocus to value 3
Set parameter ScaleFlag to value 2
Set parameter TimeLimit to value 3600
Set parameter Heuristics to value 0.3
Set parameter IntegralityFocus to value 1
Gurobi Optimizer version 11.0.0 build v11.0.0rc2 (win64 - Windows 11+.0 (26100.2))

CPU model: 13th Gen Intel(R) Core(TM) i7-13620H, instruction set [SSE2|AVX|AVX2]
Thread count: 10 physical cores, 16 logical processors, using up to 16 threads

Optimize a model with 4742 rows, 4099 columns and 17325 nonzeros
Model fingerprint: 0x71dfbd88
Variable types: 3718 continuous, 381 integer (381 binary)
Coefficient statistics:
  Matrix range     [1e-04, 1e+06]
  Objective range  [3e-02, 9e+08]
  Bounds range     [1e+00, 1e+00]
  RHS range        [4e-04, 1e+03]
Presolve removed 2338 rows and 433 columns
Presolve time: 0.05s
Presolved: 2404 rows, 3666 columns, 13097 nonzeros
Variable types: 3325 continuous, 341 integer (341 binary)
Root relaxation presolve removed 16 rows and 16 columns
Root relaxation presolved: 2388 rows, 3650 columns, 13051 nonzeros

Extra simplex iterations after uncrush: 3

Root relaxation: objective 2.085601e+04, 2536 iterations, 0.33 seconds (0.12 work units)

    Nodes    |    Current Node    |     Objective Bounds      |     Work
 Expl Unexpl |  Obj  Depth IntInf | Incumbent    BestBd   Gap | It/Node Time

     0     0 20856.0111    0   55          - 20856.0111      -     -    0s
H    0     0                    1.660837e+16 21127.3621   100%     -    3s
     0     2 21127.3621    0   55 1.6608e+16 21127.3621   100%     -    3s
   113   133 23441.5367   15   51 1.6608e+16 21750.2858   100%  57.5    5s
H  176   194                    4.626957e+15 21750.2858   100%  54.1    5s
H  189   194                    3.466732e+15 21750.2858   100%  55.0    5s
H  237   257                    1.451503e+14 21750.2858   100%  56.9    5s
*  275   278              25    28586.262983 21750.2858  23.9%  57.4    5s
   679   295 25939.7648   11   49 28586.2630 25332.3259  11.4%  59.2   10s
  1095   364     cutoff   16      28586.2630 26087.7948  8.74%  59.8   18s
H 1101   364                    28337.073462 26087.7948  7.94%  59.8   18s
H 1104   364                    28337.030454 26087.7948  7.94%  59.8   18s
H 1109   364                    27900.388482 26087.7948  6.50%  59.9   18s
  1113   365     cutoff   13      27900.3885 26087.7948  6.50%  60.2   21s
H 1118   365                    27897.522384 26087.7948  6.49%  60.0   21s
  1895   406     cutoff   11      27897.5224 27141.7606  2.71%  61.1   25s
* 2518   274              25    27877.662150 27421.8493  1.64%  61.9   28s
* 2946    40              26    27865.211976 27668.9474  0.70%  60.0   29s

Explored 3006 nodes (180582 simplex iterations) in 29.69 seconds (8.33 work units)
Thread count was 16 (of 16 available processors)

Solution count 7: 27865.2 27877.7 27898.6 ... 3.46673e+15

Optimal solution found (tolerance 1.00e-05)
Best objective 2.789862386494e+04, best bound 2.786521197555e+04, gap 0.1198%

