Solver command line: []

Read LP format model from file C:\Users\mogli\AppData\Local\Temp\tmpnjlowz5a.pyomo.lp
Reading time = 0.07 seconds
x1: 39449 rows, 29252 columns, 129414 nonzeros
Set parameter TimeLimit to value 3600
Set parameter MIPGap to value 5e-05
Set parameter NumericFocus to value 3
Set parameter ScaleFlag to value 0
Set parameter Threads to value 12
Set parameter IntegralityFocus to value 1
Gurobi Optimizer version 11.0.0 build v11.0.0rc2 (win64 - Windows 11+.0 (26100.2))

CPU model: 13th Gen Intel(R) Core(TM) i7-13620H, instruction set [SSE2|AVX|AVX2]
Thread count: 10 physical cores, 16 logical processors, using up to 12 threads

Optimize a model with 39449 rows, 29252 columns and 129414 nonzeros
Model fingerprint: 0x27b09423
Model has 17 SOS constraints
Variable types: 29122 continuous, 130 integer (130 binary)
Coefficient statistics:
  Matrix range     [3e-04, 1e+06]
  Objective range  [3e-02, 4e+05]
  Bounds range     [1e+00, 1e+00]
  RHS range        [5e-04, 5e+05]
Presolve removed 23829 rows and 6195 columns
Presolve time: 0.20s
Presolved: 15620 rows, 23057 columns, 81301 nonzeros
Variable types: 22963 continuous, 94 integer (93 binary)

Root simplex log...

Iteration    Objective       Primal Inf.    Dual Inf.      Time
   17181    5.4000996e+01   1.680893e+06   0.000000e+00      5s
   33205    1.0582371e+02   4.169029e+02   0.000000e+00     10s
   37172    1.1046972e+02   0.000000e+00   0.000000e+00     11s

Root relaxation: objective 1.104697e+02, 37172 iterations, 10.64 seconds (11.93 work units)

    Nodes    |    Current Node    |     Objective Bounds      |     Work
 Expl Unexpl |  Obj  Depth IntInf | Incumbent    BestBd   Gap | It/Node Time

     0     0  110.46972    0   28          -  110.46972      -     -   11s
H    0     0                    1157.4427159  110.46972  90.5%     -   11s
     0     2  110.46972    0   27 1157.44272  110.46972  90.5%     -   13s
    15    13     cutoff    4      1157.44272  110.47341  90.5%   893   17s
*  100    51              11     261.1766868  110.49054  57.7%   474   19s
   105    43  159.89213   11    5  261.17669  110.49054  57.7%   465   20s
*  107    43              11     110.8215858  110.49054  0.30%   456   20s

Cutting planes:
  Implied bound: 7

Explored 180 nodes (108391 simplex iterations) in 22.09 seconds (31.66 work units)
Thread count was 12 (of 16 available processors)

Solution count 3: 110.822 261.177 1157.44 

Optimal solution found (tolerance 5.00e-05)
Best objective 1.108215858498e+02, best bound 1.108215858496e+02, gap 0.0000%

