Solver command line: []

Read LP format model from file C:\Users\mogli\AppData\Local\Temp\tmpbgq7nrdx.pyomo.lp
Reading time = 0.08 seconds
x1: 43726 rows, 30790 columns, 146810 nonzeros
Set parameter TimeLimit to value 600
Set parameter MIPGap to value 5e-05
Set parameter IntegralityFocus to value 1
Set parameter ScaleFlag to value 0
Set parameter MIPFocus to value 2
Set parameter Method to value 1
Gurobi Optimizer version 11.0.0 build v11.0.0rc2 (win64 - Windows 11+.0 (26100.2))

CPU model: 13th Gen Intel(R) Core(TM) i7-13620H, instruction set [SSE2|AVX|AVX2]
Thread count: 10 physical cores, 16 logical processors, using up to 16 threads

Optimize a model with 43726 rows, 30790 columns and 146810 nonzeros
Model fingerprint: 0xbbbda722
Model has 16 SOS constraints
Variable types: 30660 continuous, 130 integer (130 binary)
Coefficient statistics:
  Matrix range     [6e-04, 2e+03]
  Objective range  [3e-02, 1e+03]
  Bounds range     [1e+00, 1e+00]
  RHS range        [4e-04, 1e+03]
Presolve removed 34708 rows and 12388 columns
Presolve time: 0.11s
Presolved: 9018 rows, 18402 columns, 57541 nonzeros
Variable types: 18350 continuous, 52 integer (47 binary)
Root relaxation presolve removed 41 rows and 41 columns
Root relaxation presolved: 8977 rows, 18361 columns, 57414 nonzeros

Warning: Markowitz tolerance tightened to 0.03125

Root simplex log...

Iteration    Objective       Primal Inf.    Dual Inf.      Time
   37007    3.7877845e+06   2.970707e+10   0.000000e+00      5s
Warning: 1 variables dropped from basis
Warning: switch to quad precision
Warning: very big Kappa = 6.68793e+22, try parameter NumericFocus

Root relaxation: infeasible, 38837 iterations, 6.29 seconds (8.76 work units)

    Nodes    |    Current Node    |     Objective Bounds      |     Work
 Expl Unexpl |  Obj  Depth IntInf | Incumbent    BestBd   Gap | It/Node Time

     0     0 infeasible    0               - infeasible      -     -    6s

Explored 1 nodes (11181 simplex iterations) in 6.43 seconds (9.04 work units)
Thread count was 16 (of 16 available processors)

Solution count 0

Model is infeasible or unbounded
Best objective -, best bound -, gap -

