Solver command line: []

Read LP format model from file C:\Users\mogli\AppData\Local\Temp\tmp5dbmyw48.pyomo.lp
Reading time = 0.09 seconds
x1: 50445 rows, 36021 columns, 171087 nonzeros
Set parameter TimeLimit to value 600
Set parameter MIPGap to value 5e-05
Set parameter IntegralityFocus to value 1
Set parameter ScaleFlag to value 0
Set parameter MIPFocus to value 2
Set parameter Method to value 1
Gurobi Optimizer version 11.0.0 build v11.0.0rc2 (win64 - Windows 11+.0 (26100.2))

CPU model: 13th Gen Intel(R) Core(TM) i7-13620H, instruction set [SSE2|AVX|AVX2]
Thread count: 10 physical cores, 16 logical processors, using up to 16 threads

Optimize a model with 50445 rows, 36021 columns and 171087 nonzeros
Model fingerprint: 0x2605bc3c
Model has 19 SOS constraints
Variable types: 35871 continuous, 150 integer (150 binary)
Coefficient statistics:
  Matrix range     [6e-04, 2e+03]
  Objective range  [3e-02, 1e+03]
  Bounds range     [1e+00, 1e+00]
  RHS range        [5e-05, 1e+03]
Presolve removed 40268 rows and 14755 columns
Presolve time: 0.17s
Presolved: 10177 rows, 21266 columns, 66838 nonzeros
Variable types: 21212 continuous, 54 integer (52 binary)
Root relaxation presolve removed 43 rows and 43 columns
Root relaxation presolved: 10134 rows, 21223 columns, 66707 nonzeros


Root relaxation: infeasible, 16450 iterations, 1.78 seconds (2.41 work units)

    Nodes    |    Current Node    |     Objective Bounds      |     Work
 Expl Unexpl |  Obj  Depth IntInf | Incumbent    BestBd   Gap | It/Node Time

     0     0 infeasible    0               - infeasible      -     -    1s

Explored 1 nodes (11991 simplex iterations) in 1.96 seconds (2.77 work units)
Thread count was 16 (of 16 available processors)

Solution count 0

Model is infeasible or unbounded
Best objective -, best bound -, gap -

