Solver command line: []

Read LP format model from file C:\Users\mogli\AppData\Local\Temp\tmp99lxmqyk.pyomo.lp
Reading time = 0.11 seconds
x1: 60875 rows, 44304 columns, 206278 nonzeros
Set parameter TimeLimit to value 1800
Set parameter MIPGap to value 5e-05
Set parameter Threads to value 12
Set parameter IntegralityFocus to value 1
Set parameter MIPFocus to value 2
Gurobi Optimizer version 11.0.0 build v11.0.0rc2 (win64 - Windows 11+.0 (26100.2))

CPU model: 13th Gen Intel(R) Core(TM) i7-13620H, instruction set [SSE2|AVX|AVX2]
Thread count: 10 physical cores, 16 logical processors, using up to 12 threads

Optimize a model with 60875 rows, 44304 columns and 206278 nonzeros
Model fingerprint: 0x8bcb7cce
Model has 28 SOS constraints
Variable types: 44127 continuous, 177 integer (177 binary)
Coefficient statistics:
  Matrix range     [3e-04, 1e+06]
  Objective range  [3e-02, 4e+05]
  Bounds range     [1e+00, 1e+00]
  RHS range        [5e-04, 1e+05]
Presolve removed 35742 rows and 7974 columns
Presolve time: 0.30s
Presolved: 25133 rows, 36330 columns, 136551 nonzeros
Variable types: 36155 continuous, 175 integer (175 binary)
Root relaxation presolve removed 71 rows and 71 columns
Root relaxation presolved: 25062 rows, 36259 columns, 136322 nonzeros

Deterministic concurrent LP optimizer: primal and dual simplex
Showing primal log only...

Concurrent spin time: 0.12s

Solved with dual simplex

Root relaxation: objective 1.295350e+03, 34512 iterations, 2.59 seconds (3.00 work units)

    Nodes    |    Current Node    |     Objective Bounds      |     Work
 Expl Unexpl |  Obj  Depth IntInf | Incumbent    BestBd   Gap | It/Node Time

     0     0 1295.34960    0   75          - 1295.34960      -     -    3s
     0     0 1305.59163    0  103          - 1305.59163      -     -    5s
     0     0 1308.14442    0  111          - 1308.14442      -     -    7s
     0     0 1309.86805    0  118          - 1309.86805      -     -    7s
     0     0 1309.98714    0  118          - 1309.98714      -     -    8s
     0     0 1309.99481    0  118          - 1309.99481      -     -    8s
     0     0 1309.99481    0  118          - 1309.99481      -     -    8s
     0     0 1311.70967    0  115          - 1311.70967      -     -   10s
     0     0 1313.36197    0  115          - 1313.36197      -     -   14s
     0     0 1314.08954    0  116          - 1314.08954      -     -   15s
     0     0 1314.27542    0  114          - 1314.27542      -     -   16s
     0     0 1314.28792    0  114          - 1314.28792      -     -   16s
     0     0 1314.29306    0  114          - 1314.29306      -     -   16s
     0     0 1314.29714    0  114          - 1314.29714      -     -   16s
     0     0 1314.97939    0  123          - 1314.97939      -     -   20s
     0     0 1315.24148    0  127          - 1315.24148      -     -   22s
     0     0 1315.24730    0  127          - 1315.24730      -     -   23s
     0     0 1315.68522    0  120          - 1315.68522      -     -   27s
     0     0 1315.96273    0  121          - 1315.96273      -     -   30s
     0     0 1315.98510    0  122          - 1315.98510      -     -   31s
     0     0 1315.98759    0  122          - 1315.98759      -     -   31s
     0     0 1316.17790    0  127          - 1316.17790      -     -   36s
H    0     0                    1333.7079341 1316.22164  1.31%     -   39s
H    0     0                    1333.6598026 1316.22164  1.31%     -   39s
     0     0 1316.22164    0  126 1333.65980 1316.22164  1.31%     -   39s
     0     0 1316.22597    0  126 1333.65980 1316.22597  1.31%     -   39s
     0     0 1316.60744    0  122 1333.65980 1316.60744  1.28%     -   45s
H    0     0                    1329.7087792 1316.66747  0.98%     -   48s
     0     0 1316.66747    0  127 1329.70878 1316.66747  0.98%     -   48s
     0     0 1316.68690    0  128 1329.70878 1316.68690  0.98%     -   49s
     0     0 1316.69328    0  128 1329.70878 1316.69328  0.98%     -   50s
     0     0 1316.76060    0  120 1329.70878 1316.76060  0.97%     -   56s
     0     0 1316.99568    0  120 1329.70878 1316.99568  0.96%     -   61s
     0     2 1316.99568    0  120 1329.70878 1316.99568  0.96%     -   71s
     1     2     cutoff    1      1329.70878 1316.99568  0.96%  6621   76s
     5     8 1326.83132    3  107 1329.70878 1320.08102  0.72%  3326   81s
     9    13 1327.91491    4  113 1329.70878 1320.08678  0.72%  2458   89s
    17    21 1328.11255    5  113 1329.70878 1320.22734  0.71%  3139   99s
    29    31 1328.38002    6  114 1329.70878 1320.29144  0.71%  3132  110s
    41    41 1328.38771    7  109 1329.70878 1320.29144  0.71%  3285  117s
    53    50 1328.45386    8  109 1329.70878 1320.29144  0.71%  2946  125s
    79    80 1328.64291   10  107 1329.70878 1320.29144  0.71%  2346  131s
   118   119 1328.96515   12  104 1329.70878 1320.29144  0.71%  1765  136s
   137   136 1328.97474   13  103 1329.70878 1320.29144  0.71%  1610  140s
   174   166 1329.59189   18   87 1329.70878 1320.29144  0.71%  1467  147s
   190   178 1329.64677   19   84 1329.70878 1320.29144  0.71%  1438  151s
   204   189     cutoff   20      1329.70878 1320.29144  0.71%  1431  156s
   221   202     cutoff   19      1329.70878 1320.29144  0.71%  1437  160s
   238   228 1322.37918   21   90 1329.70878 1320.29144  0.71%  1418  165s
   266   250 1322.57854   22   86 1329.70878 1320.29144  0.71%  1381  171s
   290   267 1322.66398   24   77 1329.70878 1320.29144  0.71%  1365  176s
   320   290 1322.90776   28   69 1329.70878 1320.29144  0.71%  1325  181s
   351   316 1323.47610   33   68 1329.70878 1320.29144  0.71%  1292  189s
   383   329 1327.29628   39   58 1329.70878 1320.29144  0.71%  1274  195s
   406   358 1328.94786   40   58 1329.70878 1320.29144  0.71%  1281  207s
   440   385 1329.43780   44   53 1329.70878 1320.29144  0.71%  1281  215s
   478   420 infeasible   48      1329.70878 1320.29144  0.71%  1249  223s
   521   442 1324.05674   20   86 1329.70878 1320.29144  0.71%  1224  240s
   551   472 1325.13159   23   86 1329.70878 1320.29144  0.71%  1247  247s
   592   526 1325.71664   25   84 1329.70878 1320.29144  0.71%  1237  253s
   651   557 1325.85548   29   80 1329.70878 1320.29144  0.71%  1173  264s
   698   576 1326.57578   33   73 1329.70878 1320.29144  0.71%  1176  277s
H  702   576                    1328.5930604 1320.29144  0.62%  1176  277s
H  704   576                    1326.9961184 1320.29144  0.51%  1178  277s
*  707   576              67    1326.9960948 1320.29144  0.51%  1174  277s
   733   564     cutoff   36      1326.99609 1320.77670  0.47%  1181  295s
   770   577 1321.90081    7  105 1326.99609 1320.77670  0.47%  1206  313s
   787   618 1322.11514    9  103 1326.99609 1320.77670  0.47%  1207  322s
   828   655 1322.61756   12   94 1326.99609 1320.77670  0.47%  1198  330s
   865   710 1323.48556   16   81 1326.99609 1320.77670  0.47%  1191  340s
   921   708 1325.46674   25   75 1326.99609 1320.77670  0.47%  1169  350s
   976   689 1326.01655   30   69 1326.99609 1320.77670  0.47%  1154  360s
  1023   686 1326.51006   35   57 1326.99609 1320.77670  0.47%  1152  374s
  1079   711 1325.70717   33   63 1326.99609 1320.77670  0.47%  1148  391s
  1144   748 1326.48710   37   58 1326.99609 1320.77670  0.47%  1156  412s
  1223   784     cutoff   46      1326.99609 1320.87538  0.46%  1156  428s
  1288   860 1326.98605   31   56 1326.99609 1321.02474  0.45%  1160  446s
  1401   901 1322.82564   10   97 1326.99609 1321.02474  0.45%  1127  465s
  1462   944 1324.02901   16   94 1326.99609 1321.02474  0.45%  1141  490s
  1519   956 1324.32532   23   86 1326.99609 1321.02474  0.45%  1154  572s
H 1522   809                    1326.0863717 1321.02474  0.38%  1153  572s
  1531   853 1324.44785   24   85 1326.08637 1321.02474  0.38%  1153  602s
  1618   922 1325.06565   25   81 1326.08637 1321.02474  0.38%  1172  619s
  1712   978 1325.39518   30   72 1326.08637 1321.02474  0.38%  1160  638s
  1813  1014     cutoff   34      1326.08637 1321.02474  0.38%  1150  661s
  1880  1080 infeasible   25      1326.08637 1321.23947  0.37%  1163  685s
  1974  1168 1322.15455   13   94 1326.08637 1321.23947  0.37%  1164  701s
  2111  1194 1324.31212   22   73 1326.08637 1321.23947  0.37%  1141  725s
  2174  1267 1325.36505   33   62 1326.08637 1321.55357  0.34%  1162  751s
  2307  1306 1323.65698   19   91 1326.08637 1321.55357  0.34%  1157  778s
  2390  1368 1324.48162   24   84 1326.08637 1321.73950  0.33%  1167  810s
H 2524  1332                    1325.9467387 1321.73950  0.32%  1169  866s
  2525  1331 1325.38850   36  120 1325.94674 1321.73950  0.32%  1168  939s
  2527  1332 1325.47934   36   74 1325.94674 1321.73950  0.32%  1167  946s
  2528  1333 1322.13996   20   96 1325.94674 1321.73950  0.32%  1167  950s
  2531  1335 1325.05637   31  111 1325.94674 1321.73950  0.32%  1166  958s
  2532  1336 1324.76195   28  114 1325.94674 1321.73950  0.32%  1165  961s
  2533  1336 1322.86352   22  120 1325.94674 1321.73950  0.32%  1165  966s
  2535  1338 1324.09607   23  124 1325.94674 1321.73950  0.32%  1164  971s
  2537  1339 1322.90211   20  121 1325.94674 1321.73950  0.32%  1163  977s
  2540  1341 1324.61124   31  125 1325.94674 1321.73950  0.32%  1161 1004s
  2541  1342 1325.75442   31  121 1325.94674 1321.73950  0.32%  1161 1007s
  2543  1343 1323.39705   20  120 1325.94674 1321.73950  0.32%  1160 1011s
  2545  1344 1323.51265   15  120 1325.94674 1321.73950  0.32%  1159 1023s
  2546  1345 1324.72529   30  120 1325.94674 1321.73950  0.32%  1159 1052s
  2548  1346 1325.34252   24  126 1325.94674 1321.73950  0.32%  1158 1057s
  2550  1348 1322.99866   17  123 1325.94674 1321.73950  0.32%  1157 1060s
  2553  1350 1324.28946   25  123 1325.94674 1321.73950  0.32%  1155 1074s
  2554  1350 1325.39615   31  124 1325.94674 1321.73950  0.32%  1155 1101s
  2556  1352 1323.59965   22  125 1325.94674 1321.73950  0.32%  1154 1105s
  2557  1352 1324.27640   21  124 1325.94674 1321.73950  0.32%  1154 1117s
  2558  1353 1323.10608   21  124 1325.94674 1321.73950  0.32%  1153 1146s
  2560  1354 1324.04846   23  125 1325.94674 1321.78841  0.31%  1152 1161s
  2561  1355 1323.35987   16  124 1325.94674 1321.80406  0.31%  1152 1190s
  2563  1356 1325.22070   32  119 1325.94674 1321.87516  0.31%  1151 1206s
  2564  1357 1325.28084   19  122 1325.94674 1321.95708  0.30%  1151 1234s
  2565  1358 1324.51018   31  122 1325.94674 1321.95708  0.30%  1150 1262s
  2566  1358 1325.28084   19  122 1325.94674 1321.95708  0.30%  1150 1271s
  2567  1360     cutoff   13      1325.94674 1321.95708  0.30%  1207 1276s
  2569  1361 1321.95708   14  111 1325.94674 1321.95708  0.30%  1208 1280s
  2571  1365 1322.40031   15  114 1325.94674 1321.95708  0.30%  1209 1285s
  2575  1371 1323.03731   16  104 1325.94674 1321.95708  0.30%  1211 1293s
  2583  1377 1323.11014   17  105 1325.94674 1321.95708  0.30%  1217 1300s
  2595  1383 1323.15215   18  100 1325.94674 1321.95708  0.30%  1220 1308s
  2607  1390 1323.18447   18  104 1325.94674 1322.27111  0.28%  1226 1314s
  2619  1396 1323.24397   19  103 1325.94674 1322.27111  0.28%  1228 1319s
  2631  1399 infeasible   19      1325.94674 1322.27111  0.28%  1228 1322s
  2645  1403 1323.31269   20  102 1325.94674 1322.27111  0.28%  1225 1325s
  2658  1404 infeasible   20      1325.94674 1322.27111  0.28%  1225 1330s
  2670  1404 1323.74901   21   98 1325.94674 1322.27111  0.28%  1226 1336s
  2685  1407 1323.82965   21   99 1325.94674 1322.27111  0.28%  1228 1375s
  2699  1404 1324.86019   22   87 1325.94674 1322.27111  0.28%  1256 1387s
  2711  1404 infeasible   22      1325.94674 1322.27111  0.28%  1264 1397s
H 2713  1334                    1325.9467376 1322.27111  0.28%  1264 1397s
  2726  1329 1325.32225   24   86 1325.94674 1322.27111  0.28%  1274 1405s
  2741  1326 1325.32836   25   85 1325.94674 1322.27111  0.28%  1290 1417s
  2755  1322 1325.38255   25   81 1325.94674 1322.27111  0.28%  1299 1427s
  2768  1323 1325.68798   26   84 1325.94674 1322.27111  0.28%  1306 1436s
  2787  1321 1325.76455   26   87 1325.94674 1322.27111  0.28%  1314 1443s
  2809  1318 1325.79107   27   86 1325.94674 1322.27111  0.28%  1317 1454s
  2834  1316 1325.86004   29   82 1325.94674 1322.27111  0.28%  1323 1467s
  2856  1311 1325.91659   30   76 1325.94674 1322.27111  0.28%  1330 1475s
  2880  1304     cutoff   31      1325.94674 1322.27111  0.28%  1336 1487s
  2901  1307 1325.87049   31   79 1325.94674 1322.27111  0.28%  1342 1497s
  2929  1299 1325.87179   33   75 1325.94674 1322.27111  0.28%  1340 1509s
  2968  1296     cutoff   36      1325.94674 1322.35234  0.27%  1341 1520s
  2999  1304 1324.29824   19   95 1325.94674 1322.35234  0.27%  1344 1533s
  3048  1291 1325.92128   26   80 1325.94674 1322.35234  0.27%  1344 1545s
  3085  1277     cutoff   25      1325.94674 1322.35234  0.27%  1352 1562s
  3124  1286     cutoff   23      1325.94674 1322.47867  0.26%  1366 1576s
  3178  1280 1322.86082   21   86 1325.94674 1322.47867  0.26%  1363 1592s
  3216  1278 1323.55925   23   89 1325.94674 1322.47867  0.26%  1369 1610s
  3256  1281     cutoff   27      1325.94674 1322.47867  0.26%  1379 1625s
  3322  1294 1324.12138   26   80 1325.94674 1322.47867  0.26%  1381 1694s
  3391  1297 1325.50971   35   67 1325.94674 1322.47867  0.26%  1409 1714s
  3462  1277     cutoff   46      1325.94674 1322.81192  0.24%  1428 1757s
  3516  1275 1323.73172   19   92 1325.94674 1322.81192  0.24%  1459 1776s
H 3547  1199                    1325.9467367 1322.81192  0.24%  1473 1776s
  3559  1221 1324.58214   21   90 1325.94674 1322.81192  0.24%  1474 1793s
  3617  1209 1325.01014   23   88 1325.94674 1322.81192  0.24%  1480 1800s

Cutting planes:
  Gomory: 8
  Lift-and-project: 2
  Implied bound: 776
  Projected implied bound: 468
  MIR: 1215
  Mixing: 9
  Flow cover: 8201
  Inf proof: 1
  Zero half: 1
  RLT: 84
  Relax-and-lift: 1231

Explored 3642 nodes (5472082 simplex iterations) in 1800.10 seconds (2419.94 work units)
Thread count was 12 (of 16 available processors)

Solution count 7: 1325.95 1326.09 1327 ... 1333.71

Time limit reached
Warning: max constraint violation (2.4881e-06) exceeds tolerance
Best objective 1.325946736702e+03, best bound 1.322811921269e+03, gap 0.2364%

