Solver command line: []

Read LP format model from file C:\Users\mogli\AppData\Local\Temp\tmp_0290mix.pyomo.lp
Reading time = 0.07 seconds
x1: 38656 rows, 28689 columns, 127265 nonzeros
Set parameter TimeLimit to value 600
Set parameter MIPGap to value 5e-05
Set parameter NumericFocus to value 3
Set parameter ScaleFlag to value 0
Set parameter Threads to value 12
Set parameter IntegralityFocus to value 1
Gurobi Optimizer version 11.0.0 build v11.0.0rc2 (win64 - Windows 11+.0 (26100.2))

CPU model: 13th Gen Intel(R) Core(TM) i7-13620H, instruction set [SSE2|AVX|AVX2]
Thread count: 10 physical cores, 16 logical processors, using up to 12 threads

Optimize a model with 38656 rows, 28689 columns and 127265 nonzeros
Model fingerprint: 0xc905c919
Model has 17 SOS constraints
Variable types: 28567 continuous, 122 integer (122 binary)
Coefficient statistics:
  Matrix range     [3e-04, 1e+06]
  Objective range  [3e-02, 4e+05]
  Bounds range     [1e+00, 1e+00]
  RHS range        [3e-04, 1e+05]
Presolve removed 23036 rows and 5632 columns
Presolve time: 0.17s
Presolved: 15620 rows, 23057 columns, 81294 nonzeros
Variable types: 22963 continuous, 94 integer (93 binary)

Root simplex log...

Iteration    Objective       Primal Inf.    Dual Inf.      Time
   19566    3.3785678e+01   3.534529e+03   0.000000e+00      5s
   29787    4.8215654e+01   0.000000e+00   0.000000e+00      8s

Root relaxation: objective 4.821565e+01, 29787 iterations, 7.73 seconds (9.68 work units)

    Nodes    |    Current Node    |     Objective Bounds      |     Work
 Expl Unexpl |  Obj  Depth IntInf | Incumbent    BestBd   Gap | It/Node Time

     0     0   48.21565    0   27          -   48.21565      -     -    8s
H    0     0                      49.1308964   48.21565  1.86%     -    9s
     0     2   48.21565    0   27   49.13090   48.21565  1.86%     -   10s
     1     2 infeasible    1        49.13090   48.21565  1.86% 22847   18s
    13    13   48.21565    5   33   49.13090   48.21565  1.86%  2137   20s
    69    50   48.27685   10   30   49.13090   48.21571  1.86%   823   25s
*  423   308              41      49.1231191   48.21597  1.85%   227   29s
   452   328     cutoff   13        49.12312   48.22011  1.84%   221   30s
*  598   452              63      48.6529909   48.22011  0.89%   201   32s
*  606   452              60      48.5295263   48.22011  0.64%   200   32s
H  676   451                      48.4913447   48.22054  0.56%   194   34s
H  687   451                      48.4261432   48.22054  0.42%   194   34s
   695   456   48.31191   10   30   48.42614   48.22066  0.42%   194   36s
H  896   509                      48.4261099   48.22557  0.41%   202   40s
H  912   509                      48.4258417   48.22557  0.41%   206   40s
*  917   509              49      48.3906967   48.22557  0.34%   206   40s
  1077   513   48.35451   16   13   48.39070   48.23251  0.33%   215   45s
  1338   537 infeasible   17        48.39070   48.24764  0.30%   215   50s
* 1353   537              35      48.3880009   48.24968  0.29%   214   50s
* 1480   553              33      48.3879016   48.26038  0.26%   213   53s
  1632   564   48.35756   21   32   48.38790   48.27182  0.24%   211   55s
  1891   588   48.36327   20   11   48.38790   48.27296  0.24%   210   60s
* 1983   588              46      48.3673595   48.27296  0.20%   209   60s
  2173   533     cutoff   16        48.36736   48.31938  0.10%   210   65s
* 2270   520              44      48.3579797   48.32112  0.08%   210   67s
  2422   434     cutoff   33        48.35798   48.33383  0.05%   216   70s

Cutting planes:
  Cover: 23
  Implied bound: 446

Explored 2970 nodes (608856 simplex iterations) in 72.92 seconds (103.32 work units)
Thread count was 12 (of 16 available processors)

Solution count 10: 48.358 48.3674 48.3879 ... 49.1231

Optimal solution found (tolerance 5.00e-05)
Best objective 4.835797972370e+01, best bound 4.835797972337e+01, gap 0.0000%

