Solver command line: []

Read LP format model from file C:\Users\mogli\AppData\Local\Temp\tmpqlesmcq3.pyomo.lp
Reading time = 0.10 seconds
x1: 38656 rows, 28689 columns, 127265 nonzeros
Set parameter TimeLimit to value 600
Set parameter MIPGap to value 5e-05
Set parameter NumericFocus to value 3
Set parameter ScaleFlag to value 0
Set parameter Threads to value 12
Set parameter IntegralityFocus to value 1
Gurobi Optimizer version 11.0.0 build v11.0.0rc2 (win64 - Windows 11+.0 (26100.2))

CPU model: 13th Gen Intel(R) Core(TM) i7-13620H, instruction set [SSE2|AVX|AVX2]
Thread count: 10 physical cores, 16 logical processors, using up to 12 threads

Optimize a model with 38656 rows, 28689 columns and 127265 nonzeros
Model fingerprint: 0x1887e067
Model has 17 SOS constraints
Variable types: 28567 continuous, 122 integer (122 binary)
Coefficient statistics:
  Matrix range     [3e-04, 1e+06]
  Objective range  [3e-02, 4e+05]
  Bounds range     [1e+00, 1e+00]
  RHS range        [2e-04, 1e+05]
Presolve removed 22760 rows and 5539 columns
Presolve time: 0.19s
Presolved: 15896 rows, 23150 columns, 81621 nonzeros
Variable types: 23038 continuous, 112 integer (112 binary)

Root simplex log...

Iteration    Objective       Primal Inf.    Dual Inf.      Time
   15085    4.7591806e+01   7.754372e+04   0.000000e+00      5s
   18235    4.9736352e+01   0.000000e+00   0.000000e+00      6s

Root relaxation: objective 4.973635e+01, 18235 iterations, 6.05 seconds (6.42 work units)

    Nodes    |    Current Node    |     Objective Bounds      |     Work
 Expl Unexpl |  Obj  Depth IntInf | Incumbent    BestBd   Gap | It/Node Time

     0     0   49.73635    0   49          -   49.73635      -     -    6s
     0     2   49.88295    0   49          -   49.88295      -     -    9s
     3     4 infeasible    2               -   50.53347      -  2977   10s
    23     4   56.12985    7   39          -   53.04533      -   727   19s
    39     6   57.48054   11   32          -   57.48054      -   816   20s
   356   343   61.42869   27   16          -   60.82773      -   198   25s
   600   587   61.53622   38    5          -   60.82773      -   160   30s
*  696   703              57    48062.440096   60.82773   100%   150   31s
*  764   670              53      61.1775572   60.82773  0.57%   141   34s
   860   652   60.95857   16   27   61.17756   60.84367  0.55%   134   35s
  1129   655   61.11626   23   20   61.17756   60.84367  0.55%   144   40s
* 1256   665              52      61.1699345   60.84367  0.53%   142   41s
  1295   657   61.14429   31    6   61.16993   60.84367  0.53%   143   45s
* 1463   661              50      61.1654252   60.90519  0.43%   142   46s
  1673   678   61.14396   25   18   61.16543   60.94813  0.36%   143   50s
  1973   657     cutoff   40        61.16543   60.94945  0.35%   143   55s
* 2200   652              51      61.1492816   60.99450  0.25%   143   58s
  2357   658   61.08772   33    6   61.14928   60.99450  0.25%   141   61s
  2691   657   61.08807   26   16   61.14928   61.03259  0.19%   140   65s
* 2772   657              50      61.1459665   61.03259  0.19%   139   65s
* 2835   652              50      61.1349860   61.03791  0.16%   139   66s
  3168   657   61.10832   34    5   61.13499   61.05339  0.13%   139   71s
  3468   629     cutoff   39        61.13499   61.06279  0.12%   138   76s
  3788   595   61.12548   36    1   61.13499   61.06656  0.11%   137   81s
  4032   588   61.12637   31   11   61.13499   61.07597  0.10%   137   87s
  4244   539   61.12833   38    1   61.13499   61.07926  0.09%   136   90s
* 4482   511              48      61.1349653   61.08551  0.08%   135   92s
  4645   468     cutoff   38        61.13497   61.09018  0.07%   135   96s
  5095   225     cutoff   43        61.13497   61.10695  0.05%   133  103s

Cutting planes:
  Implied bound: 57

Explored 5590 nodes (742502 simplex iterations) in 104.88 seconds (98.78 work units)
Thread count was 12 (of 16 available processors)

Solution count 8: 61.135 61.135 61.146 ... 48062.4

Optimal solution found (tolerance 5.00e-05)
Best objective 6.113496533817e+01, best bound 6.113496533810e+01, gap 0.0000%

