Solver command line: []

Read LP format model from file C:\Users\mogli\AppData\Local\Temp\tmp7hktyax0.pyomo.lp
Reading time = 0.07 seconds
x1: 35264 rows, 24824 columns, 118945 nonzeros
Set parameter TimeLimit to value 600
Set parameter MIPGap to value 5e-05
Set parameter IntegralityFocus to value 1
Set parameter ScaleFlag to value 0
Set parameter MIPFocus to value 2
Set parameter Method to value 1
Gurobi Optimizer version 11.0.0 build v11.0.0rc2 (win64 - Windows 11+.0 (26100.2))

CPU model: 13th Gen Intel(R) Core(TM) i7-13620H, instruction set [SSE2|AVX|AVX2]
Thread count: 10 physical cores, 16 logical processors, using up to 16 threads

Optimize a model with 35264 rows, 24824 columns and 118945 nonzeros
Model fingerprint: 0xd9b53876
Model has 13 SOS constraints
Variable types: 24720 continuous, 104 integer (104 binary)
Coefficient statistics:
  Matrix range     [6e-04, 2e+03]
  Objective range  [3e-02, 1e+03]
  Bounds range     [1e+00, 1e+00]
  RHS range        [1e-05, 1e+03]
Presolve removed 28181 rows and 10277 columns
Presolve time: 0.09s
Presolved: 7083 rows, 14547 columns, 45962 nonzeros
Variable types: 14505 continuous, 42 integer (38 binary)
Root relaxation presolve removed 29 rows and 29 columns
Root relaxation presolved: 7054 rows, 14518 columns, 45871 nonzeros


Root relaxation: infeasible, 10027 iterations, 0.54 seconds (0.70 work units)

    Nodes    |    Current Node    |     Objective Bounds      |     Work
 Expl Unexpl |  Obj  Depth IntInf | Incumbent    BestBd   Gap | It/Node Time

     0     0 infeasible    0               - infeasible      -     -    0s

Explored 1 nodes (7424 simplex iterations) in 0.64 seconds (0.92 work units)
Thread count was 16 (of 16 available processors)

Solution count 0

Model is infeasible or unbounded
Best objective -, best bound -, gap -

