Solver command line: []

Read LP format model from file C:\Users\mogli\AppData\Local\Temp\tmp6d8dd7bj.pyomo.lp
Reading time = 0.29 seconds
x1: 161462 rows, 120404 columns, 491745 nonzeros
Set parameter TimeLimit to value 10800
Set parameter MIPGap to value 5e-05
Set parameter IntegralityFocus to value 1
Set parameter ScaleFlag to value 0
Gurobi Optimizer version 11.0.0 build v11.0.0rc2 (win64 - Windows 11+.0 (26100.2))

CPU model: 13th Gen Intel(R) Core(TM) i7-13620H, instruction set [SSE2|AVX|AVX2]
Thread count: 10 physical cores, 16 logical processors, using up to 16 threads

Optimize a model with 161462 rows, 120404 columns and 491745 nonzeros
Model fingerprint: 0xe7493e47
Model has 87 SOS constraints
Variable types: 120030 continuous, 374 integer (374 binary)
Coefficient statistics:
  Matrix range     [6e-04, 2e+03]
  Objective range  [3e-02, 1e+03]
  Bounds range     [1e+00, 1e+00]
  RHS range        [3e-05, 1e+03]
Presolve removed 108257 rows and 24771 columns
Presolve time: 0.60s
Presolved: 53205 rows, 95633 columns, 308539 nonzeros
Variable types: 95266 continuous, 367 integer (367 binary)
Deterministic concurrent LP optimizer: primal and dual simplex
Showing primal log only...


Root simplex log...

Iteration    Objective       Primal Inf.    Dual Inf.      Time
  172236    1.7799583e+06   7.895901e+02   8.145722e+08      5s
  187871    1.7693947e+06   6.956858e+01   1.119598e+09     10s
  195575    7.0240755e+05   5.005336e+01   6.708789e+08     15s
  201587    7.0219000e+05   3.209437e+01   2.294791e+08     20s
  207581    7.0166642e+05   1.801416e+01   1.907246e+09     25s
  214118    7.0099844e+05   8.788884e+00   8.654851e+07     30s
  220894    7.0099991e+05   2.067372e+00   2.505018e+08     35s
  229515    7.0067297e+05   4.633197e-02   3.312173e+08     40s
  230887    1.0903006e+17   0.000000e+00   1.524390e+09     42s
  232519    1.0900827e+17   0.000000e+00   1.231604e+12     45s
  235162    1.0899843e+17   0.000000e+00   7.963587e+12     50s
  241655    1.0898431e+17   7.200424e+02   4.974356e+10     61s
  245716    1.0898431e+17   7.211218e+02   5.363157e+10     68s
  249777    1.0898431e+17   7.200424e+02   4.974356e+10     74s
  253838   -1.9696769e+39   1.029663e+36   1.969677e+09     80s
  257114   -5.6894347e+38   4.458179e+41   5.689435e+08     85s
  260172   -3.1654614e+38   4.138085e+41   3.165461e+08     90s
  265067   -1.0825686e+37   1.105320e+41   1.082569e+07     95s
  268181   -5.2603495e+34   2.886130e+39   5.260350e+04    100s
  271471   -1.9772533e+33   8.838495e+38   1.977255e+03    105s
  279839   -3.0432821e+08   1.453144e+14   0.000000e+00    110s
  289487   -1.7375897e+08   1.312921e+14   0.000000e+00    115s
  298410   -1.3412248e+07   2.950465e+13   0.000000e+00    120s
  306726   -8.5352617e+06   4.206721e+12   0.000000e+00    125s
  314383   -2.7306649e+06   1.866479e+12   0.000000e+00    130s
  321917   -1.9232810e+06   2.804168e+11   0.000000e+00    135s
  328903   -1.8398465e+06   2.080354e+11   0.000000e+00    140s
  334271   -1.7869179e+06   3.145297e+11   0.000000e+00    145s
  340485   -1.7547689e+06   9.761184e+12   0.000000e+00    150s
  345921   -1.7408262e+06   8.274951e+12   0.000000e+00    155s
  351029   -1.7195034e+06   8.173518e+11   0.000000e+00    160s
Concurrent spin time: 0.00s

Solved with dual simplex

Root simplex log...

Iteration    Objective       Primal Inf.    Dual Inf.      Time
  181563    2.2776453e+03   0.000000e+00   0.000000e+00    161s
Extra simplex iterations after uncrush: 42

Root relaxation: objective 2.277645e+03, 181563 iterations, 160.67 seconds (199.25 work units)

    Nodes    |    Current Node    |     Objective Bounds      |     Work
 Expl Unexpl |  Obj  Depth IntInf | Incumbent    BestBd   Gap | It/Node Time

     0     0 2277.64534    0  198          - 2277.64534      -     -  161s
     0     0 2286.77128    0  228          - 2286.77128      -     -  198s
     0     0 2286.89590    0  229          - 2286.89590      -     -  221s
     0     0 2286.89590    0  229          - 2286.89590      -     -  221s
     0     0 2290.03685    0  232          - 2290.03685      -     -  226s
     0     0 2290.57057    0  235          - 2290.57057      -     -  228s
     0     0 2290.57057    0  235          - 2290.57057      -     -  228s
     0     0 2290.57057    0  236          - 2290.57057      -     -  228s
     0     0 2291.49942    0  241          - 2291.49942      -     -  235s
     0     0 2291.79090    0  240          - 2291.79090      -     -  238s
     0     0 2291.81326    0  241          - 2291.81326      -     -  239s
     0     0 2291.81556    0  241          - 2291.81556      -     -  239s
     0     0 2292.29852    0  244          - 2292.29852      -     -  246s
     0     0 2292.45228    0  242          - 2292.45228      -     -  248s
     0     0 2292.45228    0  243          - 2292.45228      -     -  249s
     0     0 2292.45228    0  243          - 2292.45228      -     -  249s
     0     0 2292.66285    0  243          - 2292.66285      -     -  255s
     0     0 2292.89105    0  244          - 2292.89105      -     -  256s
     0     0 2292.89105    0  244          - 2292.89105      -     -  257s
     0     0 2292.89105    0  242          - 2292.89105      -     -  262s
     0     0 2292.93755    0  243          - 2292.93755      -     -  263s
     0     0 2292.93755    0  243          - 2292.93755      -     -  264s
     0     0 2293.07393    0  241          - 2293.07393      -     -  267s
     0     0 2293.13178    0  242          - 2293.13178      -     -  269s
     0     0 2293.14924    0  242          - 2293.14924      -     -  269s
     0     0 2293.15004    0  242          - 2293.15004      -     -  270s
     0     0 2293.32514    0  242          - 2293.32514      -     -  273s
     0     0 2293.34698    0  244          - 2293.34698      -     -  274s
     0     0 2293.34698    0  244          - 2293.34698      -     -  274s
     0     0 2293.38232    0  244          - 2293.38232      -     -  276s
     0     0 2293.39804    0  244          - 2293.39804      -     -  277s
     0     0 2293.62551    0  242          - 2293.62551      -     -  279s
     0     0 2293.76058    0  242          - 2293.76058      -     -  280s
     0     0 2293.76058    0  242          - 2293.76058      -     -  280s
     0     0 2293.76058    0  243          - 2293.76058      -     -  282s
     0     0 2293.77894    0  243          - 2293.77894      -     -  283s
     0     0 2293.77894    0  243          - 2293.77894      -     -  285s
     0     0 2293.77894    0  243          - 2293.77894      -     -  286s
     0     0 2293.77894    0  243          - 2293.77894      -     -  287s
     0     0 2293.77894    0  243          - 2293.77894      -     -  290s
     0     2 2293.77894    0  243          - 2293.77894      -     -  335s
     3     8 2296.20590    2  242          - 2295.99537      -  1004  340s
     7    16 2296.72033    3  239          - 2296.72033      -  1585  345s
    15    26 2296.82180    4  236          - 2296.75435      -  1441  350s
    25    36 2296.90576    5  233          - 2296.83020      -  1275  356s
    35    46 2297.23618    6  232          - 2296.83020      -  1277  360s
    45    56 2299.64796    6  232          - 2296.83020      -  1205  365s
    55    62 2302.19332    7  228          - 2296.83020      -  1211  374s
    65    72 2299.67971    7  231          - 2296.83020      -  1287  377s
    75    82 2311.04155    8  229          - 2296.83020      -  1213  382s
    85    92 2312.21379    9  224          - 2296.83020      -  1198  387s
    95   102 2312.98543   10  222          - 2296.83020      -  1199  392s
   105   110 2315.18258   11  221          - 2296.83020      -  1224  442s
   115   120 2317.26027   11  221          - 2296.83020      -  1912  447s
   125   134 2315.40085   12  218          - 2296.83020      -  1881  452s
   139   150 2317.41293   13  215          - 2296.83020      -  1775  460s
   155   166 2317.67643   14  214          - 2296.83020      -  1672  466s
   171   180 2318.45169   16  208          - 2296.83020      -  1602  472s
   185   197 2325.59280   16  203          - 2296.83020      -  1597  478s
   202   224 2325.82303   18  203          - 2296.83020      -  1594  488s
   229   263 2326.54064   20  197          - 2296.83020      -  1587  494s
   270   305 2327.71542   24  195          - 2296.83020      -  1449  501s
   312   321 2328.03322   28  186          - 2296.83020      -  1365  553s
   336   349 infeasible   29               - 2296.83020      -  1781  604s
   376   370 2328.48815   29  183          - 2296.83020      -  1891  625s
   401   382 2331.50691   31  181          - 2296.83020      -  2030  666s
   419   422 2331.90024   32  180          - 2296.83020      -  2359  954s
   473   459 2334.35008   34  176          - 2296.83020      -  2652  985s
   532   492 2335.01834   41  163          - 2296.83020      -  2575 1102s
   585   550 infeasible   48               - 2296.83020      -  2792 1123s
   663   623 2337.58651   47  157          - 2296.83020      -  2553 1191s
   748   678 infeasible   57               - 2296.83020      -  2663 1260s
   819   753 infeasible   57               - 2296.83020      -  2657 1292s
   924   863 2339.71751   60  138          - 2296.83020      -  2558 1328s
  1058   906 2340.81152   75  101          - 2296.83020      -  2373 1371s
  1133   989 2342.23473   79   98          - 2296.83020      -  2440 1419s
  1254  1101 infeasible   82               - 2296.83020      -  2355 1478s
* 1365  1038             125    2348.1380193 2296.83020  2.19%  2262 1478s
  1401  1083 infeasible   92      2348.13802 2296.83020  2.19%  2233 1511s
* 1468  1081             128    2347.9886855 2296.83020  2.18%  2229 1511s
  1528  1114 2347.69902   94   70 2347.98869 2296.83020  2.18%  2193 1563s
  1603  1187 2347.70078   96   69 2347.98869 2296.93326  2.17%  2270 1594s
  1711  1352 2314.91881    6  226 2347.98869 2296.93326  2.17%  2244 1636s
  1892  1499 2331.06420   16  199 2347.98869 2296.93326  2.17%  2156 1689s
  2064  1628 2335.07024   32  172 2347.98869 2296.93326  2.17%  2084 1868s
H 2206  1247                    2341.2947386 2296.93326  1.89%  2132 2086s
  2207  1227 2317.34484   13  243 2341.29474 2296.93326  1.89%  2131 2207s
  2209  1228 2328.48942   25  194 2341.29474 2296.93326  1.89%  2129 2307s
  2210  1229 2339.31772   73  215 2341.29474 2296.93326  1.89%  2128 2346s
  2211  1230 2314.28666   13  231 2341.29474 2297.57675  1.87%  2127 2354s
  2212  1230 2334.26864   23  241 2341.29474 2298.61645  1.82%  2126 2361s
  2213  1231 2298.81808    5  239 2341.29474 2298.81808  1.81%  2126 2367s
  2215  1232 2335.37257   49  238 2341.29474 2298.92833  1.81%  2124 2370s
  2217  1234 2339.50181   52  241 2341.29474 2302.25384  1.67%  2122 2382s
  2218  1234 2340.23895   72  246 2341.29474 2302.25384  1.67%  2121 2389s
  2219  1235 2334.01998   30  246 2341.29474 2302.25384  1.67%  2120 2391s
  2221  1236 2337.29206   63  245 2341.29474 2302.51727  1.66%  2118 2424s
  2222  1237 2337.62467   66  247 2341.29474 2302.74331  1.65%  2117 2429s
  2223  1238 2340.44423   39  246 2341.29474 2302.79037  1.64%  2116 2431s
  2225  1239 2315.49311    9  247 2341.29474 2303.45957  1.62%  2114 2457s
  2226  1240 2340.29029   52  249 2341.29474 2303.51390  1.61%  2113 2461s
  2228  1241 2340.00151   60  245 2341.29474 2303.98406  1.59%  2111 2475s
  2230  1242 2321.85094   12  250 2341.29474 2303.98741  1.59%  2109 2482s
  2231  1243 2334.57612   18  249 2341.29474 2304.27217  1.58%  2108 2492s
  2233  1244 2338.84900   48  250 2341.29474 2304.27217  1.58%  2106 2496s
  2234  1245 2339.71333   28  249 2341.29474 2304.30805  1.58%  2106 2514s
  2235  1246 2337.13037   32  246 2341.29474 2304.30805  1.58%  2105 2516s
  2237  1247 2314.66030   12  246 2341.29474 2304.34929  1.58%  2103 2520s
  2239  1248 2335.71478   38  248 2341.29474 2304.55500  1.57%  2101 2530s
  2242  1250 2328.91573   35  249 2341.29474 2304.55500  1.57%  2098 2540s
  2244  1252 2304.62861    6  246 2341.29474 2304.62861  1.57%  2096 2549s
  2245  1252 2336.66956   29  246 2341.29474 2304.62861  1.57%  2095 2637s
  2246  1253 2327.50601   27  246 2341.29474 2304.62861  1.57%  2094 2646s
  2247  1257 2310.21279   11  239 2341.29474 2304.62861  1.57%  2236 2656s
  2249  1260 2315.69918   12  229 2341.29474 2310.22303  1.33%  2236 2672s
  2253  1267 2321.44269   13  227 2341.29474 2312.35116  1.24%  2238 2697s
  2261  1274 2321.78256   14  236 2341.29474 2313.75247  1.18%  2245 2730s
  2271  1281 2323.40247   15  231 2341.29474 2313.75247  1.18%  2261 2746s
  2281  1287 2328.77980   15  231 2341.29474 2315.72407  1.09%  2277 2760s
  2291  1294 2325.20075   16  227 2341.29474 2315.72905  1.09%  2284 2769s
  2301  1302 2325.81571   16  226 2341.29474 2317.71932  1.01%  2284 2776s
  2312  1309 2325.22783   17  228 2341.29474 2317.71932  1.01%  2278 2888s
  2327  1320 2325.25259   18  227 2341.29474 2317.78871  1.00%  2308 2897s
  2343  1330 2327.02536   19  225 2341.29474 2317.78871  1.00%  2302 2912s
  2358  1343 2326.19323   20  221 2341.29474 2317.78871  1.00%  2302 2924s
  2377  1354 2326.91588   21  218 2341.29474 2317.78871  1.00%  2297 2936s
  2396  1365 2327.26870   22  219 2341.29474 2317.78871  1.00%  2291 2948s
  2413  1376 2328.04393   23  220 2341.29474 2317.78871  1.00%  2290 2960s
  2431  1388 2327.30841   23  216 2341.29474 2317.78871  1.00%  2287 2971s
  2450  1402 2330.81320   25  214 2341.29474 2317.78871  1.00%  2280 2982s
  2475  1411 2332.22189   27  210 2341.29474 2317.78871  1.00%  2269 2995s
  2492  1423 2328.48548   28  209 2341.29474 2317.78871  1.00%  2267 3007s
  2514  1428 2335.32218   29  203 2341.29474 2317.78871  1.00%  2264 3028s
  2532  1439 2328.94153   30  207 2341.29474 2317.78871  1.00%  2280 3041s
  2556  1455 2329.05459   31  199 2341.29474 2317.78871  1.00%  2273 3054s
  2588  1466 2339.66129   32  197 2341.29474 2317.78871  1.00%  2260 3068s
  2616  1478 infeasible   32      2341.29474 2317.78871  1.00%  2277 3091s
  2643  1498 2339.93983   33  195 2341.29474 2317.78871  1.00%  2267 3108s
  2682  1501     cutoff   34      2341.29474 2317.78871  1.00%  2248 3129s
  2714  1526 infeasible   34      2341.29474 2317.79754  1.00%  2248 3157s
  2756  1535 2330.91453   18  224 2341.29474 2317.79754  1.00%  2237 3199s
  2794  1550 infeasible   19      2341.29474 2317.79754  1.00%  2248 3222s
  2835  1579 2337.67573   19  220 2341.29474 2317.79754  1.00%  2239 3243s
  2881  1612 2338.76579   20  216 2341.29474 2317.79754  1.00%  2221 3281s
  2938  1624 2339.28864   21  210 2341.29474 2317.79754  1.00%  2204 3342s
  3002  1644     cutoff   24      2341.29474 2318.11672  0.99%  2210 3374s
  3068  1714 2327.15501   18  223 2341.29474 2318.15448  0.99%  2200 3623s
  3180  1750 2329.24097   20  216 2341.29474 2318.15448  0.99%  2258 3677s
  3274  1755 2329.26421   21  213 2341.29474 2318.15448  0.99%  2251 3723s
  3331  1841 2330.32662   30  186 2341.29474 2318.15448  0.99%  2256 3764s
  3467  1916 2332.26724   43  159 2341.29474 2318.15448  0.99%  2228 3799s
  3621  1960 2334.79718   57  126 2341.29474 2318.15448  0.99%  2184 3831s
  3737  2009 infeasible   61      2341.29474 2318.15448  0.99%  2157 3880s
  3853  2039 infeasible   61      2341.29474 2318.15448  0.99%  2138 3916s
  3974  2026  postponed   64      2341.29474 2318.15448  0.99%  2134 3979s
  4053  2117 infeasible   65      2341.29474 2318.15448  0.99%  2141 4016s
  4195  2170 infeasible   68      2341.29474 2318.15448  0.99%  2112 4056s
  4365  2165 infeasible   69      2341.29474 2318.15448  0.99%  2079 4116s
  4454  2223 infeasible   69      2341.29474 2318.15448  0.99%  2099 4166s
  4579  2326 infeasible   70      2341.29474 2318.15448  0.99%  2107 4331s
  4759  2404 infeasible   70      2341.29474 2318.15448  0.99%  2102 4380s
  4945  2476 2338.87432   86   57 2341.29474 2318.15448  0.99%  2093 4460s
  5116  2527 infeasible   94      2341.29474 2318.15448  0.99%  2081 4534s
  5316  2586 infeasible   97      2341.29474 2322.57094  0.80%  2078 4592s
  5489  2629 2335.10980   18  218 2341.29474 2322.57094  0.80%  2062 4650s
  5712  2667 2341.17958   31  197 2341.29474 2322.58534  0.80%  2042 4753s
  5907  2709 2335.05253   47  137 2341.29474 2322.90190  0.79%  2029 4815s
  6091  2854 2336.05259   21  219 2341.29474 2323.76773  0.75%  2029 4878s
  6341  3035     cutoff   48      2341.29474 2324.72685  0.71%  2004 4961s
  6618  3277 2339.05606   35  195 2341.29474 2325.20075  0.69%  1980 5040s
* 6767  3271             128    2341.2490089 2325.20075  0.69%  1963 5040s
  6956  3497 infeasible   50      2341.24901 2325.67944  0.67%  1952 5125s
  7267  3741 2331.33258   30  197 2341.24901 2325.67944  0.67%  1928 5307s
  7579  3913 infeasible   50      2341.24901 2325.67944  0.67%  1954 5586s
  7857  4015  postponed   50      2341.24901 2325.67944  0.67%  1970 5878s
  8081  4168 infeasible   51      2341.24901 2325.67944  0.67%  2000 6057s
  8323  4289  postponed   51      2341.24901 2325.67944  0.67%  2037 6282s
  8526  4484 infeasible   52      2341.24901 2325.67944  0.67%  2076 6494s
  8816  4805 infeasible   52      2341.24901 2327.69017  0.58%  2079 6632s
  9248  4947 2337.51300   34  192 2341.24901 2327.69017  0.58%  2047 6771s
  9478  5156 2341.23749   51  135 2341.24901 2327.98405  0.57%  2044 6963s
  9811  5442 2341.13884   20  216 2341.24901 2328.30904  0.55%  2045 7147s
 10193  5480 2340.73386   65  118 2341.24901 2328.30904  0.55%  2050 7391s
H10196  3900                    2339.0343174 2328.30904  0.46%  2049 7391s
 10244  4170     cutoff   66      2339.03432 2328.53301  0.45%  2051 7610s
 10688  4502 2329.29766   25  196 2339.03432 2328.79539  0.44%  2040 7810s
 11113  4850 2338.10156   34  193 2339.03432 2328.83632  0.44%  2036 8033s
 11609  5184 2337.31680   52  155 2339.03432 2328.83866  0.44%  2016 8238s
 12084  5598 2337.42220   49  152 2339.03432 2329.01017  0.43%  2010 8490s
 12648  5958 2337.04128   48  148 2339.03432 2329.26329  0.42%  1997 8805s
 13216  6379 2332.19783   32  166 2339.03432 2329.36289  0.41%  2015 9227s
*13764  6367             110    2339.0254483 2329.44043  0.41%  2021 9228s
 13799  6642 2330.23617   23  200 2339.02545 2329.45214  0.41%  2020 9522s
 14381  7120     cutoff   46      2339.02545 2329.52446  0.41%  2026 10800s

Cutting planes:
  Gomory: 22
  Cover: 28
  Implied bound: 4869
  Projected implied bound: 95
  MIR: 4363
  Mixing: 16
  Flow cover: 12362
  Inf proof: 7
  RLT: 131
  Relax-and-lift: 1652

Explored 15036 nodes (30596396 simplex iterations) in 10800.57 seconds (14700.94 work units)
Thread count was 16 (of 16 available processors)

Solution count 6: 2339.03 2339.03 2341.25 ... 2348.14

Time limit reached
Best objective 2.339025448265e+03, best bound 2.329626362311e+03, gap 0.4018%

