Solver command line: []

Read LP format model from file C:\Users\mogli\AppData\Local\Temp\tmpqvy5d_br.pyomo.lp
Reading time = 0.14 seconds
x1: 39449 rows, 29252 columns, 129414 nonzeros
Set parameter TimeLimit to value 3600
Set parameter MIPGap to value 5e-05
Set parameter NumericFocus to value 3
Set parameter ScaleFlag to value 0
Set parameter Threads to value 12
Set parameter IntegralityFocus to value 1
Gurobi Optimizer version 11.0.0 build v11.0.0rc2 (win64 - Windows 11+.0 (26100.2))

CPU model: 13th Gen Intel(R) Core(TM) i7-13620H, instruction set [SSE2|AVX|AVX2]
Thread count: 10 physical cores, 16 logical processors, using up to 12 threads

Optimize a model with 39449 rows, 29252 columns and 129414 nonzeros
Model fingerprint: 0xdec6ddb4
Model has 17 SOS constraints
Variable types: 29122 continuous, 130 integer (130 binary)
Coefficient statistics:
  Matrix range     [3e-04, 1e+06]
  Objective range  [3e-02, 4e+05]
  Bounds range     [1e+00, 1e+00]
  RHS range        [1e-03, 1e+05]
Presolve removed 23825 rows and 6153 columns
Presolve time: 0.24s
Presolved: 15624 rows, 23099 columns, 80967 nonzeros
Variable types: 23007 continuous, 92 integer (92 binary)

Root simplex log...

Iteration    Objective       Primal Inf.    Dual Inf.      Time
   13776    8.7061325e+01   9.258484e+03   0.000000e+00      5s
   18407    8.9986603e+01   0.000000e+00   0.000000e+00      7s

Root relaxation: objective 8.998660e+01, 18407 iterations, 6.54 seconds (3.86 work units)

    Nodes    |    Current Node    |     Objective Bounds      |     Work
 Expl Unexpl |  Obj  Depth IntInf | Incumbent    BestBd   Gap | It/Node Time

     0     0   89.98660    0   34          -   89.98660      -     -    7s
H    0     0                      93.0656344   89.98660  3.31%     -    8s
     0     1   89.98660    0   31   93.06563   89.98660  3.31%     -    9s
     3     4   89.99071    3   44   93.06563   89.99071  3.30%   397   10s
H   29    38                      91.4964768   90.00363  1.63%   358   13s
H   30    38                      91.3838093   90.01592  1.50%   360   13s
H   31    38                      91.3494641   90.01592  1.46%   360   13s
H   34    38                      91.3308225   90.01592  1.44%   383   13s
H   35    38                      91.2964773   90.01592  1.40%   381   13s
    88   104   90.05089   12   34   91.29648   90.02152  1.40%   199   15s
   517   421   90.15212    9   33   91.29648   90.02440  1.39%   112   20s
*  683   531              69      90.6751355   90.02440  0.72%   106   21s
H  705   529                      90.6177295   90.02440  0.65%   104   23s
H  707   529                      90.5863530   90.02440  0.62%   105   23s
*  713   529              65      90.5558107   90.02440  0.59%   106   23s
   807   577   90.20756   28   21   90.55581   90.02440  0.59%   108   25s
* 1303   661              40      90.5360487   90.02440  0.57%   106   29s
  1305   658     cutoff   37        90.53605   90.05303  0.53%   106   31s
  1748   687   90.35269   14   26   90.53605   90.09514  0.49%  98.3   35s
  2385   812   90.52227   33    6   90.53605   90.10002  0.48%  93.8   40s
  2888   985   90.38355   18   20   90.53605   90.10961  0.47%  96.5   45s
  3448  1084   90.33814   17   35   90.53605   90.14173  0.44%  96.6   51s
  3774  1185   90.46399   18   33   90.53605   90.14683  0.43%  98.6   55s
H 4296  1120                      90.5102191   90.17592  0.37%   100   61s
  4297  1119   90.36420   12   34   90.51022   90.17592  0.37%   100   66s
  4299  1120   90.25087   18   33   90.51022   90.17592  0.37%   100   73s
  4301  1125   90.17592   14   33   90.51022   90.17592  0.37%   103   75s
  4566  1065   90.45730   28   27   90.51022   90.21363  0.33%   104   80s
  5199   824   90.50457   49    1   90.51022   90.48568  0.03%   101   85s
* 5215   762              47      90.5102179   90.50181  0.01%   101   85s

Cutting planes:
  Cover: 2
  Implied bound: 6

Explored 5235 nodes (547110 simplex iterations) in 85.27 seconds (60.44 work units)
Thread count was 12 (of 16 available processors)

Solution count 10: 90.5102 90.536 90.5558 ... 91.3838

Optimal solution found (tolerance 5.00e-05)
Best objective 9.051021790321e+01, best bound 9.051021790295e+01, gap 0.0000%

