Solver command line: []

Read LP format model from file C:\Users\mogli\AppData\Local\Temp\tmph80c260k.pyomo.lp
Reading time = 0.08 seconds
x1: 39449 rows, 29252 columns, 129414 nonzeros
Set parameter TimeLimit to value 3600
Set parameter MIPGap to value 5e-05
Set parameter NumericFocus to value 3
Set parameter ScaleFlag to value 0
Set parameter Threads to value 12
Set parameter IntegralityFocus to value 1
Gurobi Optimizer version 11.0.0 build v11.0.0rc2 (win64 - Windows 11+.0 (26100.2))

CPU model: 13th Gen Intel(R) Core(TM) i7-13620H, instruction set [SSE2|AVX|AVX2]
Thread count: 10 physical cores, 16 logical processors, using up to 12 threads

Optimize a model with 39449 rows, 29252 columns and 129414 nonzeros
Model fingerprint: 0xeb91866c
Model has 17 SOS constraints
Variable types: 29122 continuous, 130 integer (130 binary)
Coefficient statistics:
  Matrix range     [3e-04, 1e+06]
  Objective range  [3e-02, 4e+05]
  Bounds range     [1e+00, 1e+00]
  RHS range        [4e-04, 5e+05]
Presolve removed 23829 rows and 6195 columns
Presolve time: 0.18s
Presolved: 15620 rows, 23057 columns, 81301 nonzeros
Variable types: 22963 continuous, 94 integer (94 binary)

Root simplex log...

Iteration    Objective       Primal Inf.    Dual Inf.      Time
   21186    9.9797102e+01   1.170524e+04   0.000000e+00      5s
   27263    1.0702010e+02   0.000000e+00   0.000000e+00      7s

Root relaxation: objective 1.070201e+02, 27263 iterations, 6.54 seconds (7.82 work units)

    Nodes    |    Current Node    |     Objective Bounds      |     Work
 Expl Unexpl |  Obj  Depth IntInf | Incumbent    BestBd   Gap | It/Node Time

     0     0  107.02010    0   21          -  107.02010      -     -    7s
H    0     0                    1661.9644103  107.02010  93.6%     -    7s
     0     2  107.02010    0   25 1661.96441  107.02010  93.6%     -    8s
    15    16  107.02011    4   29 1661.96441  107.02011  93.6%   459   10s
H   97    90                    1007.0268276  107.02011  89.4%   398   14s
H   99    90                     406.7390054  107.02011  73.7%   392   14s
H  103    90                     107.3050701  107.02011  0.27%   388   14s
   109   100  107.12474   13   25  107.30507  107.02011  0.27%   375   15s
   284   169     cutoff   12       107.30507  107.02011  0.27%   322   20s
   444   102  107.10030   12   23  107.30507  107.03185  0.25%   336   25s
*  562    48              23     107.3026720  107.07539  0.21%   333   28s

Cutting planes:
  Cover: 23
  Implied bound: 341

Explored 616 nodes (227595 simplex iterations) in 29.65 seconds (32.03 work units)
Thread count was 12 (of 16 available processors)

Solution count 4: 107.303 406.739 1007.03 1661.96 

Optimal solution found (tolerance 5.00e-05)
Best objective 1.073026719585e+02, best bound 1.073026719582e+02, gap 0.0000%

