Solver command line: []

Read LP format model from file C:\Users\mogli\AppData\Local\Temp\tmp4ngbki45.pyomo.lp
Reading time = 0.13 seconds
x1: 39449 rows, 29252 columns, 129414 nonzeros
Set parameter TimeLimit to value 3600
Set parameter MIPGap to value 5e-05
Set parameter NumericFocus to value 3
Set parameter ScaleFlag to value 0
Set parameter Threads to value 12
Set parameter IntegralityFocus to value 1
Gurobi Optimizer version 11.0.0 build v11.0.0rc2 (win64 - Windows 11+.0 (26100.2))

CPU model: 13th Gen Intel(R) Core(TM) i7-13620H, instruction set [SSE2|AVX|AVX2]
Thread count: 10 physical cores, 16 logical processors, using up to 12 threads

Optimize a model with 39449 rows, 29252 columns and 129414 nonzeros
Model fingerprint: 0xd673af0a
Model has 17 SOS constraints
Variable types: 29122 continuous, 130 integer (130 binary)
Coefficient statistics:
  Matrix range     [3e-04, 1e+06]
  Objective range  [3e-02, 4e+05]
  Bounds range     [1e+00, 1e+00]
  RHS range        [7e-04, 1e+05]
Presolve removed 23825 rows and 6153 columns
Presolve time: 0.29s
Presolved: 15624 rows, 23099 columns, 80967 nonzeros
Variable types: 23007 continuous, 92 integer (92 binary)

Root simplex log...

Iteration    Objective       Primal Inf.    Dual Inf.      Time
   13344    7.3275399e+01   3.697661e+02   0.000000e+00      5s
   18407    7.6497765e+01   0.000000e+00   0.000000e+00      8s

Root relaxation: objective 7.649776e+01, 18407 iterations, 7.33 seconds (3.86 work units)

    Nodes    |    Current Node    |     Objective Bounds      |     Work
 Expl Unexpl |  Obj  Depth IntInf | Incumbent    BestBd   Gap | It/Node Time

     0     0   76.49776    0   34          -   76.49776      -     -    8s
H    0     0                      79.5767964   76.49776  3.87%     -    9s
     0     1   76.49776    0   31   79.57680   76.49776  3.87%     -   10s
H   29    40                      78.0076388   76.51479  1.91%   308   14s
H   30    40                      77.8722773   76.52709  1.73%   309   14s
H   33    40                      77.8647254   76.52709  1.72%   326   14s
H   34    40                      77.8419845   76.52709  1.69%   332   14s
H   35    40                      77.8291147   76.52709  1.67%   332   14s
H   39    40                      77.8200896   76.52709  1.66%   342   14s
    65    86   76.53263   10   34   77.82009   76.53263  1.65%   255   15s
   512   414   76.97471   23   18   77.82009   76.53268  1.65%   104   20s
*  683   557              69      77.1395796   76.53268  0.79%  91.5   20s
*  704   557              68      77.0548502   76.53268  0.68%  90.7   20s
H  780   564                      77.0261452   76.53939  0.63%  89.3   22s
  1103   668   76.60858    9   31   77.02615   76.56419  0.60%  82.7   25s
  1791   773   76.95033   33   12   77.02615   76.59632  0.56%  76.0   30s
  2144   940   76.86923   17   28   77.02615   76.61021  0.54%  78.5   35s
  2841  1199   76.88808   23   19   77.02615   76.62686  0.52%  78.8   40s
H 3087  1240                      77.0213811   76.63477  0.50%  79.8   44s
  3088  1241   76.93159   28   34   77.02138   76.63477  0.50%  79.8   51s
  3090  1242   76.85845   17   33   77.02138   76.63477  0.50%  79.7   59s
  3091  1243   76.68673   20   33   77.02138   76.63477  0.50%  79.7   60s
  3250  1212   76.93209   28   29   77.02138   76.72486  0.38%  86.2   65s
* 3657  1018              52      77.0213671   76.87875  0.19%  82.7   68s

Cutting planes:
  Cover: 2
  Implied bound: 17

Explored 3780 nodes (327973 simplex iterations) in 69.36 seconds (50.06 work units)
Thread count was 12 (of 16 available processors)

Solution count 10: 77.0214 77.0261 77.0549 ... 78.0076

Optimal solution found (tolerance 5.00e-05)
Best objective 7.702136710347e+01, best bound 7.702136710315e+01, gap 0.0000%

