Solver command line: []

Read LP format model from file C:\Users\mogli\AppData\Local\Temp\tmp1wk05fa9.pyomo.lp
Reading time = 0.08 seconds
x1: 39449 rows, 29252 columns, 129414 nonzeros
Set parameter TimeLimit to value 3600
Set parameter MIPGap to value 5e-05
Set parameter NumericFocus to value 3
Set parameter ScaleFlag to value 0
Set parameter Threads to value 12
Set parameter IntegralityFocus to value 1
Gurobi Optimizer version 11.0.0 build v11.0.0rc2 (win64 - Windows 11+.0 (26100.2))

CPU model: 13th Gen Intel(R) Core(TM) i7-13620H, instruction set [SSE2|AVX|AVX2]
Thread count: 10 physical cores, 16 logical processors, using up to 12 threads

Optimize a model with 39449 rows, 29252 columns and 129414 nonzeros
Model fingerprint: 0x413642bc
Model has 17 SOS constraints
Variable types: 29122 continuous, 130 integer (130 binary)
Coefficient statistics:
  Matrix range     [3e-04, 1e+06]
  Objective range  [3e-02, 4e+05]
  Bounds range     [1e+00, 1e+00]
  RHS range        [3e-04, 5e+05]
Presolve removed 23829 rows and 6195 columns
Presolve time: 0.17s
Presolved: 15620 rows, 23057 columns, 81301 nonzeros
Variable types: 22963 continuous, 94 integer (94 binary)

Root simplex log...

Iteration    Objective       Primal Inf.    Dual Inf.      Time
   20387    6.3156812e+01   2.182595e+01   0.000000e+00      5s
   23638    6.3762793e+01   0.000000e+00   0.000000e+00      6s

Root relaxation: objective 6.376279e+01, 23638 iterations, 5.46 seconds (6.27 work units)

    Nodes    |    Current Node    |     Objective Bounds      |     Work
 Expl Unexpl |  Obj  Depth IntInf | Incumbent    BestBd   Gap | It/Node Time

     0     0   63.76279    0   23          -   63.76279      -     -    6s
H    0     0                    2289.9825533   63.76279  97.2%     -    6s
H    0     2                      63.8200476   63.76279  0.09%     -    7s
     0     2   63.76279    0   20   63.82005   63.76279  0.09%     -    7s
    51    27 infeasible    6        63.82005   63.76570  0.09%   503   10s
   159    20 infeasible   12        63.82005   63.76652  0.08%   518   15s
*  208     9              16      63.8193622   63.77029  0.08%   515   16s

Cutting planes:
  Cover: 4
  Implied bound: 288

Explored 237 nodes (147632 simplex iterations) in 17.40 seconds (20.74 work units)
Thread count was 12 (of 16 available processors)

Solution count 2: 63.8194 2289.98 

Optimal solution found (tolerance 5.00e-05)
Best objective 6.381936215271e+01, best bound 6.381936215248e+01, gap 0.0000%

