Solver command line: []

Read LP format model from file C:\Users\mogli\AppData\Local\Temp\tmps34t24km.pyomo.lp
Reading time = 0.08 seconds
x1: 40518 rows, 28638 columns, 135317 nonzeros
Set parameter TimeLimit to value 600
Set parameter MIPGap to value 5e-05
Set parameter IntegralityFocus to value 1
Set parameter ScaleFlag to value 0
Set parameter MIPFocus to value 2
Set parameter Method to value 1
Gurobi Optimizer version 11.0.0 build v11.0.0rc2 (win64 - Windows 11+.0 (26100.2))

CPU model: 13th Gen Intel(R) Core(TM) i7-13620H, instruction set [SSE2|AVX|AVX2]
Thread count: 10 physical cores, 16 logical processors, using up to 16 threads

Optimize a model with 40518 rows, 28638 columns and 135317 nonzeros
Model fingerprint: 0xa285ecfc
Model has 15 SOS constraints
Variable types: 28518 continuous, 120 integer (120 binary)
Coefficient statistics:
  Matrix range     [4e-04, 2e+03]
  Objective range  [3e-02, 1e+03]
  Bounds range     [1e+00, 1e+00]
  RHS range        [2e-05, 1e+03]
Presolve removed 32429 rows and 11835 columns
Presolve time: 0.12s
Presolved: 8089 rows, 16803 columns, 52658 nonzeros
Variable types: 16754 continuous, 49 integer (43 binary)
Root relaxation presolve removed 34 rows and 34 columns
Root relaxation presolved: 8055 rows, 16769 columns, 52560 nonzeros

Warning: very big Kappa = 1.01186e+17, try parameter NumericFocus

Root relaxation: infeasible, 8877 iterations, 0.38 seconds (0.39 work units)

    Nodes    |    Current Node    |     Objective Bounds      |     Work
 Expl Unexpl |  Obj  Depth IntInf | Incumbent    BestBd   Gap | It/Node Time

     0     0 infeasible    0               - infeasible      -     -    0s

Explored 1 nodes (9655 simplex iterations) in 0.51 seconds (0.68 work units)
Thread count was 16 (of 16 available processors)

Solution count 0

Model is infeasible or unbounded
Best objective -, best bound -, gap -

