Solver command line: []

Read LP format model from file C:\Users\mogli\AppData\Local\Temp\tmpa7xkcdyo.pyomo.lp
Reading time = 0.10 seconds
x1: 39449 rows, 29252 columns, 129432 nonzeros
Set parameter TimeLimit to value 3600
Set parameter MIPGap to value 5e-05
Set parameter NumericFocus to value 3
Set parameter ScaleFlag to value 0
Set parameter Threads to value 12
Set parameter IntegralityFocus to value 1
Gurobi Optimizer version 11.0.0 build v11.0.0rc2 (win64 - Windows 11+.0 (26100.2))

CPU model: 13th Gen Intel(R) Core(TM) i7-13620H, instruction set [SSE2|AVX|AVX2]
Thread count: 10 physical cores, 16 logical processors, using up to 12 threads

Optimize a model with 39449 rows, 29252 columns and 129432 nonzeros
Model fingerprint: 0x81847ee2
Model has 17 SOS constraints
Variable types: 29122 continuous, 130 integer (130 binary)
Coefficient statistics:
  Matrix range     [3e-04, 1e+06]
  Objective range  [3e-02, 4e+05]
  Bounds range     [1e+00, 1e+00]
  RHS range        [7e-04, 1e+05]
Presolve removed 23609 rows and 5541 columns
Presolve time: 0.19s
Presolved: 15840 rows, 23711 columns, 82191 nonzeros
Variable types: 23619 continuous, 92 integer (92 binary)

Root simplex log...

Iteration    Objective       Primal Inf.    Dual Inf.      Time
   17567    7.6030044e+01   1.809045e+04   0.000000e+00      5s
   17971    7.6099495e+01   0.000000e+00   0.000000e+00      5s

Root relaxation: objective 7.609949e+01, 17971 iterations, 4.90 seconds (3.78 work units)

    Nodes    |    Current Node    |     Objective Bounds      |     Work
 Expl Unexpl |  Obj  Depth IntInf | Incumbent    BestBd   Gap | It/Node Time

     0     0   76.09949    0   26          -   76.09949      -     -    6s
H    0     0                      79.5438692   76.09949  4.33%     -    6s
H    0     0                      79.2306595   76.09949  3.95%     -    7s
     0     2   76.09949    0   26   79.23066   76.09949  3.95%     -    7s
    29    40   76.12057    6   32   79.23066   76.12057  3.93%   379   10s
H  143   150                      76.6526480   76.12351  0.69%   186   13s
H  148   150                      76.6525953   76.12351  0.69%   186   13s
   252   228   76.49721   24   24   76.65260   76.12351  0.69%   179   15s
H  455   334                      76.6294795   76.12351  0.66%   187   18s
   477   340     cutoff   16        76.62948   76.12351  0.66%   185   20s
   666   452   76.54821   28   18   76.62948   76.16579  0.61%   185   25s
   944   582   76.47752   20   21   76.62948   76.16646  0.60%   182   30s
  1041   595 infeasible   22        76.62948   76.16903  0.60%   187   35s
  1312   635   76.22997   11   33   76.62948   76.18302  0.58%   195   40s
  1630   669   76.19929   13   28   76.62948   76.18702  0.58%   194   45s
* 1679   668              38      76.6270609   76.18702  0.57%   192   45s
* 1950   682              39      76.6109667   76.20593  0.53%   194   49s
  1955   684     cutoff   28        76.61097   76.20922  0.52%   194   52s
  2062   723   76.31838   16   23   76.61097   76.21104  0.52%   195   55s
  2482   802   76.53053   18   22   76.61097   76.21562  0.52%   188   61s
  2700   805   76.60432   19   14   76.61097   76.21673  0.51%   186   66s
  2989   837     cutoff   22        76.61097   76.23079  0.50%   185   72s
  3128   889   76.56903   19   23   76.61097   76.23668  0.49%   185   75s
  3448   968   76.34359   12   23   76.61097   76.25380  0.47%   184   82s
  3642   995     cutoff   15        76.61097   76.25538  0.46%   184   85s
  3998  1057   76.50960   14   30   76.61097   76.27486  0.44%   185   92s
  4199  1106     cutoff   23        76.61097   76.28366  0.43%   185   95s
  4560  1138   76.45401   15   28   76.61097   76.29800  0.41%   185  103s
  4734  1177   76.53140   17   27   76.61097   76.30210  0.40%   187  106s
  4954  1169   76.50562   13   30   76.61097   76.30587  0.40%   186  111s
  5144  1168   76.46102   14   29   76.61097   76.32126  0.38%   188  115s
* 5262  1168              36      76.6106166   76.32948  0.37%   187  115s
  5642  1172   76.50636   23   23   76.61062   76.34672  0.34%   188  125s
  5830  1171   76.59546   16   26   76.61062   76.35862  0.33%   188  130s
  6079  1164   76.60456   22   18   76.61062   76.36983  0.31%   188  135s
  6361  1143   76.57554   19   24   76.61062   76.38044  0.30%   188  141s
  6596  1150   76.51030   20   30   76.61062   76.39532  0.28%   189  148s
  6827  1102   76.57837   28   19   76.61062   76.40637  0.27%   189  154s
  7118  1075     cutoff   10        76.61062   76.42928  0.24%   190  161s
  7427   994   76.51940   21   26   76.61062   76.44125  0.22%   191  168s
  7744   915   76.58926   20   30   76.61062   76.46433  0.19%   192  175s
  8055   834   76.53583   17   25   76.61062   76.48079  0.17%   193  183s
  8350   727     cutoff   32        76.61062   76.49957  0.14%   196  190s
  8657   609   76.58898   18   20   76.61062   76.52022  0.12%   198  198s
  8899   439   76.59851   20   22   76.61062   76.53532  0.10%   201  206s
  9195   236   76.59416   23   21   76.61062   76.55329  0.07%   205  215s
  9495    17     cutoff   19        76.61062   76.57486  0.05%   209  223s

Cutting planes:
  Cover: 12
  Implied bound: 762

Explored 9774 nodes (2104132 simplex iterations) in 224.31 seconds (112.15 work units)
Thread count was 12 (of 16 available processors)

Solution count 8: 76.6106 76.611 76.6271 ... 79.5439

Optimal solution found (tolerance 5.00e-05)
Best objective 7.661061658146e+01, best bound 7.661061658122e+01, gap 0.0000%

