Solver command line: []

Read LP format model from file C:\Users\mogli\AppData\Local\Temp\tmp6hbd7gmp.pyomo.lp
Reading time = 0.38 seconds
x1: 207231 rows, 149867 columns, 679985 nonzeros
Set parameter TimeLimit to value 1800
Set parameter MIPGap to value 5e-05
Set parameter IntegralityFocus to value 1
Set parameter ScaleFlag to value 0
Set parameter ImproveStartTime to value 1500
Gurobi Optimizer version 11.0.0 build v11.0.0rc2 (win64 - Windows 11+.0 (26100.2))

CPU model: 13th Gen Intel(R) Core(TM) i7-13620H, instruction set [SSE2|AVX|AVX2]
Thread count: 10 physical cores, 16 logical processors, using up to 16 threads

Optimize a model with 207231 rows, 149867 columns and 679985 nonzeros
Model fingerprint: 0x6dab70b5
Model has 11 SOS constraints
Variable types: 149795 continuous, 72 integer (72 binary)
Coefficient statistics:
  Matrix range     [1e-03, 1e+03]
  Objective range  [3e-02, 1e+03]
  Bounds range     [1e+00, 1e+00]
  RHS range        [2e-04, 1e+03]
Presolve removed 125884 rows and 35297 columns
Presolve time: 1.16s
Presolved: 81347 rows, 114570 columns, 434840 nonzeros
Variable types: 114498 continuous, 72 integer (72 binary)
Deterministic concurrent LP optimizer: primal and dual simplex
Showing primal log only...


Root simplex log...

Iteration    Objective       Primal Inf.    Dual Inf.      Time
   48860    1.1338354e+06   3.052468e+01   4.937230e+10      5s
   54510    1.1338315e+06   2.935555e+01   3.680464e+10     10s
   59711    1.1338297e+06   2.609245e+01   1.381381e+12     15s
   65052    1.1338233e+06   2.106659e+01   7.449990e+11     20s
   70103    1.1338001e+06   1.853729e+01   1.203717e+11     25s
   76733    1.1337999e+06   1.820297e+01   1.567953e+10     30s
   88559    1.1520002e+06   3.370302e+06   0.000000e+00     35s
Concurrent spin time: 0.01s

Solved with dual simplex

Root simplex log...

Iteration    Objective       Primal Inf.    Dual Inf.      Time
  143313    3.2444925e+02   0.000000e+00   0.000000e+00     35s

Root relaxation: objective 3.244492e+02, 143313 iterations, 33.93 seconds (41.93 work units)

    Nodes    |    Current Node    |     Objective Bounds      |     Work
 Expl Unexpl |  Obj  Depth IntInf | Incumbent    BestBd   Gap | It/Node Time

     0     0  324.44925    0   32          -  324.44925      -     -   35s
H    0     0                     341.5807225  324.44925  5.02%     -   37s
H    0     0                     337.1446454  324.44925  3.77%     -   40s
     0     0  324.63386    0   39  337.14465  324.63386  3.71%     -   46s
     0     0  324.93732    0   48  337.14465  324.93732  3.62%     -   49s
     0     0  325.78912    0   41  337.14465  325.78912  3.37%     -   52s
     0     0  325.86156    0   46  337.14465  325.86156  3.35%     -   57s
     0     0  325.86156    0   46  337.14465  325.86156  3.35%     -   57s
     0     0  325.86156    0   47  337.14465  325.86156  3.35%     -   58s
     0     0  325.86156    0   47  337.14465  325.86156  3.35%     -   58s
     0     0  326.41322    0   42  337.14465  326.41322  3.18%     -   67s
     0     0  326.45890    0   46  337.14465  326.45890  3.17%     -   72s
     0     0  326.46197    0   47  337.14465  326.46197  3.17%     -   73s
     0     0  326.46285    0   46  337.14465  326.46285  3.17%     -   74s
     0     0  326.46341    0   47  337.14465  326.46341  3.17%     -   75s
     0     0  326.46343    0   46  337.14465  326.46343  3.17%     -   75s
     0     0  326.49609    0   46  337.14465  326.49609  3.16%     -   80s
     0     0  326.52751    0   46  337.14465  326.52751  3.15%     -   85s
     0     0  326.52878    0   44  337.14465  326.52878  3.15%     -   86s
     0     0  326.52921    0   45  337.14465  326.52921  3.15%     -   88s
     0     0  326.55064    0   46  337.14465  326.55064  3.14%     -   92s
     0     0  326.58784    0   45  337.14465  326.58784  3.13%     -   95s
     0     0  326.58784    0   43  337.14465  326.58784  3.13%     -   95s
     0     0  326.58784    0   43  337.14465  326.58784  3.13%     -   98s
     0     0  326.58784    0   44  337.14465  326.58784  3.13%     -  100s
     0     0  326.58784    0   44  337.14465  326.58784  3.13%     -  102s
     0     0  326.59478    0   45  337.14465  326.59478  3.13%     -  103s
     0     0  326.59478    0   43  337.14465  326.59478  3.13%     -  105s
     0     0  326.59478    0   40  337.14465  326.59478  3.13%     -  107s
     0     0  326.59478    0   43  337.14465  326.59478  3.13%     -  108s
     0     0  326.60016    0   43  337.14465  326.60016  3.13%     -  118s
H    0     0                     334.2095068  326.60016  2.28%     -  121s
     0     2  326.62390    0   43  334.20951  326.62390  2.27%     -  127s
     1     4  326.88328    1   36  334.20951  326.62390  2.27%  4066  130s
     3     6     cutoff    2       334.20951  327.69597  1.95%  8889  136s
     7    10  329.41688    3   36  334.20951  329.38197  1.44%  6222  140s
    13    20  329.57174    4   31  334.20951  329.41688  1.43%  5638  146s
    23    21  329.65167    5   32  334.20951  329.52502  1.40% 22344  395s
    33    27  329.72198    6   28  334.20951  329.52922  1.40% 75267  400s
    43    37  330.40960    7   26  334.20951  329.52922  1.40% 58642  418s
H   44    37                     332.3512566  329.52922  0.85% 57309  418s
H   49    37                     331.7878039  329.52922  0.68% 52154  418s
    53    34     cutoff    7       331.78780  329.52922  0.68% 48675  425s
    70    36     cutoff    8       331.78780  329.52922  0.68% 37400  432s
    84    45  330.89673    9   25  331.78780  329.52922  0.68% 31677  437s
    95    55  330.98380   11   25  331.78780  329.52922  0.68% 28433  442s
   109    67  331.05476   12   23  331.78780  329.52922  0.68% 25301  448s
   125    88  331.08529   13   21  331.78780  329.52922  0.68% 22403  452s
   148   108  331.39783   15   14  331.78780  329.52922  0.68% 19257  460s
   168   136  331.28861   16   15  331.78780  329.52922  0.68% 17256  465s
   197   161  331.24252   16   17  331.78780  329.52922  0.68% 14906  470s
*  229   182              26     331.6468653  329.52922  0.64% 13056  474s
*  231   182              28     331.2252558  329.52922  0.51% 12950  474s
   258   155     cutoff   18       331.22526  329.57712  0.50% 11743  483s
   300   154  331.19420   11   29  331.22526  330.06292  0.35% 10402  494s
*  301   154              25     331.1100846  330.06292  0.32% 10370  494s
   318   151     cutoff   12       331.11008  330.37237  0.22%  9901  500s
   351   151  330.66578    8   25  331.11008  330.37237  0.22%  9158  521s
   388   155  330.67453    9   26  331.11008  330.37237  0.22%  8468  528s
   419   149  330.78119   11   20  331.11008  330.37237  0.22%  8026  535s
   447   142  331.10369   13   15  331.11008  330.38485  0.22%  7675  543s
   478   137  331.01216   14   13  331.11008  330.41136  0.21%  7333  549s
   523   122     cutoff   12       331.11008  330.60328  0.15%  6836  557s
   573   108  330.65169   12   27  331.11008  330.60410  0.15%  6382  566s
   624    89  330.69180   13   25  331.11008  330.67052  0.13%  5994  574s
   668    62  330.87209   15   25  331.11008  330.67052  0.13%  5699  582s
   703    58     cutoff   14       331.11008  330.75067  0.11%  5487  594s
   727    35     cutoff   18       331.11008  330.84501  0.08%  5438  603s
   755     3     cutoff   21       331.11008  331.03169  0.02%  5352  606s

Cutting planes:
  Learned: 12
  Gomory: 4
  Implied bound: 1
  MIR: 14570
  Flow cover: 257
  RLT: 739
  Relax-and-lift: 1572

Explored 787 nodes (4304790 simplex iterations) in 606.50 seconds (952.36 work units)
Thread count was 16 (of 16 available processors)

Solution count 8: 331.11 331.225 331.647 ... 341.581

Optimal solution found (tolerance 5.00e-05)
Best objective 3.311100845595e+02, best bound 3.311100845602e+02, gap 0.0000%

