Solver command line: []

Read LP format model from file C:\Users\mogli\AppData\Local\Temp\tmpsat_ea3q.pyomo.lp
Reading time = 0.07 seconds
x1: 39449 rows, 29252 columns, 129414 nonzeros
Set parameter TimeLimit to value 3600
Set parameter MIPGap to value 5e-05
Set parameter NumericFocus to value 3
Set parameter ScaleFlag to value 0
Set parameter Threads to value 12
Set parameter IntegralityFocus to value 1
Gurobi Optimizer version 11.0.0 build v11.0.0rc2 (win64 - Windows 11+.0 (26100.2))

CPU model: 13th Gen Intel(R) Core(TM) i7-13620H, instruction set [SSE2|AVX|AVX2]
Thread count: 10 physical cores, 16 logical processors, using up to 12 threads

Optimize a model with 39449 rows, 29252 columns and 129414 nonzeros
Model fingerprint: 0xbff8a3c5
Model has 17 SOS constraints
Variable types: 29122 continuous, 130 integer (130 binary)
Coefficient statistics:
  Matrix range     [3e-04, 1e+06]
  Objective range  [3e-02, 4e+05]
  Bounds range     [1e+00, 1e+00]
  RHS range        [2e-03, 5e+05]
Presolve removed 23825 rows and 6153 columns
Presolve time: 0.15s
Presolved: 15624 rows, 23099 columns, 80975 nonzeros
Variable types: 23007 continuous, 92 integer (92 binary)

Root relaxation: objective 1.839915e+02, 20728 iterations, 3.41 seconds (4.34 work units)

    Nodes    |    Current Node    |     Objective Bounds      |     Work
 Expl Unexpl |  Obj  Depth IntInf | Incumbent    BestBd   Gap | It/Node Time

     0     0  183.99147    0   24          -  183.99147      -     -    4s
H    0     0                    2772.3120059  183.99147  93.4%     -    4s
H    0     2                     995.4783966  183.99147  81.5%     -    5s
     0     2  183.99147    0   28  995.47840  183.99147  81.5%     -    5s
    64    28  184.23014    9   29  995.47840  184.05397  81.5%   721   10s
H   82    33                     562.6832613  184.05397  67.3%   595   10s
H   84    33                     301.8669922  184.05397  39.0%   599   10s
H   90    33                     300.6693012  184.05397  38.8%   573   10s
H  103    37                     234.8875951  184.05397  21.6%   550   11s

Cutting planes:
  Cover: 10
  Implied bound: 120

Explored 268 nodes (149481 simplex iterations) in 14.59 seconds (18.22 work units)
Thread count was 12 (of 16 available processors)

Solution count 6: 234.888 300.669 301.867 ... 2772.31

Optimal solution found (tolerance 5.00e-05)
Best objective 2.348875950784e+02, best bound 2.348875950782e+02, gap 0.0000%

