Solver command line: []

Read LP format model from file C:\Users\mogli\AppData\Local\Temp\tmpy3_9kn2i.pyomo.lp
Reading time = 0.27 seconds
x1: 134039 rows, 99823 columns, 379402 nonzeros
Set parameter TimeLimit to value 1800
Set parameter MIPGap to value 5e-05
Set parameter IntegralityFocus to value 1
Set parameter ScaleFlag to value 0
Set parameter ImproveStartTime to value 1500
Gurobi Optimizer version 11.0.0 build v11.0.0rc2 (win64 - Windows 11+.0 (26100.2))

CPU model: 13th Gen Intel(R) Core(TM) i7-13620H, instruction set [SSE2|AVX|AVX2]
Thread count: 10 physical cores, 16 logical processors, using up to 16 threads

Optimize a model with 134039 rows, 99823 columns and 379402 nonzeros
Model fingerprint: 0xc2d97237
Model has 80 SOS constraints
Variable types: 99554 continuous, 269 integer (269 binary)
Coefficient statistics:
  Matrix range     [1e-03, 1e+03]
  Objective range  [3e-02, 1e+03]
  Bounds range     [1e+00, 1e+00]
  RHS range        [3e-05, 1e+03]
Presolve removed 96240 rows and 20028 columns
Presolve time: 0.37s
Presolved: 37799 rows, 79795 columns, 228739 nonzeros
Variable types: 79607 continuous, 188 integer (184 binary)
Deterministic concurrent LP optimizer: primal and dual simplex
Showing primal log only...


Root simplex log...

Iteration    Objective       Primal Inf.    Dual Inf.      Time
  177471    4.5466453e+10   0.000000e+00   4.315116e+12      5s
  204672    3.2660978e+03   0.000000e+00   4.074025e+04     10s
  241795    2.3010795e+03   0.000000e+00   1.013351e+00     15s
  245010    2.3011455e+03   0.000000e+00   0.000000e+00     16s
Concurrent spin time: 0.00s

Solved with primal simplex
  245010    2.3011455e+03   0.000000e+00   0.000000e+00     16s

Root relaxation: objective 2.301146e+03, 245010 iterations, 15.27 seconds (16.81 work units)

    Nodes    |    Current Node    |     Objective Bounds      |     Work
 Expl Unexpl |  Obj  Depth IntInf | Incumbent    BestBd   Gap | It/Node Time

     0     0 2301.14553    0   62          - 2301.14553      -     -   15s
H    0     0                    2398.0882394 2301.14553  4.04%     -   19s
     0     0 2315.73466    0   67 2398.08824 2315.73466  3.43%     -   25s
     0     0 2316.79972    0   67 2398.08824 2316.79972  3.39%     -   26s
     0     0 2316.79972    0   67 2398.08824 2316.79972  3.39%     -   26s
     0     0 2319.79640    0   66 2398.08824 2319.79640  3.26%     -   31s
     0     0 2321.48617    0   67 2398.08824 2321.48617  3.19%     -   32s
     0     0 2326.84515    0   67 2398.08824 2326.84515  2.97%     -   33s
     0     0 2326.84515    0   67 2398.08824 2326.84515  2.97%     -   33s
     0     0 2326.84515    0   64 2398.08824 2326.84515  2.97%     -   38s
     0     0 2326.84515    0   64 2398.08824 2326.84515  2.97%     -   44s
     0     0 2326.84515    0   64 2398.08824 2326.84515  2.97%     -   44s
     0     0 2326.84515    0   64 2398.08824 2326.84515  2.97%     -   45s
     0     0 2326.84515    0   64 2398.08824 2326.84515  2.97%     -   45s
     0     0 2326.84515    0   64 2398.08824 2326.84515  2.97%     -   45s
     0     0 2326.84515    0   64 2398.08824 2326.84515  2.97%     -   50s
     0     0 2326.84515    0   64 2398.08824 2326.84515  2.97%     -   51s
     0     0 2326.84515    0   64 2398.08824 2326.84515  2.97%     -   52s
     0     0 2326.84515    0   64 2398.08824 2326.84515  2.97%     -   52s
     0     0 2327.59646    0   64 2398.08824 2327.59646  2.94%     -   54s
     0     0 2327.61997    0   64 2398.08824 2327.61997  2.94%     -   55s
     0     0 2327.62369    0   63 2398.08824 2327.62369  2.94%     -   55s
     0     0 2327.96297    0   64 2398.08824 2327.96297  2.92%     -   57s
     0     0 2328.07865    0   64 2398.08824 2328.07865  2.92%     -   58s
     0     0 2328.07865    0   64 2398.08824 2328.07865  2.92%     -   58s
     0     0 2328.08240    0   62 2398.08824 2328.08240  2.92%     -   59s
     0     0 2328.09518    0   63 2398.08824 2328.09518  2.92%     -   60s
     0     0 2328.11860    0   63 2398.08824 2328.11860  2.92%     -   61s
     0     0 2328.12794    0   63 2398.08824 2328.12794  2.92%     -   62s
     0     2 2328.14510    0   63 2398.08824 2328.14510  2.92%     -   73s
     1     4 2332.56194    1   62 2398.08824 2328.46719  2.90%  4447   77s
     7    16 2353.56218    3   62 2398.08824 2333.13993  2.71%  1766   83s
    15    26 2354.08417    4   60 2398.08824 2333.80783  2.68%  1591   86s
    25    27 2355.51072    5   56 2398.08824 2333.85881  2.68%  1915   92s
    35    31 2355.46396    5   54 2398.08824 2333.85881  2.68%  2156   96s
    45    41 2362.97939    6   53 2398.08824 2336.33379  2.58%  2302  100s
    90    74 2366.58436   10   41 2398.08824 2336.33379  2.58%  1627  107s
   100    89 2368.26791   10   45 2398.08824 2336.33379  2.58%  1622  110s
   132   111 infeasible   13      2398.08824 2336.33379  2.58%  2080  237s
   153   133 2369.20361   12   39 2398.08824 2336.33379  2.58%  1928  242s
   177   155 2370.04596   13   35 2398.08824 2336.33379  2.58%  1735  257s
   204   184 2370.44591   14   34 2398.08824 2336.33379  2.58%  1683  261s
   239   218 2371.06167   17   32 2398.08824 2336.33379  2.58%  1516  274s
   281   251 2371.75324   21   28 2398.08824 2336.33379  2.58%  1366  279s
   318   280 2372.53506   23   26 2398.08824 2336.33379  2.58%  1282  282s
   354   332 2372.54874   24   25 2398.08824 2336.33379  2.58%  1211  362s
   413   389 2373.27745   27   23 2398.08824 2336.33379  2.58%  1382  370s
   480   431 2373.22916   28   20 2398.08824 2336.33379  2.58%  1246  471s
   536   454 2374.12137   32   17 2398.08824 2336.33379  2.58%  1316  490s
*  549   454              43    2355.5158164 2336.33379  0.81%  1327  490s
   573   445     cutoff   33      2355.51582 2336.93627  0.79%  1318  500s
   606   468 2344.83864    7   54 2355.51582 2340.58051  0.63%  1312  510s
   631   531 2347.63686    8   53 2355.51582 2340.58051  0.63%  1298  517s
   701   576 2349.24546   14   42 2355.51582 2340.58051  0.63%  1233  686s
   766   544 2351.59649   17   36 2355.51582 2340.58051  0.63%  1354  774s
   810   609 2351.58822   16   41 2355.51582 2340.58051  0.63%  1382  784s
   907   612 2353.35477   24   29 2355.51582 2340.58051  0.63%  1313  979s
  1000   588 2354.81511   34   16 2355.51582 2341.19950  0.61%  1487 1015s
  1097   608 2346.92835    8   53 2355.51582 2342.88533  0.54%  1439 1042s
  1196   645     cutoff   26      2355.51582 2342.88533  0.54%  1428 1057s
  1372   673     cutoff   40      2355.51582 2344.08849  0.49%  1310 1173s
  1484   761 2348.75797   11   43 2355.51582 2344.32521  0.48%  1313 1459s
  1606   850 2350.69387   14   40 2355.51582 2344.32521  0.48%  1399 1498s
* 1650   740              40    2354.4136825 2344.32521  0.43%  1384 1498s
  1762   826 2353.27186   18   36 2354.41368 2344.45676  0.42%  1359 1558s

Resetting heuristic parameters to focus on improving solution
(using Heuristics=0.5 and RINS=10)...

  1956   863 2351.14251   16   39 2354.41368 2344.71509  0.41%  1307 1721s
H 1961   860                    2354.3737096 2344.71509  0.41%  1306 1721s
H 1975   660                    2353.1739684 2344.71509  0.36%  1303 1721s
  2049   743     cutoff   25      2353.17397 2345.02300  0.35%  1424 1800s
H 2051   728                    2353.0598409 2345.02300  0.34%  1422 1800s

Cutting planes:
  Learned: 3
  Gomory: 15
  Cover: 5
  Implied bound: 591
  MIR: 6255
  Flow cover: 91
  RLT: 422
  Relax-and-lift: 1214

Explored 2266 nodes (3444066 simplex iterations) in 1800.20 seconds (2805.76 work units)
Thread count was 16 (of 16 available processors)

Solution count 4: 2353.06 2354.37 2355.52 2398.09 

Time limit reached
Warning: max constraint violation (9.8340e-05) exceeds tolerance
Warning: max bound violation (3.1268e-04) exceeds tolerance
Best objective 2.353059840850e+03, best bound 2.345023000886e+03, gap 0.3415%

