Solver command line: []

Read LP format model from file C:\Users\mogli\AppData\Local\Temp\tmps8znaq6c.pyomo.lp
Reading time = 0.15 seconds
x1: 66237 rows, 49317 columns, 229919 nonzeros
Set parameter TimeLimit to value 600
Set parameter MIPGap to value 5e-05
Set parameter IntegralityFocus to value 1
Set parameter ScaleFlag to value 0
Set parameter MIPFocus to value 2
Set parameter Method to value 1
Gurobi Optimizer version 11.0.0 build v11.0.0rc2 (win64 - Windows 11+.0 (26100.2))

CPU model: 13th Gen Intel(R) Core(TM) i7-13620H, instruction set [SSE2|AVX|AVX2]
Thread count: 10 physical cores, 16 logical processors, using up to 16 threads

Optimize a model with 66237 rows, 49317 columns and 229919 nonzeros
Model fingerprint: 0x6000740f
Model has 27 SOS constraints
Variable types: 49119 continuous, 198 integer (198 binary)
Coefficient statistics:
  Matrix range     [6e-04, 2e+03]
  Objective range  [3e-02, 1e+03]
  Bounds range     [1e+00, 1e+00]
  RHS range        [5e-05, 1e+03]
Presolve removed 57060 rows and 20631 columns
Presolve time: 0.15s
Presolved: 9177 rows, 28686 columns, 79103 nonzeros
Variable types: 28650 continuous, 36 integer (36 binary)
Root relaxation presolve removed 51 rows and 51 columns
Root relaxation presolved: 9126 rows, 28635 columns, 78953 nonzeros


Root relaxation: objective 8.459367e+02, 17521 iterations, 4.38 seconds (3.55 work units)

    Nodes    |    Current Node    |     Objective Bounds      |     Work
 Expl Unexpl |  Obj  Depth IntInf | Incumbent    BestBd   Gap | It/Node Time

     0     0  845.93674    0    3          -  845.93674      -     -    4s
H    0     0                     853.7711916  845.93674  0.92%     -    4s
     0     0  845.94989    0    3  853.77119  845.94989  0.92%     -    4s
     0     0  846.01423    0    3  853.77119  846.01423  0.91%     -    5s
     0     0  846.01423    0    3  853.77119  846.01423  0.91%     -    5s
     0     0  846.01423    0    3  853.77119  846.01423  0.91%     -    6s
     0     0  846.01423    0    3  853.77119  846.01423  0.91%     -    6s
     0     0  846.01423    0    3  853.77119  846.01423  0.91%     -    6s
     0     0  846.01423    0    3  853.77119  846.01423  0.91%     -    6s
     0     0  846.01423    0    3  853.77119  846.01423  0.91%     -    6s
     0     2  846.01423    0    3  853.77119  846.01423  0.91%     -    7s
H    1     4                     852.5363120  846.01423  0.77%   0.0    9s
     3     6     cutoff    2       852.53631  848.05117  0.53%  2653   12s
*    7     0               3     852.5358818  849.63765  0.34%  2626   13s
*    9     0               3     849.9344953  849.93450  0.00%  2340   13s

Cutting planes:
  Flow cover: 36
  Relax-and-lift: 1

Explored 13 nodes (43070 simplex iterations) in 13.57 seconds (17.32 work units)
Thread count was 16 (of 16 available processors)

Solution count 3: 849.934 852.536 853.771 

Optimal solution found (tolerance 5.00e-05)
Best objective 8.499344953052e+02, best bound 8.499344953049e+02, gap 0.0000%

