Solver command line: []

Read LP format model from file C:\Users\mogli\AppData\Local\Temp\tmp1k66ll8f.pyomo.lp
Reading time = 0.29 seconds
x1: 168455 rows, 121619 columns, 472576 nonzeros
Set parameter TimeLimit to value 10800
Set parameter MIPGap to value 5e-05
Set parameter IntegralityFocus to value 1
Set parameter ScaleFlag to value 0
Gurobi Optimizer version 11.0.0 build v11.0.0rc2 (win64 - Windows 11+.0 (26100.2))

CPU model: 13th Gen Intel(R) Core(TM) i7-13620H, instruction set [SSE2|AVX|AVX2]
Thread count: 10 physical cores, 16 logical processors, using up to 16 threads

Optimize a model with 168455 rows, 121619 columns and 472576 nonzeros
Model fingerprint: 0x0495a33c
Model has 12 SOS constraints
Variable types: 121578 continuous, 41 integer (41 binary)
Coefficient statistics:
  Matrix range     [1e-03, 2e+03]
  Objective range  [3e-02, 1e+03]
  Bounds range     [1e+00, 1e+00]
  RHS range        [8e-05, 1e+03]
Presolve removed 114056 rows and 23994 columns
Presolve time: 0.52s
Presolved: 54399 rows, 97625 columns, 296729 nonzeros
Variable types: 97596 continuous, 29 integer (29 binary)
Deterministic concurrent LP optimizer: primal and dual simplex
Showing primal log only...

Warning: 1 variables dropped from basis
Warning: switch to quad precision
Concurrent spin time: 0.00s

Solved with dual simplex

Root relaxation: objective 1.968195e+02, 69342 iterations, 3.35 seconds (3.70 work units)

    Nodes    |    Current Node    |     Objective Bounds      |     Work
 Expl Unexpl |  Obj  Depth IntInf | Incumbent    BestBd   Gap | It/Node Time

     0     0  196.81951    0   17          -  196.81951      -     -    4s
H    0     0                     215.6887940  196.81951  8.75%     -    4s
     0     0  201.91876    0   18  215.68879  201.91876  6.38%     -    5s
H    0     0                     213.8395489  202.85571  5.14%     -    7s
     0     0  202.85571    0   18  213.83955  202.85571  5.14%     -    7s
     0     0  204.20680    0   17  213.83955  204.20680  4.50%     -    8s
     0     0  204.83180    0   16  213.83955  204.83180  4.21%     -   11s
     0     0  205.07334    0   16  213.83955  205.07334  4.10%     -   11s
     0     0  205.28494    0   16  213.83955  205.28494  4.00%     -   12s
     0     0  205.28495    0   16  213.83955  205.28495  4.00%     -   12s
     0     0  205.39387    0   17  213.83955  205.39387  3.95%     -   14s
     0     0  205.79520    0   16  213.83955  205.79520  3.76%     -   15s
     0     0  205.79520    0   16  213.83955  205.79520  3.76%     -   15s
     0     0  205.79520    0   16  213.83955  205.79520  3.76%     -   16s
     0     0  205.79520    0   16  213.83955  205.79520  3.76%     -   16s
     0     0  205.79520    0   16  213.83955  205.79520  3.76%     -   17s
     0     0  205.79520    0   16  213.83955  205.79520  3.76%     -   17s
H    0     0                     211.7264628  205.79520  2.80%     -   18s
     0     0  205.79520    0   16  211.72646  205.79520  2.80%     -   18s
     0     0  205.79520    0   16  211.72646  205.79520  2.80%     -   22s
     0     2  205.79520    0   16  211.72646  205.79520  2.80%     -   25s
    15    13  207.60880    4   10  211.72646  207.15078  2.16%  3126   32s
    35    21  209.52498    6    9  211.72646  207.15430  2.16%  2598   35s
    55    28     cutoff    6       211.72646  207.15430  2.16%  2933   42s
    77    33     cutoff    9       211.72646  207.15430  2.16%  3171   94s
    87    24     cutoff    9       211.72646  207.15430  2.16%  3391   99s
   102    15     cutoff    8       211.72646  208.19446  1.67%  3638  107s
H  117     4                     211.5268140  208.19446  1.58%  3709  108s
   132     3 infeasible    7       211.52681  208.24376  1.55%  3471  111s

Cutting planes:
  Learned: 1
  Gomory: 8
  Cover: 3
  Implied bound: 675
  MIR: 3137
  Flow cover: 40
  RLT: 276
  Relax-and-lift: 470

Explored 138 nodes (565774 simplex iterations) in 111.44 seconds (134.01 work units)
Thread count was 16 (of 16 available processors)

Solution count 4: 211.527 211.726 213.84 215.689 

Optimal solution found (tolerance 5.00e-05)
Best objective 2.115268139735e+02, best bound 2.115231244248e+02, gap 0.0017%

