Solver command line: []

Read LP format model from file C:\Users\mogli\AppData\Local\Temp\tmpzjr51e1r.pyomo.lp
Reading time = 0.11 seconds
x1: 63102 rows, 46894 columns, 210422 nonzeros
Set parameter TimeLimit to value 900
Set parameter MIPGap to value 5e-05
Set parameter IntegralityFocus to value 1
Set parameter ScaleFlag to value 0
Set parameter ImproveStartTime to value 600
Gurobi Optimizer version 11.0.0 build v11.0.0rc2 (win64 - Windows 11+.0 (26100.2))

CPU model: 13th Gen Intel(R) Core(TM) i7-13620H, instruction set [SSE2|AVX|AVX2]
Thread count: 10 physical cores, 16 logical processors, using up to 16 threads

Optimize a model with 63102 rows, 46894 columns and 210422 nonzeros
Model fingerprint: 0x0beca562
Model has 28 SOS constraints
Variable types: 46718 continuous, 176 integer (176 binary)
Coefficient statistics:
  Matrix range     [1e-03, 2e+03]
  Objective range  [3e-02, 1e+03]
  Bounds range     [1e+00, 1e+00]
  RHS range        [8e-04, 1e+03]
Presolve removed 38367 rows and 10645 columns
Presolve time: 0.24s
Presolved: 24735 rows, 36249 columns, 136516 nonzeros
Variable types: 36073 continuous, 176 integer (176 binary)
Deterministic concurrent LP optimizer: primal and dual simplex
Showing primal log only...

Warning: 1 variables dropped from basis
Warning: switch to quad precision
Concurrent spin time: 0.07s

Solved with dual simplex

Root relaxation: objective 1.652786e+02, 39311 iterations, 4.20 seconds (5.59 work units)

    Nodes    |    Current Node    |     Objective Bounds      |     Work
 Expl Unexpl |  Obj  Depth IntInf | Incumbent    BestBd   Gap | It/Node Time

     0     0  165.27856    0   70          -  165.27856      -     -    4s
H    0     0                     187.2684783  165.27856  11.7%     -   13s
     0     0  166.84604    0   96  187.26848  166.84604  10.9%     -   14s
     0     0  166.91486    0   94  187.26848  166.91486  10.9%     -   14s
     0     0  167.70928    0   95  187.26848  167.70928  10.4%     -   15s
     0     0  167.74607    0   97  187.26848  167.74607  10.4%     -   15s
     0     0  167.74607    0   97  187.26848  167.74607  10.4%     -   15s
     0     0  169.03386    0   95  187.26848  169.03386  9.74%     -   17s
     0     0  169.13373    0   98  187.26848  169.13373  9.68%     -   17s
     0     0  169.13373    0   98  187.26848  169.13373  9.68%     -   17s
     0     0  169.13373    0   97  187.26848  169.13373  9.68%     -   17s
     0     0  169.20968    0  100  187.26848  169.20968  9.64%     -   19s
     0     0  169.25358    0   97  187.26848  169.25358  9.62%     -   20s
     0     0  169.25358    0   98  187.26848  169.25358  9.62%     -   20s
     0     0  169.76700    0  101  187.26848  169.76700  9.35%     -   20s
     0     0  169.87555    0  104  187.26848  169.87555  9.29%     -   21s
     0     0  169.87555    0  103  187.26848  169.87555  9.29%     -   21s
     0     0  169.87555    0  103  187.26848  169.87555  9.29%     -   21s
     0     0  169.88364    0  101  187.26848  169.88364  9.28%     -   22s
     0     0  169.91000    0  104  187.26848  169.91000  9.27%     -   22s
     0     0  169.91000    0  103  187.26848  169.91000  9.27%     -   22s
     0     0  169.91000    0  103  187.26848  169.91000  9.27%     -   22s
     0     0  169.97711    0   98  187.26848  169.97711  9.23%     -   23s
     0     0  170.09439    0  103  187.26848  170.09439  9.17%     -   23s
     0     0  170.09439    0  103  187.26848  170.09439  9.17%     -   23s
     0     0  170.09439    0  101  187.26848  170.09439  9.17%     -   23s
     0     0  170.09439    0  101  187.26848  170.09439  9.17%     -   23s
     0     0  170.09439    0  102  187.26848  170.09439  9.17%     -   24s
     0     0  170.17051    0  101  187.26848  170.17051  9.13%     -   24s
     0     0  170.17051    0  100  187.26848  170.17051  9.13%     -   25s
     0     0  170.17051    0   99  187.26848  170.17051  9.13%     -   25s
     0     0  170.17051    0   99  187.26848  170.17051  9.13%     -   25s
     0     0  170.17051    0  102  187.26848  170.17051  9.13%     -   26s
     0     0  170.17196    0  101  187.26848  170.17196  9.13%     -   26s
     0     0  170.17196    0  100  187.26848  170.17196  9.13%     -   26s
     0     0  170.18623    0   99  187.26848  170.18623  9.12%     -   26s
     0     0  170.19144    0   99  187.26848  170.19144  9.12%     -   26s
     0     0  170.21924    0   98  187.26848  170.21924  9.10%     -   26s
     0     0  170.21945    0  100  187.26848  170.21945  9.10%     -   27s
     0     0  170.22407    0  102  187.26848  170.22407  9.10%     -   27s
     0     0  170.26557    0  100  187.26848  170.26557  9.08%     -   27s
     0     0  170.26557    0  100  187.26848  170.26557  9.08%     -   27s
     0     0  170.38473    0  100  187.26848  170.38473  9.02%     -   29s
     0     2  170.41073    0  100  187.26848  170.41073  9.00%     -   31s
    25    28  174.15827    5   92  187.26848  171.48547  8.43%   658   35s
   106   103  178.05650   11   69  187.26848  171.48547  8.43%   577   40s
   267   248  183.08505   20   60  187.26848  171.48547  8.43%   497   45s
   365   291     cutoff   23       187.26848  172.24635  8.02%   493   51s
   471   371  185.40912   25   46  187.26848  172.24635  8.02%   524   56s
   682   546  178.58837   12   85  187.26848  173.96143  7.11%   466   60s
*  761   574              73     184.4282801  173.96143  5.68%   444   61s
   936   575  176.88406    6   89  184.42828  176.88207  4.09%   437   66s
   994   549  179.81107   10   78  184.42828  176.88207  4.09%   438   71s
  1035   551  179.92413   12   69  184.42828  176.88207  4.09%   456   75s
  1124   568  183.10783   20   71  184.42828  176.88207  4.09%   478   81s
H 1241   607                     184.4279563  176.88207  4.09%   495   88s
  1277   635  184.35413   32   50  184.42796  176.88207  4.09%   502   93s
  1334   662     cutoff   14       184.42796  176.88430  4.09%   514   96s
  1472   753  181.80243   14   56  184.42796  176.88430  4.09%   525  101s
* 1539   575              69     182.1690497  176.88430  2.90%   521  101s
  1634   544     cutoff   15       182.16905  177.83286  2.38%   520  105s
  1781   547  181.91753    9   80  182.16905  177.94598  2.32%   526  113s
  1882   566  180.01183    9   81  182.16905  177.94724  2.32%   525  117s
  1961   588  180.95549   13   63  182.16905  177.94724  2.32%   536  124s
  2041   641  182.12066   27   38  182.16905  178.16967  2.20%   555  154s
  2160   655     cutoff   15       182.16905  178.30423  2.12%   644  157s
  2258   676  180.62774   12   62  182.16905  178.39684  2.07%   638  161s
  2385   736  181.85782   16   78  182.16905  178.46167  2.04%   635  165s
  2571   754     cutoff   17       182.16905  178.63894  1.94%   618  177s
H 2585   754                     182.1690492  178.63894  1.94%   617  177s
  2684   773  180.13998   13   58  182.16905  178.63994  1.94%   622  181s
  2972   836     cutoff   20       182.16905  178.77651  1.86%   618  187s
H 3001   834                     182.1511382  178.87112  1.80%   615  187s
  3120   829     cutoff   11       182.15114  178.98020  1.74%   615  191s
  3254   830  182.03718    8   80  182.15114  179.12099  1.66%   617  195s
  3383   848  181.79867   10   71  182.15114  179.30005  1.57%   621  201s
  3533   863  181.24152   12   73  182.15114  179.51072  1.45%   621  205s
  3679   890     cutoff   15       182.15114  179.61650  1.39%   623  220s
  3831   904     cutoff   14       182.15114  179.75835  1.31%   636  225s
H 4184   945                     182.1511368  179.88577  1.24%   630  234s
  4373   999 infeasible   18       182.15114  180.02826  1.17%   632  241s
  4604   996 infeasible   16       182.15114  180.11856  1.12%   628  247s
  4825  1020  181.62750   27   38  182.15114  180.22936  1.06%   628  253s
  5070  1068  181.46974   18   54  182.15114  180.33121  1.00%   624  260s
  5376  1151  181.54914   19   38  182.15114  180.51817  0.90%   619  266s
H 5605  1151                     182.1511364  180.55973  0.87%   613  266s
H 5763   779                     181.7212063  180.61570  0.61%   605  283s
  5764   764  181.50292   18  100  181.72121  180.61570  0.61%   605  288s
  5766   765  180.89206   13   68  181.72121  180.61570  0.61%   605  293s
  5767   766  181.18947   13   88  181.72121  180.61570  0.61%   605  295s
  5773   770  181.64614   20   92  181.72121  180.61570  0.61%   604  302s
  5775   774  180.61570   13   94  181.72121  180.61570  0.61%   612  305s
  5827   791  180.61570   20   75  181.72121  180.61570  0.61%   612  310s
  5887   801  180.61570   23   67  181.72121  180.61570  0.61%   612  315s
  5973   792  180.93370   26   62  181.72121  180.61570  0.61%   611  320s
  6082   751  180.61570   22   63  181.72121  180.61570  0.61%   608  325s
  6207   721  180.61570   21   69  181.72121  180.61570  0.61%   605  331s
  6380   677     cutoff   24       181.72121  180.61570  0.61%   606  335s
  6521   640  181.49626   38   47  181.72121  180.61570  0.61%   608  341s
H 6570   584                     181.7212063  180.61570  0.61%   608  341s
  6614   563  180.61570   25   74  181.72121  180.61570  0.61%   610  348s
  6688   519  180.89506   27   68  181.72121  180.61570  0.61%   615  351s
  6837   485     cutoff   30       181.72121  180.61570  0.61%   613  355s
* 7037   405              67     181.7136130  180.78587  0.51%   607  357s
* 7160   378              71     181.6010573  180.92987  0.37%   602  358s
  7203   417  181.28347   39   47  181.60106  180.97284  0.35%   600  360s
* 7586   278              74     181.4915116  181.13329  0.20%   579  362s
  7855   183     cutoff   31       181.49151  181.26395  0.13%   565  366s
H 7929   183                     181.4773796  181.28946  0.10%   563  366s

Cutting planes:
  Learned: 12
  Gomory: 1
  Cover: 6
  Implied bound: 83
  MIR: 1518
  StrongCG: 1
  Flow cover: 110
  Inf proof: 4
  RLT: 5
  Relax-and-lift: 173

Explored 8211 nodes (4565522 simplex iterations) in 367.79 seconds (532.75 work units)
Thread count was 16 (of 16 available processors)

Solution count 8: 181.477 181.601 181.714 ... 187.268

Optimal solution found (tolerance 5.00e-05)
Warning: max constraint violation (9.9453e-04) exceeds tolerance
Warning: max bound violation (9.9453e-04) exceeds tolerance
Best objective 1.814773795855e+02, best bound 1.814773795854e+02, gap 0.0000%

