Solver command line: []

Read LP format model from file C:\Users\mogli\AppData\Local\Temp\tmpstt_jn7u.pyomo.lp
Reading time = 0.21 seconds
x1: 95291 rows, 80992 columns, 348618 nonzeros
Set parameter MIPGap to value 0.001
Set parameter Presolve to value 2
Set parameter FeasibilityTol to value 0.001
Set parameter NumericFocus to value 2
Set parameter ScaleFlag to value 2
Set parameter TimeLimit to value 3600
Set parameter Heuristics to value 0.3
Gurobi Optimizer version 11.0.0 build v11.0.0rc2 (win64 - Windows 11+.0 (22631.2))

CPU model: 13th Gen Intel(R) Core(TM) i7-13620H, instruction set [SSE2|AVX|AVX2]
Thread count: 10 physical cores, 16 logical processors, using up to 16 threads

Optimize a model with 95291 rows, 80992 columns and 348618 nonzeros
Model fingerprint: 0x14359715
Variable types: 80611 continuous, 381 integer (381 binary)
Coefficient statistics:
  Matrix range     [1e-04, 1e+06]
  Objective range  [3e-02, 4e+07]
  Bounds range     [1e+00, 1e+00]
  RHS range        [4e-04, 1e+03]
Presolve removed 52280 rows and 7544 columns
Presolve time: 0.40s
Presolved: 43011 rows, 73448 columns, 265972 nonzeros
Variable types: 73107 continuous, 341 integer (341 binary)
Root relaxation presolve removed 182 rows and 26 columns
Root relaxation presolved: 42829 rows, 73422 columns, 265482 nonzeros

Deterministic concurrent LP optimizer: primal and dual simplex
Showing primal log only...


Root simplex log...

Iteration    Objective       Primal Inf.    Dual Inf.      Time
  264326    6.0515230e+04   5.767524e+01   0.000000e+00      5s
Concurrent spin time: 0.00s

Solved with dual simplex
Warning: 1 variables dropped from basis
Warning: switch to quad precision

Root simplex log...

Iteration    Objective       Primal Inf.    Dual Inf.      Time
   48566   -1.5382816e+14   5.193231e+13   1.650437e+21     10s
Warning: 1 variables dropped from basis
   53043   -4.5495302e+17   1.533440e+17   8.213958e+24     15s
Warning: 1 variables dropped from basis
  205283    4.8119493e+11   1.108928e+05   7.550874e+10     20s
  224679   -1.9096192e+06   1.401175e+05   0.000000e+00     25s
  240999    6.1644504e+04   4.206360e+02   0.000000e+00     30s
  251607    6.2647614e+04   6.123318e+01   0.000000e+00     35s
  260124    6.2706761e+04   9.338827e+03   0.000000e+00     40s
Warning: 1 variables dropped from basis
  266947    6.0498529e+04   0.000000e+00   8.083046e-04     45s
  274017    6.0529642e+04   0.000000e+00   0.000000e+00     47s
Extra simplex iterations after uncrush: 6216

Root relaxation: objective 6.052964e+04, 274017 iterations, 46.44 seconds (70.50 work units)

    Nodes    |    Current Node    |     Objective Bounds      |     Work
 Expl Unexpl |  Obj  Depth IntInf | Incumbent    BestBd   Gap | It/Node Time

     0     0 60529.6420    0   39          - 60529.6420      -     -   47s
     0     0 60545.5507    0   63          - 60545.5507      -     -  103s
     0     0 60545.5507    0   64          - 60545.5507      -     -  104s
     0     0 60545.5507    0   68          - 60545.5507      -     -  105s
     0     0 60545.5507    0   67          - 60545.5507      -     -  106s
     0     0 60545.5507    0   67          - 60545.5507      -     -  107s
     0     0 60547.0285    0   67          - 60547.0285      -     -  110s
     0     2 60548.4447    0   71          - 60548.4447      -     -  224s
     1     4 60548.4447    1   68          - 60548.4447      - 14835  225s
    15    26 60612.7538    4   62          - 60567.7577      -  2916  231s
    55    67 60621.8628    8   68          - 60621.8628      -  1699  235s
    96   114 60662.1165   11   64          - 60622.8340      -  1357  240s
   131   149 60674.2107   15   60          - 60622.8340      -  1364  287s
   166   185 67378.7003   17   58          - 60622.8340      -  1727  291s
   234   256 67628.0219   22   54          - 60622.8340      -  1529  295s
   337   366 67876.9393   31   39          - 60622.8340      -  1357  301s
   471   474 68333.5508   40   36          - 60622.8340      -  1125  320s
   559   520 71543.0262   46   35          - 60622.8340      -  1209  378s
   595   542 71593.4247   50   30          - 60622.8340      -  1430  405s
*  665   558              46    80616.018630 60625.1965  24.8%  1779  408s
   678   594 69981.9958   10   56 80616.0186 60625.1965  24.8%  1759  411s
   737   609 76836.9802   17   42 80616.0186 60625.1965  24.8%  1698  433s
   787   654 77038.6463   22   44 80616.0186 60625.1965  24.8%  1691  436s
   859   692 77267.9004   34   39 80616.0186 60703.3618  24.7%  1620  440s
   917   715 71313.2431    8   46 80616.0186 60791.2684  24.6%  1591  464s
   971   737 72532.1872   15   46 80616.0186 60828.9239  24.5%  1606  512s
  1026   766 76517.6925   21   33 80616.0186 60828.9239  24.5%  1641  526s
  1090   785 infeasible   33      80616.0186 60866.2335  24.5%  1629  567s
  1133   833 74221.3892   20   38 80616.0186 60866.2335  24.5%  1695  596s
  1216   861 77215.7237   27   36 80616.0186 61472.6282  23.7%  1746  632s
  1290   903 67055.0941   13   65 80616.0186 61472.6282  23.7%  1788  672s
  1366   981 71489.2391   17   44 80616.0186 61472.6282  23.7%  1975  713s
  1489  1018 71398.8046   17   42 80616.0186 61472.6282  23.7%  1930  730s
  1583  1085 75879.6666   31   48 80616.0186 61472.6282  23.7%  1909  759s
  1736  1165 75633.7470   41   32 80616.0186 61472.6282  23.7%  1858  776s
  1881  1287     cutoff   63      80616.0186 64588.8868  19.9%  1818  785s
  2049  1324 74694.2866   28   32 80616.0186 64997.1907  19.4%  1785  843s
H 2050  1250                    79939.921457 64997.1907  18.7%  1784  843s
H 2074  1250                    79923.480661 64997.1907  18.7%  1771  843s
H 2087  1112                    77830.212393 64997.1907  16.5%  1768  843s
H 2099   837                    75147.458751 64997.1907  13.5%  1765  843s
  2102   860 74712.4846   30   38 75147.4588 64997.1907  13.5%  1763  898s
H 2285   758                    74328.504693 65409.6531  12.0%  1774  898s
  2290   745 infeasible   20      74328.5047 65409.6531  12.0%  1798  918s
H 2324   745                    74328.300969 65409.6531  12.0%  1811  918s
H 2328   745                    74327.812301 65409.6531  12.0%  1825  918s
  2395   802 infeasible   20      74327.8123 65833.4413  11.4%  1810  954s
H 2433   690                    73545.305997 65861.4774  10.4%  1836  954s
  2573   628 72589.8012   22   42 73545.3060 65997.2129  10.3%  1792  980s
H 2591   628                    73545.164893 65997.2129  10.3%  1784  980s
  2694   610 73255.6820   13   50 73545.1649 66024.9907  10.2%  1796 1007s
  2820   583 infeasible   27      73545.1649 66690.7676  9.32%  1809 1033s
  2978   510 73209.5304   10   57 73545.1649 67529.5215  8.18%  1816 1065s
  3099   461 73199.4822   12   52 73545.1649 67936.7686  7.63%  1848 1121s
  3232   417     cutoff   21      73545.1649 69277.6321  5.80%  1891 1169s
  3340   351 infeasible   10      73545.1649 69982.0107  4.84%  1933 1213s
H 3344   351                    73402.624517 69982.0107  4.66%  1934 1213s
  3442   363     cutoff   18      73402.6245 71005.7483  3.27%  1975 1299s
  3619   277 infeasible   28      73402.6245 71456.8234  2.65%  2014 1386s
  3719   292 72748.3473   16   61 73402.6245 71610.6363  2.44%  2044 1457s
* 3904   292              32    73399.997242 71777.9807  2.21%  2035 1457s
  4000   268 72957.6377   24   37 73399.9972 71997.3562  1.91%  2038 1566s
  4276   228     cutoff   20      73399.9972 72365.9210  1.41%  2077 1610s
  4568   102 infeasible   27      73399.9972 72385.9153  1.38%  2108 1673s
  4915    25 73277.5958   15   49 73399.9972 72719.1760  0.93%  2092 1714s
  5169     0 infeasible   24      73399.9972 73042.7314  0.49%  2065 1721s

Cutting planes:
  Learned: 22
  Cover: 19
  Implied bound: 238
  MIR: 462
  Flow cover: 8
  RLT: 165
  Relax-and-lift: 3

Explored 5214 nodes (11297383 simplex iterations) in 1722.03 seconds (2857.30 work units)
Thread count was 16 (of 16 available processors)

Solution count 9: 73400 73400 74327.8 ... 80616

Optimal solution found (tolerance 1.00e-03)
Warning: max integrality violation (3.2385e-04) exceeds tolerance
Best objective 7.339999724086e+04, best bound 7.339999724086e+04, gap 0.0000%

