Solver command line: []

Read LP format model from file C:\Users\mogli\AppData\Local\Temp\tmpsbuo0ybt.pyomo.lp
Reading time = 0.54 seconds
x1: 168839 rows, 121619 columns, 473337 nonzeros
Set parameter TimeLimit to value 10800
Set parameter MIPGap to value 5e-05
Set parameter IntegralityFocus to value 1
Set parameter ScaleFlag to value 0
Gurobi Optimizer version 11.0.0 build v11.0.0rc2 (win64 - Windows 11+.0 (26100.2))

CPU model: 13th Gen Intel(R) Core(TM) i7-13620H, instruction set [SSE2|AVX|AVX2]
Thread count: 10 physical cores, 16 logical processors, using up to 16 threads

Optimize a model with 168839 rows, 121619 columns and 473337 nonzeros
Model fingerprint: 0x6895f2a0
Model has 12 SOS constraints
Variable types: 121578 continuous, 41 integer (41 binary)
Coefficient statistics:
  Matrix range     [1e-03, 2e+03]
  Objective range  [3e-02, 1e+03]
  Bounds range     [1e+00, 1e+00]
  RHS range        [8e-05, 1e+03]
Presolve removed 117140 rows and 25359 columns
Presolve time: 0.81s
Presolved: 51699 rows, 96260 columns, 291048 nonzeros
Variable types: 96231 continuous, 29 integer (29 binary)
Deterministic concurrent LP optimizer: primal and dual simplex
Showing primal log only...


Root simplex log...

Iteration    Objective       Primal Inf.    Dual Inf.      Time
  278368    2.2942318e+03   0.000000e+00   2.347934e+06      5s
Warning: 1 variables dropped from basis
Warning: switch to quad precision
Concurrent spin time: 0.00s

Solved with dual simplex

Root simplex log...

Iteration    Objective       Primal Inf.    Dual Inf.      Time
   56432    1.8946886e+02   0.000000e+00   0.000000e+00      7s

Root relaxation: objective 1.894689e+02, 56432 iterations, 6.05 seconds (3.82 work units)

    Nodes    |    Current Node    |     Objective Bounds      |     Work
 Expl Unexpl |  Obj  Depth IntInf | Incumbent    BestBd   Gap | It/Node Time

     0     0  189.46886    0   14          -  189.46886      -     -    7s
H    0     0                     208.2553162  189.46886  9.02%     -    8s
H    0     0                     208.2553161  189.46886  9.02%     -    9s
     0     0  196.52178    0   16  208.25532  196.52178  5.63%     -   12s
H    0     0                     206.3995817  197.14510  4.48%     -   17s
     0     0  197.14510    0   16  206.39958  197.14510  4.48%     -   17s
     0     0  197.14510    0   16  206.39958  197.14510  4.48%     -   17s
     0     0  198.49632    0   16  206.39958  198.49632  3.83%     -   20s
     0     0  199.16661    0   16  206.39958  199.16661  3.50%     -   21s
     0     0  199.16661    0   16  206.39958  199.16661  3.50%     -   22s
     0     0  199.67414    0   15  206.39958  199.67414  3.26%     -   24s
     0     0  200.19956    0   16  206.39958  200.19956  3.00%     -   30s
     0     0  200.19956    0   16  206.39958  200.19956  3.00%     -   32s
     0     0  200.19956    0   16  206.39958  200.19956  3.00%     -   34s
     0     0  200.19956    0   16  206.39958  200.19956  3.00%     -   34s
     0     0  200.19956    0   16  206.39958  200.19956  3.00%     -   35s
     0     0  200.19956    0   15  206.39958  200.19956  3.00%     -   36s
     0     0  200.19956    0   16  206.39958  200.19956  3.00%     -   36s
     0     0  200.19956    0   16  206.39958  200.19956  3.00%     -   36s
     0     0  200.19956    0   16  206.39958  200.19956  3.00%     -   37s
     0     0  200.19956    0   16  206.39958  200.19956  3.00%     -   38s
     0     0  200.52826    0   16  206.39958  200.52826  2.84%     -   39s
     0     0  200.52826    0   16  206.39958  200.52826  2.84%     -   39s
     0     0  200.52826    0   16  206.39958  200.52826  2.84%     -   40s
     0     0  200.52826    0   16  206.39958  200.52826  2.84%     -   40s
     0     0  200.52826    0   16  206.39958  200.52826  2.84%     -   40s
     0     0  200.52826    0   16  206.39958  200.52826  2.84%     -   51s
     0     2  200.52826    0   16  206.39958  200.52826  2.84%     -   54s
     1     4  200.88961    1   14  206.39958  200.88961  2.67%  5823   55s
     7     9  202.83396    3    6  206.39958  201.10736  2.56%  4896   61s
    12    13  203.01412    4    6  206.39958  202.23131  2.02%  4756   65s
H   21    17                     204.3287125  202.34992  0.97%  4980  108s
    31    13     cutoff    6       204.32871  202.48036  0.90%  8740  114s
    41     6     cutoff    7       204.32871  202.48036  0.90%  7303  118s
    51     2     cutoff    8       204.32871  203.38954  0.46%  6305  121s
H   56     2                     204.3182396  203.85346  0.23%  5918  121s
H   59     3                     204.3081983  204.02895  0.14%  5697  122s
H   63     1                     204.2978117  204.25032  0.02%  5510  124s
*   65     0              10     204.2873255  204.28733  0.00%  5350  124s

Cutting planes:
  Learned: 3
  Gomory: 10
  Implied bound: 820
  MIR: 2413
  Flow cover: 80
  RLT: 359
  Relax-and-lift: 474

Explored 66 nodes (443965 simplex iterations) in 124.81 seconds (86.01 work units)
Thread count was 16 (of 16 available processors)

Solution count 3: 204.287 206.4 208.255 

Optimal solution found (tolerance 5.00e-05)
Best objective 2.042873254688e+02, best bound 2.042873254691e+02, gap 0.0000%

