Solver command line: []

Read LP format model from file C:\Users\mogli\AppData\Local\Temp\tmpd26l_nrd.pyomo.lp
Reading time = 0.00 seconds
x1: 4178 rows, 3781 columns, 15548 nonzeros
Set parameter MIPGap to value 0.001
Set parameter Presolve to value 2
Set parameter FeasibilityTol to value 0.001
Set parameter NumericFocus to value 3
Set parameter ScaleFlag to value 2
Set parameter TimeLimit to value 3600
Set parameter Heuristics to value 0.3
Gurobi Optimizer version 11.0.0 build v11.0.0rc2 (win64 - Windows 11+.0 (22631.2))

CPU model: 13th Gen Intel(R) Core(TM) i7-13620H, instruction set [SSE2|AVX|AVX2]
Thread count: 10 physical cores, 16 logical processors, using up to 16 threads

Optimize a model with 4178 rows, 3781 columns and 15548 nonzeros
Model fingerprint: 0xd448f6ff
Variable types: 3400 continuous, 381 integer (381 binary)
Coefficient statistics:
  Matrix range     [1e-04, 1e+06]
  Objective range  [3e-02, 9e+08]
  Bounds range     [1e+00, 1e+00]
  RHS range        [4e-04, 1e+03]
Presolve removed 2306 rows and 416 columns
Presolve time: 0.01s
Presolved: 1872 rows, 3365 columns, 11534 nonzeros
Variable types: 3039 continuous, 326 integer (326 binary)
Root relaxation presolve removed 6 rows and 2 columns
Root relaxation presolved: 1866 rows, 3363 columns, 11522 nonzeros

Extra simplex iterations after uncrush: 190

Root relaxation: objective 6.406741e+04, 2396 iterations, 0.08 seconds (0.10 work units)

    Nodes    |    Current Node    |     Objective Bounds      |     Work
 Expl Unexpl |  Obj  Depth IntInf | Incumbent    BestBd   Gap | It/Node Time

     0     0 64067.4080    0   45          - 64067.4080      -     -    0s
     0     2 64067.4718    0   45          - 64067.4718      -     -    0s
H  738   616                    96121.738043 64429.4157  33.0%  99.5    4s
H  773   648                    95870.281523 64429.4157  32.8%  97.1    4s
H  774   599                    86485.322603 64429.4157  25.5%  97.1    4s
H  851   668                    86098.597321 64429.4157  25.2%  91.3    4s
H  853   653                    84989.758782 64429.4157  24.2%  91.1    4s
H  969   685                    84324.708351 64429.4157  23.6%  92.4    4s
H 1047   738                    84314.350865 64574.4456  23.4%  90.4    4s
* 1151   724              32    81788.097217 64574.4456  21.0%  87.7    4s
  1195   763 infeasible    9      81788.0972 64574.4456  21.0%  90.0    5s
H 1212   761                    81748.387990 64574.4456  21.0%  89.0    5s
H 1251   761                    81747.903987 64574.4456  21.0%  87.2    5s
* 1252   759              26    81632.668810 64574.4456  20.9%  87.1    5s
H 1320   793                    81588.481774 64574.4456  20.9%  86.5    5s
H 1535   853                    81153.393346 64574.4456  20.4%  86.5    5s
H 1751   884                    81153.308490 64969.7293  19.9%  82.9    5s
H 2163   703                    79393.110049 65272.4909  17.8%  76.9    7s
H 2164   589                    78493.996608 65272.4909  16.8%  76.9    7s
H 2171   577                    78228.537309 65272.4909  16.6%  76.9    7s
H 2571   672                    77895.205982 66191.0297  15.0%  71.6    8s
H 2588   671                    77772.635296 66191.0297  14.9%  71.3    8s
H 2691   645                    77043.631528 66191.0297  14.1%  70.5    8s
H 2718   664                    77043.627114 66895.3323  13.2%  70.2    8s
H 2768   664                    77043.624484 67443.1063  12.5%  69.4    8s
H 3022   760                    77043.624458 67841.9404  11.9%  72.6    9s
H 3060   723                    76969.646269 67841.9404  11.9%  74.1    9s
  3215   716 70932.2172   21   40 76969.6463 68810.3504  10.6%  73.4   10s

Cutting planes:
  Cover: 1

Explored 3910 nodes (280557 simplex iterations) in 12.05 seconds (17.90 work units)
Thread count was 16 (of 16 available processors)

Solution count 10: 76969.6 76969.6 77772.6 ... 81632.7

Optimal solution found (tolerance 1.00e-03)
Warning: max integrality violation (3.5332e-05) exceeds tolerance
Best objective 7.696964626904e+04, best bound 7.696964626904e+04, gap 0.0000%

