Solver command line: []

Read LP format model from file C:\Users\mogli\AppData\Local\Temp\tmpkbc3dmei.pyomo.lp
Reading time = 0.11 seconds
x1: 63102 rows, 46894 columns, 210422 nonzeros
Set parameter TimeLimit to value 900
Set parameter MIPGap to value 5e-05
Set parameter IntegralityFocus to value 1
Set parameter ScaleFlag to value 0
Set parameter ImproveStartTime to value 600
Gurobi Optimizer version 11.0.0 build v11.0.0rc2 (win64 - Windows 11+.0 (26100.2))

CPU model: 13th Gen Intel(R) Core(TM) i7-13620H, instruction set [SSE2|AVX|AVX2]
Thread count: 10 physical cores, 16 logical processors, using up to 16 threads

Optimize a model with 63102 rows, 46894 columns and 210422 nonzeros
Model fingerprint: 0x928e6376
Model has 28 SOS constraints
Variable types: 46718 continuous, 176 integer (176 binary)
Coefficient statistics:
  Matrix range     [1e-03, 2e+03]
  Objective range  [3e-02, 1e+03]
  Bounds range     [1e+00, 1e+00]
  RHS range        [4e-04, 1e+03]
Presolve removed 38367 rows and 10645 columns
Presolve time: 0.24s
Presolved: 24735 rows, 36249 columns, 136452 nonzeros
Variable types: 36073 continuous, 176 integer (176 binary)
Deterministic concurrent LP optimizer: primal and dual simplex
Showing primal log only...


Root simplex log...

Iteration    Objective       Primal Inf.    Dual Inf.      Time
   83917    1.9876745e+05   8.770737e+01   2.049204e+13      5s
   86394    7.1820558e+15   0.000000e+00   1.585486e+09      7s
Concurrent spin time: 0.00s

Solved with dual simplex

Root simplex log...

Iteration    Objective       Primal Inf.    Dual Inf.      Time
   43369    8.2879421e+01   0.000000e+00   0.000000e+00      7s

Root relaxation: objective 8.287942e+01, 43369 iterations, 6.47 seconds (9.84 work units)

    Nodes    |    Current Node    |     Objective Bounds      |     Work
 Expl Unexpl |  Obj  Depth IntInf | Incumbent    BestBd   Gap | It/Node Time

     0     0   82.87942    0   70          -   82.87942      -     -    6s
     0     0   84.38269    0   92          -   84.38269      -     -   17s
     0     0   84.77906    0   92          -   84.77906      -     -   18s
     0     0   85.78023    0   91          -   85.78023      -     -   20s
     0     0   85.83565    0   89          -   85.83565      -     -   20s
     0     0   85.83679    0   92          -   85.83679      -     -   20s
     0     0   85.83679    0   92          -   85.83679      -     -   20s
     0     0   87.57078    0   87          -   87.57078      -     -   24s
     0     0   87.69686    0   94          -   87.69686      -     -   25s
     0     0   87.69686    0   94          -   87.69686      -     -   25s
     0     0   87.80302    0   92          -   87.80302      -     -   27s
     0     0   87.81566    0   92          -   87.81566      -     -   28s
     0     0   87.81566    0   92          -   87.81566      -     -   28s
     0     0   87.82477    0   97          -   87.82477      -     -   28s
     0     0   87.86353    0   96          -   87.86353      -     -   29s
     0     0   87.86353    0   95          -   87.86353      -     -   30s
     0     0   87.91729    0   96          -   87.91729      -     -   30s
     0     0   87.95315    0   98          -   87.95315      -     -   31s
     0     0   87.95315    0   99          -   87.95315      -     -   31s
     0     0   88.01611    0   99          -   88.01611      -     -   32s
     0     0   88.02915    0  100          -   88.02915      -     -   33s
     0     0   88.02915    0   98          -   88.02915      -     -   33s
     0     0   88.02915    0   99          -   88.02915      -     -   33s
     0     0   88.04795    0  100          -   88.04795      -     -   34s
     0     0   88.09279    0   99          -   88.09279      -     -   34s
     0     0   88.09279    0  100          -   88.09279      -     -   35s
     0     0   88.09279    0  101          -   88.09279      -     -   35s
     0     0   88.09279    0   98          -   88.09279      -     -   35s
     0     0   88.09279    0  102          -   88.09279      -     -   36s
     0     0   88.09279    0  102          -   88.09279      -     -   36s
     0     0   88.09279    0  103          -   88.09279      -     -   36s
     0     0   88.17562    0  103          -   88.17562      -     -   37s
     0     2   88.17562    0  103          -   88.17562      -     -   40s
    15    26   88.58435    4   84          -   88.43732      -   834   47s
    35    46   90.04098    6   82          -   88.71391      -   900   50s
    83    95   90.61723    9   81          -   88.75354      -   677   57s
    96   106   92.63930    9   72          -   88.75354      -   709   60s
   139   155   94.54721   14   78          -   88.75354      -   671   65s
   204   219   97.43119   21   70          -   88.75354      -   651   71s
   256   270   97.94059   25   64          -   88.75354      -   663   75s
   321   322   98.26391   27   53          -   88.75354      -   699   83s
   349   346   99.19767   32   41          -   88.75354      -   761  114s
   375   353 infeasible   35               -   88.75354      -   890  117s
   433   415  103.03794   37   38          -   88.75354      -   952  122s
   486   438  103.12843   39   35          -   88.75354      -   941  137s
   523   472  103.30324   43   33          -   88.75354      -  1112  150s
   571   501  106.57808   50   30          -   88.75354      -  1104  163s
H  594   501                     107.0125507   88.75354  17.1%  1075  163s
   612   543 infeasible   51       107.01255   88.75785  17.1%  1119  166s
   752   576 infeasible   11       107.01255   88.76620  17.1%   982  171s
*  760   576              88     106.1141733   88.76620  16.3%   974  171s
   813   560 infeasible   11       106.11417   88.76620  16.3%   959  175s
*  821   560              87     103.3051150   88.76620  14.1%   978  175s
   910   577  101.37120   19   49  103.30511   88.76620  14.1%   978  184s
   955   566 infeasible   21       103.30511   88.76620  14.1%   986  188s
  1003   551  102.45577   22   42  103.30511   88.76620  14.1%   992  197s
  1030   588 infeasible   25       103.30511   88.91712  13.9%   987  203s
  1101   624   91.53677    8   81  103.30511   88.91712  13.9%   979  207s
  1172   700  101.19893   14   62  103.30511   88.91712  13.9%   955  211s
  1270   780  102.50786   18   51  103.30511   88.91712  13.9%   921  215s
  1389   793  100.58880   35   28  103.30511   88.91712  13.9%   871  221s
  1451   818  101.79137   41   22  103.30511   88.91712  13.9%   884  225s
H 1459   750                     102.4640923   88.91712  13.2%   880  225s
  1530   794  101.98613   52   16  102.46409   88.91712  13.2%   869  231s
  1667   818  102.45928   83    1  102.46409   88.91712  13.2%   825  238s
H 1691   818                     102.4640913   88.91712  13.2%   814  238s
H 1725   818                     102.4618409   88.91712  13.2%   798  238s
* 1727   688              93     101.4731800   88.91712  12.4%   797  238s
  1778   696     cutoff  117       101.47318   89.13676  12.2%   802  243s
  1870   693   95.47925   12   54  101.47318   89.13676  12.2%   794  249s
  1943   704   98.75384   13   53  101.47318   89.13676  12.2%   799  285s
H 1978   550                      99.7406139   89.13676  10.6%   787  285s
  2036   552   99.23148   15   48   99.74061   89.13676  10.6%   801  291s
  2176   557   99.42631   85    1   99.74061   89.13676  10.6%   789  296s
  2337   558   99.42631  129    1   99.74061   89.13676  10.6%   757  302s
  2514   546   99.42631  176    1   99.74061   89.13676  10.6%   722  307s
  2706   555   99.42631  227    1   99.74061   89.13676  10.6%   695  314s
* 2912   541              84      99.5936248   89.13676  10.5%   652  314s
* 2913   531              84      99.4995302   89.13676  10.4%   652  314s
  2930   522   99.42631  282    1   99.49953   89.13676  10.4%   662  320s
  3099   523   99.42631  341    1   99.49953   89.13676  10.4%   643  327s
  3330   527   99.42631  403    1   99.49953   89.13676  10.4%   614  367s
  3571   520   99.42631  470    1   99.49953   89.13676  10.4%   610  374s
  3888   515   99.42631  542    1   99.49953   89.13676  10.4%   587  378s
  4234   524   99.42631  620    1   99.49953   89.13676  10.4%   549  383s
* 4503   522              84      99.3662963   89.13676  10.3%   519  383s
  4602   521     cutoff  705        99.36630   90.08323  9.34%   511  388s
  4928   549   99.07151   12   49   99.36630   91.48421  7.93%   489  395s
  5356   541   96.78708    8   82   99.36630   91.48421  7.93%   460  405s
  5822   541     cutoff   24        99.36630   91.78288  7.63%   437  411s
  6330   538   99.21180   14   62   99.36630   91.78288  7.63%   409  427s
  6876   536   99.31957   17   58   99.36630   91.94273  7.47%   389  435s
  7457   536 infeasible    7        99.36630   92.21924  7.19%   372  440s
  8090   531     cutoff   12        99.36630   92.21924  7.19%   349  445s
  8776   538   99.24331   37   12   99.36630   92.27489  7.14%   326  451s
* 8803   538              63      99.3573643   92.27489  7.13%   326  451s
  9533   531   99.13525   14   59   99.35736   92.27489  7.13%   307  458s
 10326   538   98.97899   13   61   99.35736   92.27489  7.13%   290  471s
*11395   535              62      99.3224378   92.27489  7.10%   268  471s
 11410   529   99.28927   40    9   99.32244   92.48025  6.89%   269  476s
*11902   521              61      99.2983761   92.48025  6.87%   259  476s
 12162   507     cutoff    8        99.29838   92.66133  6.68%   258  502s
 12930   500     cutoff   43        99.29838   92.75744  6.59%   254  509s
 13742   488   96.83980   12   70   99.29838   92.80309  6.54%   244  515s
 14600   483   96.58023   14   58   99.29838   92.95009  6.39%   235  521s
 15511   487 infeasible   15        99.29838   93.02447  6.32%   225  553s
 16475   483     cutoff   19        99.29838   93.32135  6.02%   220  560s
 17514   478   98.63447   12   76   99.29838   93.45978  5.88%   210  567s
 18603   471   97.21585   10   67   99.29838   93.56012  5.78%   201  574s
 19756   468   99.05730   12   74   99.29838   93.86343  5.47%   192  581s
 20988   450     cutoff   16        99.29838   94.02336  5.31%   184  588s
 22282   446   97.86750   11   72   99.29838   94.13923  5.20%   177  598s
 23658   446     cutoff   19        99.29838   94.18075  5.15%   171  605s

Resetting heuristic parameters to focus on improving solution
(using Heuristics=0.5 and RINS=10)...

 25123   438     cutoff   12        99.29838   94.53351  4.80%   163  624s
 25592   399     cutoff   14        99.29838   94.69624  4.63%   165  660s
 27267   389     cutoff   13        99.29838   94.93597  4.39%   167  686s
 27393   387     cutoff   14        99.29838   95.45287  3.87%   171  715s
H27394   387                      98.8798495   95.45287  3.47%   171  715s
H27419   387                      98.8690334   95.45287  3.46%   171  715s
 27450   344 infeasible    8        98.86903   95.58030  3.33%   172  751s
H27458   344                      98.8681243   95.58030  3.33%   172  751s
H27467   344                      98.8626401   95.58030  3.32%   173  751s
H27469   344                      98.8612572   95.58030  3.32%   173  751s
H27528   344                      98.8612437   95.58030  3.32%   176  751s
 27530   328 infeasible   16        98.86124   96.05735  2.84%   176  900s
H27535   328                      98.8608339   96.05735  2.84%   176  900s
H27536   328                      98.8608330   96.05735  2.84%   176  900s
H27537   328                      98.8602834   96.05735  2.84%   176  900s

Cutting planes:
  Learned: 7
  Gomory: 12
  Cover: 7
  Implied bound: 18
  MIR: 1468
  Flow cover: 246
  Inf proof: 5
  RLT: 18
  Relax-and-lift: 71

Explored 27587 nodes (4992649 simplex iterations) in 900.12 seconds (1430.26 work units)
Thread count was 16 (of 16 available processors)

Solution count 10: 98.8603 98.8681 98.8798 ... 99.7406

Time limit reached
Best objective 9.886028338541e+01, best bound 9.659290238282e+01, gap 2.2935%

