Solver command line: []

Read LP format model from file C:\Users\mogli\AppData\Local\Temp\tmpwqthqwnz.pyomo.lp
Reading time = 0.08 seconds
x1: 39449 rows, 29252 columns, 129414 nonzeros
Set parameter TimeLimit to value 3600
Set parameter MIPGap to value 5e-05
Set parameter NumericFocus to value 3
Set parameter ScaleFlag to value 0
Set parameter Threads to value 12
Set parameter IntegralityFocus to value 1
Gurobi Optimizer version 11.0.0 build v11.0.0rc2 (win64 - Windows 11+.0 (26100.2))

CPU model: 13th Gen Intel(R) Core(TM) i7-13620H, instruction set [SSE2|AVX|AVX2]
Thread count: 10 physical cores, 16 logical processors, using up to 12 threads

Optimize a model with 39449 rows, 29252 columns and 129414 nonzeros
Model fingerprint: 0xe58235b7
Model has 17 SOS constraints
Variable types: 29122 continuous, 130 integer (130 binary)
Coefficient statistics:
  Matrix range     [3e-04, 1e+06]
  Objective range  [3e-02, 4e+05]
  Bounds range     [1e+00, 1e+00]
  RHS range        [3e-04, 5e+05]
Presolve removed 23829 rows and 6195 columns
Presolve time: 0.21s
Presolved: 15620 rows, 23057 columns, 81301 nonzeros
Variable types: 22963 continuous, 94 integer (93 binary)

Root simplex log...

Iteration    Objective       Primal Inf.    Dual Inf.      Time
   18526    5.2622081e+01   1.233086e+03   0.000000e+00      5s
   30180    6.7432841e+01   0.000000e+00   0.000000e+00      8s

Root relaxation: objective 6.743284e+01, 30180 iterations, 7.98 seconds (9.33 work units)

    Nodes    |    Current Node    |     Objective Bounds      |     Work
 Expl Unexpl |  Obj  Depth IntInf | Incumbent    BestBd   Gap | It/Node Time

     0     0   67.43284    0   26          -   67.43284      -     -    8s
H    0     0                     826.9944007   67.43284  91.8%     -    9s
     0     2   67.43284    0   22  826.99440   67.43284  91.8%     -   10s
    14    15     cutoff    4       826.99440   67.43394  91.8%   911   15s
H   49    27                     294.2561688   67.43717  77.1%   725   18s
H   59    27                      67.5957067   67.43717  0.23%   694   18s
    93     6 infeasible    9        67.59571   67.44699  0.22%   534   20s
H  117    27                      67.5913344   67.51488  0.11%   463   21s
*  164    34              17      67.5706158   67.51516  0.08%   378   22s
*  275     7              21      67.5655978   67.53377  0.05%   288   23s

Cutting planes:
  Cover: 2
  Implied bound: 120

Explored 290 nodes (114187 simplex iterations) in 24.01 seconds (32.66 work units)
Thread count was 12 (of 16 available processors)

Solution count 6: 67.5656 67.5706 67.5913 ... 826.994

Optimal solution found (tolerance 5.00e-05)
Warning: max constraint violation (2.4008e-06) exceeds tolerance
Best objective 6.756559779459e+01, best bound 6.756559779443e+01, gap 0.0000%

