Solver command line: []

Read LP format model from file C:\Users\mogli\AppData\Local\Temp\tmp2x6ueeal.pyomo.lp
Reading time = 0.07 seconds
x1: 39866 rows, 31202 columns, 139658 nonzeros
Set parameter TimeLimit to value 10800
Set parameter MIPGap to value 5e-05
Set parameter IntegralityFocus to value 1
Set parameter ScaleFlag to value 0
Gurobi Optimizer version 11.0.0 build v11.0.0rc2 (win64 - Windows 11+.0 (26100.2))

CPU model: 13th Gen Intel(R) Core(TM) i7-13620H, instruction set [SSE2|AVX|AVX2]
Thread count: 10 physical cores, 16 logical processors, using up to 16 threads

Optimize a model with 39866 rows, 31202 columns and 139658 nonzeros
Model fingerprint: 0x03921c5e
Model has 18 SOS constraints
Variable types: 31090 continuous, 112 integer (112 binary)
Coefficient statistics:
  Matrix range     [6e-04, 2e+03]
  Objective range  [3e-02, 1e+03]
  Bounds range     [1e+00, 1e+00]
  RHS range        [2e-04, 1e+03]
Presolve removed 36919 rows and 18562 columns
Presolve time: 0.05s
Presolved: 2947 rows, 12640 columns, 31866 nonzeros
Variable types: 12640 continuous, 0 integer (0 binary)

Root relaxation: infeasible, 3231 iterations, 0.01 seconds (0.01 work units)

    Nodes    |    Current Node    |     Objective Bounds      |     Work
 Expl Unexpl |  Obj  Depth IntInf | Incumbent    BestBd   Gap | It/Node Time

     0     0 infeasible    0               - infeasible      -     -    0s

Explored 1 nodes (3231 simplex iterations) in 0.08 seconds (0.13 work units)
Thread count was 16 (of 16 available processors)

Solution count 0

Model is infeasible or unbounded
Best objective -, best bound -, gap -

