Solver command line: []

Read LP format model from file C:\Users\mogli\AppData\Local\Temp\tmpt2korswr.pyomo.lp
Reading time = 0.07 seconds
x1: 39449 rows, 29252 columns, 129414 nonzeros
Set parameter TimeLimit to value 3600
Set parameter MIPGap to value 5e-05
Set parameter NumericFocus to value 3
Set parameter ScaleFlag to value 0
Set parameter Threads to value 12
Set parameter IntegralityFocus to value 1
Gurobi Optimizer version 11.0.0 build v11.0.0rc2 (win64 - Windows 11+.0 (26100.2))

CPU model: 13th Gen Intel(R) Core(TM) i7-13620H, instruction set [SSE2|AVX|AVX2]
Thread count: 10 physical cores, 16 logical processors, using up to 12 threads

Optimize a model with 39449 rows, 29252 columns and 129414 nonzeros
Model fingerprint: 0xdec6ddb4
Model has 17 SOS constraints
Variable types: 29122 continuous, 130 integer (130 binary)
Coefficient statistics:
  Matrix range     [3e-04, 1e+06]
  Objective range  [3e-02, 4e+05]
  Bounds range     [1e+00, 1e+00]
  RHS range        [1e-03, 1e+05]
Presolve removed 23825 rows and 6153 columns
Presolve time: 0.15s
Presolved: 15624 rows, 23099 columns, 80967 nonzeros
Variable types: 23007 continuous, 92 integer (92 binary)

Root relaxation: objective 8.998660e+01, 18407 iterations, 3.33 seconds (3.86 work units)

    Nodes    |    Current Node    |     Objective Bounds      |     Work
 Expl Unexpl |  Obj  Depth IntInf | Incumbent    BestBd   Gap | It/Node Time

     0     0   89.98660    0   34          -   89.98660      -     -    4s
H    0     0                      93.0656344   89.98660  3.31%     -    4s
     0     1   89.98660    0   31   93.06563   89.98660  3.31%     -    4s
     1     1   89.98660    1   32   93.06563   89.98660  3.31%   408    5s
H   29    38                      91.4964768   90.00363  1.63%   358    7s
H   30    38                      91.3838093   90.01592  1.50%   360    7s
H   31    38                      91.3494641   90.01592  1.46%   360    7s
H   34    38                      91.3308225   90.01592  1.44%   383    7s
H   35    38                      91.2964773   90.01592  1.40%   381    7s
   355   315   90.23098   27   17   91.29648   90.02152  1.40%   122   10s
*  683   531              69      90.6751355   90.02440  0.72%   106   12s
H  705   529                      90.6177295   90.02440  0.65%   104   12s
H  707   529                      90.5863530   90.02440  0.62%   105   12s
*  713   529              65      90.5558107   90.02440  0.59%   106   12s
   856   578 infeasible   29        90.55581   90.02440  0.59%   116   15s
* 1303   661              40      90.5360487   90.02440  0.57%   106   17s
  1523   667   90.49321   21   17   90.53605   90.09033  0.49%   104   20s
  2385   812   90.52227   33    6   90.53605   90.10002  0.48%  93.8   25s
  3040  1011   90.52096   27    5   90.53605   90.10961  0.47%  95.4   30s
  3640  1158   90.26497   14   40   90.53605   90.14657  0.43%  97.7   35s
H 4296  1120                      90.5102191   90.17592  0.37%   100   41s
  4297  1119   90.36420   12   34   90.51022   90.17592  0.37%   100   45s
  4301  1125   90.17592   14   33   90.51022   90.17592  0.37%   103   50s
  4973   953   90.48450   26   23   90.51022   90.29504  0.24%   102   55s
* 5215   762              47      90.5102179   90.50181  0.01%   101   56s

Cutting planes:
  Cover: 2
  Implied bound: 6

Explored 5235 nodes (547110 simplex iterations) in 56.27 seconds (60.44 work units)
Thread count was 12 (of 16 available processors)

Solution count 10: 90.5102 90.536 90.5558 ... 91.3838

Optimal solution found (tolerance 5.00e-05)
Best objective 9.051021790321e+01, best bound 9.051021790295e+01, gap 0.0000%

