Solver command line: []

Read LP format model from file C:\Users\mogli\AppData\Local\Temp\tmp4wt2k2yh.pyomo.lp
Reading time = 0.12 seconds
x1: 57291 rows, 44320 columns, 195524 nonzeros
Set parameter TimeLimit to value 1800
Set parameter MIPGap to value 5e-05
Set parameter Threads to value 12
Set parameter IntegralityFocus to value 1
Set parameter MIPFocus to value 2
Gurobi Optimizer version 11.0.0 build v11.0.0rc2 (win64 - Windows 11+.0 (26100.2))

CPU model: 13th Gen Intel(R) Core(TM) i7-13620H, instruction set [SSE2|AVX|AVX2]
Thread count: 10 physical cores, 16 logical processors, using up to 12 threads

Optimize a model with 57291 rows, 44320 columns and 195524 nonzeros
Model fingerprint: 0xb007a49a
Model has 28 SOS constraints
Variable types: 44143 continuous, 177 integer (177 binary)
Coefficient statistics:
  Matrix range     [3e-04, 1e+06]
  Objective range  [3e-02, 4e+05]
  Bounds range     [1e+00, 1e+00]
  RHS range        [2e-04, 1e+05]
Presolve removed 33069 rows and 8536 columns
Presolve time: 0.30s
Presolved: 24222 rows, 35784 columns, 132775 nonzeros
Variable types: 35609 continuous, 175 integer (175 binary)
Root relaxation presolve removed 43 rows and 43 columns
Root relaxation presolved: 24179 rows, 35741 columns, 132641 nonzeros

Deterministic concurrent LP optimizer: primal and dual simplex
Showing primal log only...


Root simplex log...

Iteration    Objective       Primal Inf.    Dual Inf.      Time
  146660    1.3048465e+05   3.746635e+01   9.827927e+09      5s
  147785    9.9100350e+13   0.000000e+00   8.352581e+09      6s
Concurrent spin time: 0.00s

Solved with dual simplex

Root simplex log...

Iteration    Objective       Primal Inf.    Dual Inf.      Time
   50071    4.5492003e+01   0.000000e+00   0.000000e+00      7s

Root relaxation: objective 4.549200e+01, 50071 iterations, 6.65 seconds (8.45 work units)

    Nodes    |    Current Node    |     Objective Bounds      |     Work
 Expl Unexpl |  Obj  Depth IntInf | Incumbent    BestBd   Gap | It/Node Time

     0     0   45.49200    0   71          -   45.49200      -     -    7s
     0     0   49.69416    0   73          -   49.69416      -     -   12s
     0     0   49.74108    0   73          -   49.74108      -     -   13s
     0     0   49.74108    0   73          -   49.74108      -     -   13s
H    0     0                      63.8998024   50.25811  21.3%     -   16s
     0     0   50.25811    0   85   63.89980   50.25811  21.3%     -   16s
     0     0   50.34718    0   86   63.89980   50.34718  21.2%     -   16s
     0     0   50.34718    0   86   63.89980   50.34718  21.2%     -   17s
     0     0   50.52197    0   91   63.89980   50.52197  20.9%     -   21s
     0     0   50.55943    0   91   63.89980   50.55943  20.9%     -   24s
     0     0   50.56671    0   92   63.89980   50.56671  20.9%     -   29s
     0     0   50.57622    0   92   63.89980   50.57622  20.9%     -   30s
     0     0   50.57622    0   92   63.89980   50.57622  20.9%     -   30s
     0     0   50.60249    0   89   63.89980   50.60249  20.8%     -   34s
     0     0   50.64593    0   91   63.89980   50.64593  20.7%     -   35s
     0     0   50.64593    0   91   63.89980   50.64593  20.7%     -   35s
     0     0   50.65707    0   89   63.89980   50.65707  20.7%     -   41s
     0     0   50.69228    0   91   63.89980   50.69228  20.7%     -   44s
     0     0   50.69355    0   91   63.89980   50.69355  20.7%     -   44s
     0     0   50.69358    0   91   63.89980   50.69358  20.7%     -   44s
     0     0   50.73290    0   91   63.89980   50.73290  20.6%     -   49s
     0     0   50.73609    0   90   63.89980   50.73609  20.6%     -   50s
     0     0   50.73609    0   93   63.89980   50.73609  20.6%     -   52s
     0     0   50.73609    0   93   63.89980   50.73609  20.6%     -   53s
     0     0   50.73690    0   92   63.89980   50.73690  20.6%     -   54s
     0     0   50.73932    0   92   63.89980   50.73932  20.6%     -   55s
     0     0   50.76061    0   93   63.89980   50.76061  20.6%     -   57s
     0     0   50.76592    0   93   63.89980   50.76592  20.6%     -   58s
     0     0   50.76592    0   91   63.89980   50.76592  20.6%     -   59s
     0     0   50.76592    0   91   63.89980   50.76592  20.6%     -   60s
     0     0   50.76614    0   91   63.89980   50.76614  20.6%     -   62s
     0     0   50.78806    0   91   63.89980   50.78806  20.5%     -   69s
     0     2   50.78806    0   91   63.89980   50.78806  20.5%     -   77s
     1     4   50.80359    1   90   63.89980   50.78806  20.5%   833   80s
     7    14 infeasible    3        63.89980   50.85909  20.4%  2371   89s
    15    26   51.92809    4   80   63.89980   51.74468  19.0%  2386   97s
    27    38   53.20282    5   80   63.89980   51.85083  18.9%  2579  105s
    39    49   53.25654    6   80   63.89980   51.85083  18.9%  2661  111s
    63    76   53.35957    8   78   63.89980   51.85083  18.9%  2059  119s
    80    93   53.41857   10   77   63.89980   51.85083  18.9%  1814  123s
    97   109   53.89023   12   72   63.89980   51.85083  18.9%  1725  127s
   115   123 infeasible   12        63.89980   51.85083  18.9%  1634  132s
   133   141   54.05744   14   71   63.89980   51.85083  18.9%  1572  135s
   174   184   54.43446   15   65   63.89980   51.85083  18.9%  1396  143s
   197   203   54.54490   17   68   63.89980   51.85083  18.9%  1308  146s
   223   211   54.78024   17   65   63.89980   51.85083  18.9%  1229  152s
   245   224 infeasible   17        63.89980   51.85083  18.9%  1227  177s
   267   231   54.95144   18   65   63.89980   51.85083  18.9%  1238  184s
   294   252   55.63002   18   61   63.89980   51.85083  18.9%  1221  191s
   323   270   61.41587   19   64   63.89980   51.85083  18.9%  1207  201s
   353   279   61.70190   20   63   63.89980   51.85083  18.9%  1209  207s
   379   290 infeasible   19        63.89980   51.85083  18.9%  1216  214s
   403   302   61.95197   22   57   63.89980   51.85083  18.9%  1242  233s
   425   326   61.99420   23   58   63.89980   51.85083  18.9%  1225  247s
   460   363   62.16296   25   60   63.89980   51.85083  18.9%  1240  254s
   510   389   62.64760   26   54   63.89980   51.85083  18.9%  1210  264s
   552   400   63.10557   28   50   63.89980   51.85083  18.9%  1192  281s
H  557   400                      63.8995863   51.85083  18.9%  1194  281s
H  558   400                      63.8992548   51.85083  18.9%  1192  281s
   575   431   63.26447   28   53   63.89925   52.83039  17.3%  1225  290s
   623   470   60.07275   11   64   63.89925   52.83039  17.3%  1211  299s
   672   524   61.81842   14   56   63.89925   52.83039  17.3%  1197  306s
   743   561   62.76780   17   56   63.89925   52.83039  17.3%  1154  314s
   805   621   63.59254   22   51   63.89925   52.83039  17.3%  1135  323s
   875   666   63.76367   25   47   63.89925   52.83039  17.3%  1107  331s
   931   707   63.89291   29   41   63.89925   52.83039  17.3%  1097  337s
  1006   762     cutoff   29        63.89925   52.83039  17.3%  1072  348s
  1086   804   60.70653   13   53   63.89925   53.08035  16.9%  1055  359s
  1150   849   61.45035   15   49   63.89925   53.08035  16.9%  1055  372s
  1261   922   62.34714   20   46   63.89925   53.08035  16.9%  1029  382s
  1360   993   62.83194   24   41   63.89925   53.08035  16.9%  1007  395s
  1472  1024   63.07511   29   37   63.89925   53.08035  16.9%   983  422s
  1559  1081   63.87374   33   32   63.89925   53.08035  16.9%   982  434s
  1670  1152     cutoff   33        63.89925   53.08035  16.9%   964  447s
  1807  1212   61.83193   12   60   63.89925   53.88837  15.7%   948  467s
  1945  1281   63.61789   18   52   63.89925   53.88837  15.7%   950  480s
  2082  1351     cutoff   22        63.89925   54.41805  14.8%   933  492s
  2199  1400   62.45082   18   58   63.89925   54.41805  14.8%   924  505s
  2300  1443   63.64409   28   46   63.89925   54.75341  14.3%   928  518s
  2417  1522   61.84746   15   61   63.89925   54.75341  14.3%   926  532s
* 2510  1494              68      63.8503166   54.75341  14.2%   914  532s
  2557  1532     cutoff   21        63.85032   54.75341  14.2%   915  559s
  2671  1603     cutoff   21        63.85032   54.94069  14.0%   930  578s
H 2810   562                      61.7146250   54.94069  11.0%   936  652s
  2811   542   58.25378   19   91   61.71462   54.94069  11.0%   936  669s
H 2812   515                      61.7145995   54.94069  11.0%   936  680s
  2814   516   60.48087   13   89   61.71460   56.65477  8.20%   935  694s
  2815   517   60.14360   10   88   61.71460   56.66920  8.18%   935  699s
  2816   517   58.70137    6   91   61.71460   56.67471  8.17%   934  702s
  2817   518   61.09559   14   91   61.71460   57.51733  6.80%   934  725s
  2818   519   60.79734   23   97   61.71460   57.51733  6.80%   934  737s
  2819   519   60.06754   11   96   61.71460   57.76861  6.39%   933  767s
  2820   520   61.17995   16   96   61.71460   57.78135  6.37%   933  780s
  2821   521   57.92059   14  100   61.71460   57.82303  6.31%   933  810s
  2822   521   59.52964   10  102   61.71460   57.82723  6.30%   932  824s
  2823   522   60.90456   19   96   61.71460   57.87115  6.23%   932  844s
  2824   523   60.13977   11   96   61.71460   57.87115  6.23%   932  864s
  2825   523   61.12664   20   96   61.71460   57.87115  6.23%   931  875s
  2826   527   57.94996   16   92   61.71460   57.87115  6.23%   966  894s
  2828   530   58.52754   17   90   61.71460   57.87115  6.23%   968  903s
  2832   537   58.53682   18   92   61.71460   58.04942  5.94%   972  910s
  2840   538 infeasible   19        61.71460   58.33854  5.47%   981  916s
  2852   540   59.30140   20   76   61.71460   58.53804  5.15%   989  925s
  2876   544   60.49471   22   76   61.71460   58.66430  4.94%   992  933s
  2888   543   60.88733   23   72   61.71460   58.84340  4.65%   992  957s
  2901   537     cutoff   24        61.71460   58.84340  4.65%  1005  985s
  2919   530 infeasible   25        61.71460   58.84353  4.65%  1023  995s
  2937   530   59.55534   22   76   61.71460   58.94694  4.48%  1026 1003s
  2952   534   59.71116   24   72   61.71460   58.94694  4.48%  1030 1012s
  2969   537   60.24187   26   69   61.71460   58.94694  4.48%  1031 1020s
  2985   539   60.25966   27   68   61.71460   58.94694  4.48%  1033 1026s
  3002   542   60.29568   28   64   61.71460   58.94694  4.48%  1033 1033s
  3023   547   60.31144   30   57   61.71460   58.94694  4.48%  1034 1039s
  3045   554   61.19872   33   52   61.71460   58.94694  4.48%  1032 1046s
  3069   557   61.21224   35   48   61.71460   58.94694  4.48%  1032 1052s
  3096   555   61.23097   38   44   61.71460   58.94694  4.48%  1028 1059s
  3119   560   61.24545   41   40   61.71460   58.94694  4.48%  1029 1065s
  3146   561   61.25592   45   32   61.71460   58.94694  4.48%  1026 1089s
  3171   561   61.27075   51   28   61.71460   58.94694  4.48%  1031 1097s
  3200   566   61.29328   56   22   61.71460   58.94694  4.48%  1033 1107s
  3232   564   61.37563   63   10   61.71460   58.94694  4.48%  1035 1120s
  3264   576   61.43749   70    5   61.71460   58.94694  4.48%  1037 1130s
  3313   576   61.64204   78    2   61.71460   58.96018  4.46%  1034 1162s
* 3319   548              84      61.6517412   58.96018  4.37%  1032 1162s
* 3347   513              83      61.5052531   58.98719  4.09%  1047 1162s
  3368   507   58.98774   22   76   61.50525   58.98774  4.09%  1049 1175s
  3415   511   59.88836   22   72   61.50525   59.61548  3.07%  1051 1186s
  3453   509   60.01526   24   64   61.50525   59.61548  3.07%  1053 1201s
  3492   532   60.91918   26   55   61.50525   59.61548  3.07%  1056 1219s
H 3501   505                      61.4120613   59.61548  2.93%  1055 1219s
  3546   504     cutoff   28        61.41206   59.61548  2.93%  1057 1245s
* 3554   478              72      61.3914199   59.61548  2.89%  1056 1245s
  3599   467   61.22820   26   74   61.39142   59.61548  2.89%  1068 1264s
* 3614   441              77      61.3901471   59.61548  2.89%  1068 1264s
  3621   451  postponed   27        61.39015   59.61548  2.89%  1078 1290s
  3664   452 infeasible   28        61.39015   59.75953  2.66%  1088 1306s
  3724   476   60.70127   26   56   61.39015   59.93711  2.37%  1092 1322s
  3817   479   60.73823   29   56   61.39015   59.95074  2.34%  1086 1375s
* 3853   446              84      61.0350506   59.95074  1.78%  1092 1375s
  3911   414     cutoff   34        61.03505   60.01201  1.68%  1088 1403s
  3967   392     cutoff   26        61.03505   60.06369  1.59%  1096 1429s
  4024   392   60.56695   25   59   61.03505   60.06369  1.59%  1108 1449s
  4086   410   60.78521   30   49   61.03505   60.06369  1.59%  1111 1469s
  4170   445 infeasible   33        61.03505   60.45371  0.95%  1111 1489s
H 4215   445                      61.0065633   60.57381  0.71%  1112 1489s
H 4218   445                      61.0034037   60.57381  0.70%  1111 1489s
* 4227   445              67      61.0034032   60.57381  0.70%  1109 1489s
  4265   479     cutoff   26        61.00340   60.57381  0.70%  1105 1509s
H 4334   479                      60.9775201   60.57381  0.66%  1106 1509s
H 4337   479                      60.9580005   60.57381  0.63%  1105 1509s
* 4351   479              74      60.9579999   60.57381  0.63%  1102 1509s
  4352   487   60.68726   25   62   60.95800   60.60535  0.58%  1102 1545s
  4435   528   60.74681   27   64   60.95800   60.67739  0.46%  1101 1564s
H 4437   528                      60.9017001   60.67739  0.37%  1103 1564s
  4560   521     cutoff   28        60.90170   60.70049  0.33%  1089 1587s
H 4566   521                      60.9012161   60.70049  0.33%  1088 1587s
* 4614   521              74      60.8665499   60.71196  0.25%  1088 1587s
  4644   481     cutoff   58        60.86655   60.71196  0.25%  1086 1604s
* 4827   481              70      60.8664800   60.72081  0.24%  1062 1604s
  4872   426     cutoff   58        60.86648   60.73452  0.22%  1056 1626s
  5098   364   60.76643   46   24   60.86648   60.74290  0.20%  1031 1665s
  5334   374     cutoff   59        60.86648   60.74300  0.20%  1012 1687s
H 5385   374                      60.8649025   60.78427  0.13%  1007 1687s
* 5398   374              68      60.8649022   60.78427  0.13%  1005 1687s
* 5440   374              69      60.8648789   60.79861  0.11%  1000 1687s
  5567   254   60.84287   31   44   60.86488   60.80278  0.10%   990 1718s
* 5616   254              67      60.8648481   60.80278  0.10%   985 1718s
  5928   131     cutoff   54        60.86485   60.81001  0.09%   948 1745s
  6319     0     cutoff   60        60.86485   60.82362  0.07%   910 1755s

Cutting planes:
  Learned: 20
  Gomory: 5
  Lift-and-project: 2
  Cover: 9
  Implied bound: 48
  Projected implied bound: 166
  MIR: 568
  Mixing: 4
  Flow cover: 3092
  Inf proof: 9
  Relax-and-lift: 107

Explored 6492 nodes (5884876 simplex iterations) in 1756.41 seconds (2201.75 work units)
Thread count was 12 (of 16 available processors)

Solution count 10: 60.8648 60.8649 60.8649 ... 61.0034

Optimal solution found (tolerance 5.00e-05)
Best objective 6.086484809079e+01, best bound 6.086484809077e+01, gap 0.0000%

