Solver command line: []

Read LP format model from file C:\Users\mogli\AppData\Local\Temp\tmpfjwopg3u.pyomo.lp
Reading time = 0.08 seconds
x1: 39449 rows, 29252 columns, 129414 nonzeros
Set parameter TimeLimit to value 3600
Set parameter MIPGap to value 5e-05
Set parameter NumericFocus to value 3
Set parameter ScaleFlag to value 0
Set parameter Threads to value 12
Set parameter IntegralityFocus to value 1
Gurobi Optimizer version 11.0.0 build v11.0.0rc2 (win64 - Windows 11+.0 (26100.2))

CPU model: 13th Gen Intel(R) Core(TM) i7-13620H, instruction set [SSE2|AVX|AVX2]
Thread count: 10 physical cores, 16 logical processors, using up to 12 threads

Optimize a model with 39449 rows, 29252 columns and 129414 nonzeros
Model fingerprint: 0x8288eda1
Model has 17 SOS constraints
Variable types: 29122 continuous, 130 integer (130 binary)
Coefficient statistics:
  Matrix range     [3e-04, 1e+06]
  Objective range  [3e-02, 4e+05]
  Bounds range     [1e+00, 1e+00]
  RHS range        [5e-04, 5e+05]
Presolve removed 23829 rows and 6195 columns
Presolve time: 0.17s
Presolved: 15620 rows, 23057 columns, 81301 nonzeros
Variable types: 22963 continuous, 94 integer (94 binary)

Root simplex log...

Iteration    Objective       Primal Inf.    Dual Inf.      Time
   20238    1.4108369e+02   4.309363e+02   0.000000e+00      5s
   27631    1.5490548e+02   0.000000e+00   0.000000e+00      7s

Root relaxation: objective 1.549055e+02, 27631 iterations, 6.97 seconds (8.80 work units)

    Nodes    |    Current Node    |     Objective Bounds      |     Work
 Expl Unexpl |  Obj  Depth IntInf | Incumbent    BestBd   Gap | It/Node Time

     0     0  154.90548    0   25          -  154.90548      -     -    7s
H    0     0                    1619.6799016  154.90548  90.4%     -    8s
H    0     0                    1543.9021107  154.90548  90.0%     -    8s
     0     2  154.90548    0   25 1543.90211  154.90548  90.0%     -    9s
     7    14  154.91314    3   29 1543.90211  154.91314  90.0%   482   10s
*   63    31               9    1033.0504780  154.91314  85.0%   556   12s
*   68    31               9     949.2787771  154.91970  83.7%   562   12s
*   82    24              10     630.3010378  154.91970  75.4%   573   13s
*   85    24               9     571.3063623  154.91970  72.9%   560   13s
*  104    16               9     541.7447446  154.91970  71.4%   543   13s
*  108    16               8     422.2361162  154.91970  63.3%   528   13s
*  110    16               8     305.8765774  154.91970  49.4%   520   13s
   123     4 infeasible    8       305.87658  154.91989  49.4%   502   15s
H  125     4                     155.5750192  154.91989  0.42%   496   15s
*  126     4               8     155.5750108  154.91989  0.42%   505   15s

Cutting planes:
  Cover: 3
  Implied bound: 16

Explored 141 nodes (97527 simplex iterations) in 15.61 seconds (19.30 work units)
Thread count was 12 (of 16 available processors)

Solution count 10: 155.575 305.877 422.236 ... 1619.68

Optimal solution found (tolerance 5.00e-05)
Best objective 1.555750108195e+02, best bound 1.555750108193e+02, gap 0.0000%

