Solver command line: []

Read LP format model from file C:\Users\mogli\AppData\Local\Temp\tmpclwx80ah.pyomo.lp
Reading time = 0.04 seconds
x1: 4742 rows, 4099 columns, 17325 nonzeros
Set parameter MIPGap to value 1e-05
Set parameter Presolve to value 2
Set parameter FeasibilityTol to value 0.001
Set parameter NumericFocus to value 3
Set parameter ScaleFlag to value 2
Set parameter TimeLimit to value 3600
Set parameter Heuristics to value 0.3
Set parameter IntegralityFocus to value 1
Gurobi Optimizer version 11.0.0 build v11.0.0rc2 (win64 - Windows 11+.0 (26100.2))

CPU model: 13th Gen Intel(R) Core(TM) i7-13620H, instruction set [SSE2|AVX|AVX2]
Thread count: 10 physical cores, 16 logical processors, using up to 16 threads

Optimize a model with 4742 rows, 4099 columns and 17325 nonzeros
Model fingerprint: 0xfd3d1e30
Variable types: 3718 continuous, 381 integer (381 binary)
Coefficient statistics:
  Matrix range     [1e-04, 1e+06]
  Objective range  [3e-02, 9e+08]
  Bounds range     [1e+00, 1e+00]
  RHS range        [4e-04, 1e+03]
Presolve removed 2338 rows and 433 columns
Presolve time: 0.22s
Presolved: 2404 rows, 3666 columns, 13097 nonzeros
Variable types: 3325 continuous, 341 integer (341 binary)
Root relaxation presolve removed 15 rows and 15 columns
Root relaxation presolved: 2389 rows, 3651 columns, 13067 nonzeros

Warning: 1 variables dropped from basis
Extra simplex iterations after uncrush: 22

Root relaxation: objective 1.935224e+04, 2565 iterations, 0.27 seconds (0.13 work units)

    Nodes    |    Current Node    |     Objective Bounds      |     Work
 Expl Unexpl |  Obj  Depth IntInf | Incumbent    BestBd   Gap | It/Node Time

     0     0 19352.2379    0   53          - 19352.2379      -     -    0s
H    0     0                    1.660845e+16 19623.3468   100%     -    3s
     0     2 19623.3468    0   53 1.6608e+16 19623.3468   100%     -    3s
H   36    46                    8.608177e+15 20251.8212   100%  59.2    3s
H   39    46                    7.365817e+15 20251.8212   100%  59.6    3s
H  125   138                    3.001374e+15 20251.8212   100%  63.6    4s
H  127   138                    2.016546e+15 20251.8212   100%  63.8    4s
H  130   138                    1.953553e+15 20251.8212   100%  62.7    4s
H  131   138                    1.424220e+15 20251.8212   100%  63.3    4s
H  136   138                    1.402218e+15 20251.8212   100%  64.7    4s
H  162   183                    5.715411e+14 20251.8212   100%  64.6    5s
H  199   217                    1.302304e+12 20251.8212   100%  64.8    5s
H  202   217                    1.293701e+12 20251.8212   100%  64.3    5s
H  204   217                    1.260325e+12 20251.8212   100%  64.4    5s
H  207   217                    1.258737e+12 20251.8212   100%  66.4    5s
H  239   256                    1.258732e+12 20251.8212   100%  67.8    5s
H  241   256                    1.214065e+12 20251.8212   100%  67.9    5s
H  280   290                    1.209974e+12 20251.8212   100%  68.4    6s
H  284   290                    1.207920e+12 20251.8212   100%  68.9    6s
H  288   290                    1.206961e+12 20251.8212   100%  70.0    6s
H  378   375                    35338.704880 20251.8212  42.7%  69.1    6s
*  408   398              48    27475.218717 20318.2982  26.0%  67.7    7s
H  419   385                    27210.966295 20318.2982  25.3%  67.3    9s
   452   389 23898.8733    8   44 27210.9663 20318.2982  25.3%  63.9   10s
  1049   493 25284.1094   17   42 27210.9663 23674.6509  13.0%  70.3   15s
  1734   529 27105.2379   20   39 27210.9663 24111.4496  11.4%  68.1   20s
H 1741   529                    26378.996199 24111.4496  8.60%  68.2   20s
  2374   546 25821.3178   13   41 26378.9962 25455.1695  3.50%  71.5   25s
H 2531   527                    26378.784899 25455.1695  3.50%  72.9   28s
H 2550   525                    26378.784092 25455.1695  3.50%  73.2   30s
* 3212   525              29    26273.416159 25697.2034  2.19%  74.6   34s
  3288   515     cutoff   19      26273.4162 25724.3340  2.09%  74.7   36s
  3838   374 26025.2218   17   33 26273.4162 25885.3496  1.48%  75.5   43s
  4043   181     cutoff   15      26273.4162 26027.1233  0.94%  76.1   45s

Cutting planes:
  Cover: 1

Explored 4457 nodes (333870 simplex iterations) in 46.60 seconds (13.66 work units)
Thread count was 16 (of 16 available processors)

Solution count 10: 26273.4 26380 27211 ... 1.25873e+12

Optimal solution found (tolerance 1.00e-05)
Best objective 2.637999601035e+04, best bound 2.627341615851e+04, gap 0.4040%

