Solver command line: []

Read LP format model from file C:\Users\mogli\AppData\Local\Temp\tmp_cyg9m41.pyomo.lp
Reading time = 0.07 seconds
x1: 39449 rows, 29252 columns, 129414 nonzeros
Set parameter TimeLimit to value 3600
Set parameter MIPGap to value 5e-05
Set parameter NumericFocus to value 3
Set parameter ScaleFlag to value 0
Set parameter Threads to value 12
Set parameter IntegralityFocus to value 1
Gurobi Optimizer version 11.0.0 build v11.0.0rc2 (win64 - Windows 11+.0 (26100.2))

CPU model: 13th Gen Intel(R) Core(TM) i7-13620H, instruction set [SSE2|AVX|AVX2]
Thread count: 10 physical cores, 16 logical processors, using up to 12 threads

Optimize a model with 39449 rows, 29252 columns and 129414 nonzeros
Model fingerprint: 0xc7daece6
Model has 17 SOS constraints
Variable types: 29122 continuous, 130 integer (130 binary)
Coefficient statistics:
  Matrix range     [3e-04, 1e+06]
  Objective range  [3e-02, 4e+05]
  Bounds range     [1e+00, 1e+00]
  RHS range        [5e-04, 5e+05]
Presolve removed 23829 rows and 6195 columns
Presolve time: 0.20s
Presolved: 15620 rows, 23057 columns, 81301 nonzeros
Variable types: 22963 continuous, 94 integer (93 binary)

Root simplex log...

Iteration    Objective       Primal Inf.    Dual Inf.      Time
   18539    6.9070626e+01   1.228486e+06   0.000000e+00      5s
   33458    2.2409810e+02   0.000000e+00   0.000000e+00     10s

Root relaxation: objective 2.240981e+02, 33458 iterations, 9.35 seconds (11.45 work units)
Total elapsed time = 10.00s (DegenMoves)

    Nodes    |    Current Node    |     Objective Bounds      |     Work
 Expl Unexpl |  Obj  Depth IntInf | Incumbent    BestBd   Gap | It/Node Time

     0     0  224.09810    0   25          -  224.09810      -     -   10s
H    0     0                    1707.5060785  224.09810  86.9%     -   10s
     0     2  224.09810    0   29 1707.50608  224.09810  86.9%     -   11s
    63    53  649.23104    8    8 1707.50608  224.10264  86.9%   735   15s
*  125    80              12    1019.6335037  224.10264  78.0%   431   15s
*  176    89              16     832.4453165  224.11018  73.1%   317   15s
*  185    89              15     832.4140644  224.11018  73.1%   305   15s
*  186    89              16     832.4005113  224.11018  73.1%   303   15s
H  190    86                     786.6671772  224.11018  71.5%   298   16s
H  209    93                     726.5073666  224.11018  69.2%   277   16s
H  210    93                     611.9773385  224.11018  63.4%   280   16s
H  217    93                     551.2246549  224.11018  59.3%   278   16s
H  242    90                     434.4294935  224.11018  48.4%   265   17s
*  342   110              21     434.4274190  224.13070  48.4%   318   19s
   345   102  392.59295    5    6  434.42742  224.13070  48.4%   329   21s
H  362   102                     434.4270358  224.13361  48.4%   346   21s
H  460    56                     355.3152488  224.20144  36.9%   386   24s
   469    34 infeasible   13       355.31525  224.20895  36.9%   386   25s
H  470    34                     225.9441804  224.20895  0.77%   385   25s
*  569     3              15     225.9414902  224.48909  0.64%   353   27s

Cutting planes:
  Cover: 14
  Implied bound: 96

Explored 576 nodes (237014 simplex iterations) in 27.50 seconds (34.27 work units)
Thread count was 12 (of 16 available processors)

Solution count 10: 225.941 225.944 355.315 ... 832.401

Optimal solution found (tolerance 5.00e-05)
Best objective 2.259414901526e+02, best bound 2.259414901524e+02, gap 0.0000%

