Solver command line: []

Read LP format model from file C:\Users\mogli\AppData\Local\Temp\tmpfuquocvb.pyomo.lp
Reading time = 0.20 seconds
x1: 120666 rows, 86149 columns, 337431 nonzeros
Set parameter TimeLimit to value 5400
Set parameter MIPGap to value 5e-05
Set parameter IntegralityFocus to value 1
Set parameter ScaleFlag to value 0
Set parameter ImproveStartTime to value 4500
Gurobi Optimizer version 11.0.0 build v11.0.0rc2 (win64 - Windows 11+.0 (26100.2))

CPU model: 13th Gen Intel(R) Core(TM) i7-13620H, instruction set [SSE2|AVX|AVX2]
Thread count: 10 physical cores, 16 logical processors, using up to 16 threads

Optimize a model with 120666 rows, 86149 columns and 337431 nonzeros
Model fingerprint: 0x1a16fa4c
Model has 67 SOS constraints
Variable types: 85902 continuous, 247 integer (247 binary)
Coefficient statistics:
  Matrix range     [4e-04, 2e+03]
  Objective range  [3e-02, 1e+03]
  Bounds range     [1e+00, 1e+00]
  RHS range        [3e-05, 1e+03]
Presolve removed 85703 rows and 18258 columns
Presolve time: 0.39s
Presolved: 34963 rows, 67891 columns, 199743 nonzeros
Variable types: 67714 continuous, 177 integer (175 binary)
Deterministic concurrent LP optimizer: primal and dual simplex
Showing primal log only...


Root simplex log...

Iteration    Objective       Primal Inf.    Dual Inf.      Time
  144200    1.0042130e+17   0.000000e+00   6.855664e+11      5s
  152216    1.5500263e+07   0.000000e+00   7.746827e+04     10s
  157198    5.0902398e+03   0.000000e+00   4.272164e+06     15s
  161804    4.8522540e+03   0.000000e+00   4.043740e+08     20s
  165808    4.5724515e+03   0.000000e+00   1.203615e+08     25s
  170227    4.4018762e+03   0.000000e+00   3.158883e+09     30s
  175153    4.2044076e+03   0.000000e+00   7.611918e+06     35s
  180284    4.1275121e+03   0.000000e+00   1.044370e+06     40s
  186745    3.9732492e+03   0.000000e+00   5.471873e+06     45s
  193550    3.5488615e+03   0.000000e+00   6.210207e+06     50s
  199788    3.4369776e+03   0.000000e+00   1.509482e+05     55s
Concurrent spin time: 0.00s

Solved with dual simplex

Root simplex log...

Iteration    Objective       Primal Inf.    Dual Inf.      Time
   98746    2.4172156e+03   0.000000e+00   0.000000e+00     58s

Root relaxation: objective 2.417216e+03, 98746 iterations, 57.66 seconds (74.80 work units)

    Nodes    |    Current Node    |     Objective Bounds      |     Work
 Expl Unexpl |  Obj  Depth IntInf | Incumbent    BestBd   Gap | It/Node Time

     0     0 2417.21563    0   49          - 2417.21563      -     -   58s
H    0     0                    2480.5854705 2417.21563  2.55%     -   60s
     0     0 2442.27849    0   44 2480.58547 2442.27849  1.54%     -   68s
     0     0 2444.53898    0   43 2480.58547 2444.53898  1.45%     -   69s
     0     0 2444.53898    0   43 2480.58547 2444.53898  1.45%     -   70s
     0     0 2444.53898    0   43 2480.58547 2444.53898  1.45%     -   70s
     0     0 2447.74870    0   42 2480.58547 2447.74870  1.32%     -   71s
     0     0 2448.20149    0   41 2480.58547 2448.20149  1.31%     -   72s
     0     0 2448.20149    0   41 2480.58547 2448.20149  1.31%     -   74s
     0     0 2448.20149    0   41 2480.58547 2448.20149  1.31%     -   75s
     0     0 2448.20149    0   41 2480.58547 2448.20149  1.31%     -   75s
     0     0 2449.21204    0   41 2480.58547 2449.21204  1.26%     -   77s
     0     0 2449.44472    0   41 2480.58547 2449.44472  1.26%     -   83s
     0     0 2449.53167    0   41 2480.58547 2449.53167  1.25%     -   83s
     0     0 2449.53880    0   41 2480.58547 2449.53880  1.25%     -   83s
     0     0 2450.61839    0   41 2480.58547 2450.61839  1.21%     -   85s
     0     0 2450.88867    0   41 2480.58547 2450.88867  1.20%     -   86s
     0     0 2450.94129    0   41 2480.58547 2450.94129  1.20%     -   86s
     0     0 2450.94863    0   41 2480.58547 2450.94863  1.19%     -   87s
     0     0 2451.10080    0   41 2480.58547 2451.10080  1.19%     -   87s
     0     0 2451.44681    0   41 2480.58547 2451.44681  1.17%     -   88s
     0     0 2451.44681    0   41 2480.58547 2451.44681  1.17%     -   88s
     0     0 2451.46400    0   41 2480.58547 2451.46400  1.17%     -   89s
     0     0 2451.50892    0   41 2480.58547 2451.50892  1.17%     -   92s
     0     0 2451.50892    0   41 2480.58547 2451.50892  1.17%     -   92s
     0     0 2451.51557    0   41 2480.58547 2451.51557  1.17%     -   92s
     0     0 2451.61037    0   41 2480.58547 2451.61037  1.17%     -   93s
     0     0 2451.61037    0   41 2480.58547 2451.61037  1.17%     -   93s
     0     0 2451.61037    0   41 2480.58547 2451.61037  1.17%     -   95s
     0     2 2451.61037    0   41 2480.58547 2451.61037  1.17%     -  121s
    15    21 infeasible    4      2480.58547 2454.73464  1.04%  1365  127s
    45    46 2460.52504    7   29 2480.58547 2455.76482  1.00%  1043  130s
    86    78 infeasible    9      2480.58547 2455.76482  1.00%   798  135s
   113   101 2461.80849   10   20 2480.58547 2455.76482  1.00%   765  140s
   147   135 2462.09789   11   18 2480.58547 2455.76482  1.00%   712  169s
   170   156 2462.38320   13   18 2480.58547 2455.76482  1.00%   777  172s
   201   177 2464.42731   13   20 2480.58547 2455.76482  1.00%   765  175s
H  244   212                    2468.9279079 2455.76482  0.53%   693  178s
H  270   212                    2468.8540849 2455.76482  0.53%   671  178s
H  271   212                    2468.8498743 2455.76482  0.53%   669  178s
H  272   212                    2468.8127965 2455.76482  0.53%   667  178s
   277   239 2465.25724   21    8 2468.81280 2455.76482  0.53%   674  238s
H  280   239                    2465.6078636 2455.76482  0.40%   669  238s
H  281   239                    2465.6036521 2455.76482  0.40%   667  238s
H  326   259                    2465.5665742 2455.76482  0.40%   928  312s
H  327   259                    2465.5595291 2455.76482  0.40%   926  312s
H  328   259                    2465.5140253 2455.76482  0.40%   923  312s
H  329   259                    2465.4684697 2455.76482  0.39%   921  312s
H  330   259                    2465.4185819 2455.76482  0.39%   918  312s
*  331   259              29    2465.3686605 2455.76482  0.39%   915  312s
H  357   259                    2464.0819514 2455.76482  0.34%  1028  312s
   378   274     cutoff   28      2464.08195 2456.69017  0.30%   992  316s
H  390   274                    2464.0749273 2456.69017  0.30%   980  316s
H  395   274                    2463.7238999 2456.69017  0.29%   969  316s
H  407   274                    2463.0757597 2456.69017  0.26%   954  316s
   415   289 2459.18564    5   36 2463.07576 2456.69017  0.26%   939  324s
   470   291 2460.15135    7   34 2463.07576 2456.69017  0.26%   927  374s
H  478   291                    2463.0699218 2456.69017  0.26%   921  374s
H  479   291                    2463.0243660 2456.69017  0.26%   919  374s
H  480   291                    2462.9744780 2456.69017  0.26%   917  374s
*  481   291              31    2462.9245566 2456.69017  0.25%   915  374s
   496   285 2460.67423    8   33 2462.92456 2456.69017  0.25%  1113  394s
   529   273 2461.45670    9   29 2462.92456 2456.69017  0.25%  1130  401s
   553   262     cutoff    8      2462.92456 2457.45100  0.22%  1164  435s
   574   262 2460.23630    6   34 2462.92456 2459.68857  0.13%  1306  487s
   598   256     cutoff    7      2462.92456 2460.24579  0.11%  1390  500s
   621   241     cutoff   10      2462.92456 2460.35060  0.10%  1435  513s
   648   222 2461.68750   11   25 2462.92456 2460.58539  0.09%  1502  526s
   676   173     cutoff   27      2462.92456 2461.21180  0.07%  1528  557s
   730    60     cutoff    8      2462.92456 2462.12996  0.03%  1522  561s
*  753    60              31    2462.8949301 2462.22654  0.03%  1491  561s

Cutting planes:
  Learned: 1
  Gomory: 9
  Cover: 3
  Implied bound: 150
  MIR: 4113
  Flow cover: 386
  Inf proof: 1
  RLT: 276
  Relax-and-lift: 765

Explored 854 nodes (1252175 simplex iterations) in 561.59 seconds (788.20 work units)
Thread count was 16 (of 16 available processors)

Solution count 10: 2462.89 2462.92 2462.97 ... 2465.42

Optimal solution found (tolerance 5.00e-05)
Best objective 2.462894930095e+03, best bound 2.462894930095e+03, gap 0.0000%

