Solver command line: []

Read LP format model from file C:\Users\mogli\AppData\Local\Temp\tmpjp6vzojf.pyomo.lp
Reading time = 0.08 seconds
x1: 39449 rows, 29252 columns, 129414 nonzeros
Set parameter TimeLimit to value 3600
Set parameter MIPGap to value 5e-05
Set parameter NumericFocus to value 3
Set parameter ScaleFlag to value 0
Set parameter Threads to value 12
Set parameter IntegralityFocus to value 1
Gurobi Optimizer version 11.0.0 build v11.0.0rc2 (win64 - Windows 11+.0 (26100.2))

CPU model: 13th Gen Intel(R) Core(TM) i7-13620H, instruction set [SSE2|AVX|AVX2]
Thread count: 10 physical cores, 16 logical processors, using up to 12 threads

Optimize a model with 39449 rows, 29252 columns and 129414 nonzeros
Model fingerprint: 0xe78eb50e
Model has 17 SOS constraints
Variable types: 29122 continuous, 130 integer (130 binary)
Coefficient statistics:
  Matrix range     [3e-04, 1e+06]
  Objective range  [3e-02, 4e+05]
  Bounds range     [1e+00, 1e+00]
  RHS range        [5e-04, 5e+05]
Presolve removed 23829 rows and 6195 columns
Presolve time: 0.16s
Presolved: 15620 rows, 23057 columns, 81301 nonzeros
Variable types: 22963 continuous, 94 integer (94 binary)

Root simplex log...

Iteration    Objective       Primal Inf.    Dual Inf.      Time
   19836    6.8917902e+01   5.582675e+04   0.000000e+00      5s
   35060    1.3714569e+02   0.000000e+00   0.000000e+00      9s

Root relaxation: objective 1.371457e+02, 35060 iterations, 8.69 seconds (11.27 work units)

    Nodes    |    Current Node    |     Objective Bounds      |     Work
 Expl Unexpl |  Obj  Depth IntInf | Incumbent    BestBd   Gap | It/Node Time

     0     0  137.14569    0   24          -  137.14569      -     -    9s
H    0     0                     852.7537459  137.14569  83.9%     -    9s
     0     2  137.14569    0   23  852.75375  137.14569  83.9%     -   10s
H    4     8                     348.4815912  137.14569  60.6%   323   10s
H    6     8                     137.6655493  137.14569  0.38%   387   10s

Cutting planes:
  Cover: 3
  Implied bound: 120

Explored 93 nodes (85647 simplex iterations) in 14.58 seconds (18.82 work units)
Thread count was 12 (of 16 available processors)

Solution count 3: 137.666 348.482 852.754 

Optimal solution found (tolerance 5.00e-05)
Best objective 1.376655492504e+02, best bound 1.376655492501e+02, gap 0.0000%

