Solver command line: []

Read LP format model from file C:\Users\mogli\AppData\Local\Temp\tmpzxaf1rv4.pyomo.lp
Reading time = 0.07 seconds
x1: 39449 rows, 29252 columns, 129414 nonzeros
Set parameter TimeLimit to value 3600
Set parameter MIPGap to value 5e-05
Set parameter NumericFocus to value 3
Set parameter ScaleFlag to value 0
Set parameter Threads to value 12
Set parameter IntegralityFocus to value 1
Gurobi Optimizer version 11.0.0 build v11.0.0rc2 (win64 - Windows 11+.0 (26100.2))

CPU model: 13th Gen Intel(R) Core(TM) i7-13620H, instruction set [SSE2|AVX|AVX2]
Thread count: 10 physical cores, 16 logical processors, using up to 12 threads

Optimize a model with 39449 rows, 29252 columns and 129414 nonzeros
Model fingerprint: 0xda5b6ad6
Model has 17 SOS constraints
Variable types: 29122 continuous, 130 integer (130 binary)
Coefficient statistics:
  Matrix range     [3e-04, 1e+06]
  Objective range  [3e-02, 4e+05]
  Bounds range     [1e+00, 1e+00]
  RHS range        [3e-04, 5e+05]
Presolve removed 23829 rows and 6195 columns
Presolve time: 0.16s
Presolved: 15620 rows, 23057 columns, 81301 nonzeros
Variable types: 22963 continuous, 94 integer (94 binary)

Root simplex log...

Iteration    Objective       Primal Inf.    Dual Inf.      Time
   20218    6.9145127e+01   2.761289e+04   0.000000e+00      5s
   26812    8.3186629e+01   0.000000e+00   0.000000e+00      7s

Root relaxation: objective 8.318663e+01, 26812 iterations, 6.56 seconds (8.35 work units)

    Nodes    |    Current Node    |     Objective Bounds      |     Work
 Expl Unexpl |  Obj  Depth IntInf | Incumbent    BestBd   Gap | It/Node Time

     0     0   83.18663    0   24          -   83.18663      -     -    7s
H    0     0                     922.0497682   83.18663  91.0%     -    7s
H    0     2                     819.6789954   83.18663  89.9%     -    9s
     0     2   83.18663    0   19  819.67900   83.18663  89.9%     -    9s
     3     8   83.18663    2   24  819.67900   83.18663  89.9%   496   10s
    71    27  168.24600    8    2  819.67900   83.19522  89.9%   708   15s
*   75    27               7     747.4722337   83.19522  88.9%   681   15s
*   78    23               9     520.7884962   83.19522  84.0%   664   15s
*   85    23               9     268.2460038   83.19522  69.0%   654   15s
*   89    23               8     173.9653384   83.19522  52.2%   684   15s
H   95    15                     116.6608848   83.20385  28.7%   656   17s
*   99    15              10      83.3324536   83.20385  0.15%   669   17s

Cutting planes:
  Cover: 4
  Implied bound: 4

Explored 123 nodes (105416 simplex iterations) in 19.43 seconds (26.78 work units)
Thread count was 12 (of 16 available processors)

Solution count 8: 83.3325 116.661 173.965 ... 922.05

Optimal solution found (tolerance 5.00e-05)
Best objective 8.333245357427e+01, best bound 8.333245357400e+01, gap 0.0000%

