Solver command line: []

Read LP format model from file C:\Users\mogli\AppData\Local\Temp\tmpeuu6cgzl.pyomo.lp
Reading time = 1.84 seconds
x1: 223175 rows, 178997 columns, 795162 nonzeros
Set parameter MIPGap to value 0.001
Set parameter Presolve to value 2
Set parameter FeasibilityTol to value 0.001
Set parameter NumericFocus to value 3
Set parameter ScaleFlag to value 2
Set parameter TimeLimit to value 7200
Set parameter Heuristics to value 0.3
Set parameter IntegralityFocus to value 1
Set parameter MIPFocus to value 1
Set parameter RINS to value 75
Gurobi Optimizer version 11.0.0 build v11.0.0rc2 (win64 - Windows 11+.0 (26100.2))

CPU model: 13th Gen Intel(R) Core(TM) i7-13620H, instruction set [SSE2|AVX|AVX2]
Thread count: 10 physical cores, 16 logical processors, using up to 16 threads

Optimize a model with 223175 rows, 178997 columns and 795162 nonzeros
Model fingerprint: 0x18f620e1
Variable types: 178601 continuous, 396 integer (396 binary)
Coefficient statistics:
  Matrix range     [1e-04, 2e+06]
  Objective range  [3e-02, 2e+07]
  Bounds range     [1e+00, 1e+00]
  RHS range        [4e-04, 1e+03]
Presolve removed 133424 rows and 29838 columns (presolve time = 5s) ...
Presolve removed 133424 rows and 29838 columns
Presolve time: 5.76s
Presolved: 89751 rows, 149159 columns, 543570 nonzeros
Variable types: 148818 continuous, 341 integer (341 binary)
Root relaxation presolve removed 585 rows and 900 columns
Root relaxation presolved: 89166 rows, 148259 columns, 541020 nonzeros

Deterministic concurrent LP optimizer: primal simplex, dual simplex, and barrier
Showing barrier log only...

Root barrier log...

Ordering time: 6.88s
Elapsed ordering time = 7s
Ordering time: 10.04s

Barrier statistics:
 Dense cols : 374
 AA' NZ     : 5.994e+05
 Factor NZ  : 2.793e+06 (roughly 120 MB of memory)
 Factor Ops : 5.347e+08 (less than 1 second per iteration)
 Threads    : 8

                  Objective                Residual
Iter       Primal          Dual         Primal    Dual     Compl     Time
   0   2.24191002e+17 -5.60852466e+17  1.70e+07 4.06e+06  4.71e+13    20s
   1   1.63231976e+17 -2.00678042e+17  1.20e+07 1.55e+06  3.28e+13    21s
   2   5.22741594e+16 -7.39869189e+16  3.32e+06 1.67e-05  9.64e+12    22s
   3   1.30671783e+16 -1.79002475e+16  4.98e+05 2.85e-05  1.47e+12    24s
   4   3.59058272e+15 -4.03714480e+15  7.10e+04 1.41e-05  2.17e+11    25s
   5   6.16389881e+14 -1.62284405e+15  1.06e+04 2.18e-05  3.45e+10    26s
   6   2.25578531e+14 -4.73116428e+14  3.55e+03 1.76e-05  1.10e+10    28s
   7   5.68060992e+13 -2.07042280e+14  8.38e+02 1.49e-05  2.79e+09    29s
   8   1.40459052e+13 -9.85298492e+13  1.96e+02 1.32e-05  7.62e+08    30s
   9   8.14850159e+12 -3.56226096e+13  1.11e+02 1.86e-05  3.54e+08    32s
  10   7.34665217e+12 -1.62831106e+13  9.88e+01 1.91e-05  2.65e+08    33s
  11   5.23517021e+12 -1.06255945e+13  6.74e+01 9.16e-05  1.77e+08    34s
  12   1.12481127e+12 -3.81487441e+12  1.02e+01 1.68e-04  3.26e+07    37s
  13   2.75951291e+11 -1.99113089e+12  2.77e+00 6.10e-05  1.07e+07    38s
  14   1.28058572e+11 -1.42942650e+12  1.38e+00 2.29e-05  6.31e+06    39s
  15   2.60982833e+10 -8.48663772e+11  3.94e-01 1.91e-05  2.88e+06    40s
  16   6.54691011e+09 -3.66264971e+11  5.14e-02 1.05e-05  1.06e+06    41s
  17   2.02771879e+09 -5.65705447e+10  9.78e-03 2.40e-06  1.62e+05    42s
  18   1.00868442e+09 -1.60326420e+10  2.22e-03 7.31e-07  4.63e+04    43s
  19   3.88795623e+08 -6.66291207e+09  3.79e-04 2.96e-07  1.90e+04    44s
  20   1.39423219e+08 -2.47333146e+09  1.60e-04 1.13e-07  7.05e+03    45s
  21   4.10506366e+07 -6.78605046e+08  5.54e-05 3.69e-08  1.94e+03    47s
  22   1.81292574e+07 -2.33525963e+08  2.37e-05 3.88e-08  6.78e+02    48s
  23   5.94429791e+06 -9.06895724e+07  4.38e-06 3.15e-08  2.60e+02    49s
  24   2.14909373e+06 -2.19551449e+07  1.51e-06 3.39e-08  6.50e+01    50s
  25   7.99781763e+05 -1.76999180e+07  3.45e-07 3.07e-08  4.99e+01    50s
  26   4.68818000e+05 -4.69284421e+06  1.10e-07 3.43e-08  1.39e+01    51s
  27   3.77763467e+05 -1.08364968e+06  6.01e-08 3.75e-08  3.94e+00    52s
  28   2.71937221e+05 -6.82466647e+05  2.71e-08 3.44e-08  2.57e+00    53s
  29   2.51685953e+05 -5.50431563e+05  2.17e-08 3.58e-08  2.16e+00    54s
  30   1.88482183e+05 -3.79705227e+05  9.72e-09 3.02e-08  1.53e+00    55s
  31   1.61555164e+05 -1.86780002e+05  6.40e-09 3.36e-08  9.39e-01    56s
  32   1.40001501e+05 -7.28450581e+04  4.65e-09 3.17e-08  5.74e-01    57s
  33   1.19465115e+05  1.21904826e+04  3.14e-09 2.77e-08  2.89e-01    58s
  34   1.05652473e+05  3.63269944e+04  2.20e-09 2.89e-08  1.87e-01    58s
  35   9.29623137e+04  4.56243311e+04  1.45e-09 2.89e-08  1.28e-01    59s
  36   8.35062772e+04  5.28287331e+04  9.15e-10 2.92e-08  8.27e-02    60s
  37   7.67432424e+04  6.12171251e+04  5.54e-10 3.24e-08  4.19e-02    61s
  38   7.26581319e+04  6.38853027e+04  3.44e-10 3.21e-08  2.36e-02    62s
  39   7.08546224e+04  6.49616055e+04  2.50e-10 3.57e-08  1.59e-02    62s
  40   6.86070874e+04  6.54845229e+04  1.28e-10 3.28e-08  8.42e-03    63s
  41   6.76928128e+04  6.56448467e+04  8.25e-11 2.82e-08  5.52e-03    64s
  42   6.70576019e+04  6.57722893e+04  2.80e-10 3.29e-08  3.46e-03    66s
  43   6.68199836e+04  6.58307925e+04  2.56e-10 3.77e-08  2.67e-03    68s
  44   6.65986822e+04  6.58636999e+04  5.61e-08 3.47e-08  1.98e-03    70s
  45   6.63232393e+04  6.59006178e+04  1.66e-06 1.03e-06  1.14e-03    72s
  46   6.61959035e+04  6.59318109e+04  9.38e-06 1.10e-06  7.12e-04    73s
  47   6.61621570e+04  6.59483099e+04  7.10e-06 9.16e-07  5.76e-04    75s
  48   6.61278235e+04  6.59609734e+04  5.51e-06 4.83e-07  4.49e-04    76s
  49   6.60926037e+04  6.59708335e+04  6.74e-06 5.98e-07  3.27e-04    77s
  50   6.60820737e+04  6.59738476e+04  6.77e-06 5.29e-07  2.90e-04    78s
  51   6.60636693e+04  6.59814721e+04  6.09e-06 3.96e-07  2.20e-04    79s
  52   6.60589046e+04  6.59842317e+04  6.16e-06 3.57e-07  1.99e-04    81s
  53   6.60503298e+04  6.59874091e+04  6.20e-06 3.03e-07  1.68e-04    83s
  54   6.60397316e+04  6.59908599e+04  6.08e-06 3.32e-07  1.29e-04    85s
  55   6.60316432e+04  6.59949282e+04  2.80e-05 2.83e-07  9.57e-05    86s
  56   6.60258323e+04  6.59966133e+04  2.40e-05 2.71e-07  7.58e-05    88s
  57   6.60230605e+04  6.59981765e+04  1.76e-05 2.26e-07  6.41e-05    89s
  58   6.60193766e+04  6.60017614e+04  2.91e-05 1.78e-07  4.41e-05    92s
  59   6.60163763e+04  6.60034657e+04  3.35e-05 1.09e-07  3.11e-05    94s
  60   6.60145844e+04  6.60044162e+04  3.39e-05 1.20e-07  2.36e-05    95s
  61   6.60132261e+04  6.60048454e+04  3.41e-05 9.65e-08  1.87e-05    97s
  62   6.60125190e+04  6.60051642e+04  3.39e-05 8.31e-08  1.59e-05    98s
  63   6.60118201e+04  6.60054724e+04  3.30e-05 6.39e-08  1.33e-05   100s
  64   6.60114618e+04  6.60058588e+04  3.19e-05 9.23e-08  1.13e-05   102s
  65   6.60111979e+04  6.60059191e+04  8.50e-05 9.81e-08  1.07e-05   103s
  66   6.60110132e+04  6.60060792e+04  8.71e-05 9.69e-08  9.93e-06   106s
  67   6.60107946e+04  6.60062052e+04  1.57e-04 8.89e-08  9.20e-06   108s
  68   6.60106027e+04  6.60063225e+04  1.68e-04 7.61e-08  8.57e-06   112s
  69   6.60100525e+04  6.60064052e+04  2.21e-04 6.47e-08  7.25e-06   113s
  70   6.60097132e+04  6.60064790e+04  4.80e-04 5.44e-08  6.34e-06   116s
  71   6.60085918e+04  6.60065463e+04  4.75e-04 5.96e-08  4.10e-06   118s
  72   6.60083876e+04  6.60066228e+04  4.84e-04 3.67e-08  2.76e-06   120s
  73   6.60080001e+04  6.60066692e+04  2.97e-04 9.18e-08  2.04e-06   123s
  74   6.60079144e+04  6.60066915e+04  5.51e-04 7.43e-08  1.88e-06   124s
  75   6.60077455e+04  6.60066935e+04  7.05e-04 6.95e-08  1.62e-06   125s
  76   6.60074791e+04  6.60067066e+04  7.14e-04 3.43e-05  1.18e-06   127s
  77   6.60074885e+04  6.60067198e+04  4.05e-04 2.54e-05  7.34e-07   128s
  78   6.60072925e+04  6.60067355e+04  2.93e-04 1.74e-05  5.35e-07   130s
  79   6.60071349e+04  6.60067461e+04  2.06e-04 1.35e-05  3.75e-07   133s
  80   6.60071758e+04  6.60067491e+04  2.03e-04 1.22e-05  3.24e-07   134s
  81   6.60071227e+04  6.60067596e+04  1.78e-04 8.90e-06  2.70e-07   135s
  82   6.60070569e+04  6.60067648e+04  1.47e-04 7.06e-06  2.18e-07   137s
  83   6.60069887e+04  6.60067705e+04  1.09e-04 4.76e-06  1.59e-07   139s
  84   6.60069372e+04  6.60067726e+04  8.47e-05 4.00e-06  1.25e-07   141s
  85   6.60068885e+04  6.60067761e+04  5.92e-05 2.33e-06  8.47e-08   143s
  86   6.60068509e+04  6.60067777e+04  3.70e-05 1.35e-06  5.36e-08   145s
  87   6.60068366e+04  6.60067793e+04  2.89e-05 9.09e-07  4.11e-08   147s
  88   6.60068304e+04  6.60067796e+04  2.56e-05 8.10e-07  3.67e-08   148s
  89   6.60068224e+04  6.60067800e+04  2.08e-05 7.13e-07  3.01e-08   149s
  90   6.60068154e+04  6.60067809e+04  1.71e-05 4.71e-07  2.39e-08   150s
  91   6.60068151e+04  6.60067813e+04  1.27e-05 3.93e-07  1.81e-08   151s
  92   6.60068139e+04  6.60067816e+04  1.84e-05 3.02e-07  1.49e-08   153s
  93   6.60068110e+04  6.60067822e+04  1.19e-05 1.43e-07  8.87e-09   155s
  94   6.60068147e+04  6.60067824e+04  5.01e-06 1.05e-07  6.68e-09   156s
  95   6.60068091e+04  6.60067825e+04  4.63e-06 8.79e-08  5.46e-09   157s
  96   6.60068061e+04  6.60067826e+04  3.96e-06 5.70e-08  4.45e-09   158s
  97   6.60068051e+04  6.60067827e+04  3.41e-06 3.92e-08  3.13e-09   159s
  98   6.60068063e+04  6.60067828e+04  4.99e-06 2.98e-08  1.83e-09   159s
  99   6.60068053e+04  6.60067828e+04  4.42e-06 2.98e-08  1.43e-09   160s

Barrier solved model in 99 iterations and 159.65 seconds (31.19 work units)
Optimal objective 6.60068053e+04


Root crossover log...

   55311 DPushes remaining with DInf 1.2365777e-04               160s
   10482 DPushes remaining with DInf 1.5952067e-03               160s
       0 DPushes remaining with DInf 0.0000000e+00               163s

     955 PPushes remaining with PInf 7.0758907e+00               163s
     134 PPushes remaining with PInf 7.0928024e-01               163s

  Push phase complete: Pinf 7.0928024e-01, Dinf 3.3205577e-11    163s


Root simplex log...

Iteration    Objective       Primal Inf.    Dual Inf.      Time
   33329    6.6005988e+04   7.604246e+03   0.000000e+00    163s
   34051    6.6006397e+04   0.000000e+00   0.000000e+00    165s
Concurrent spin time: 8.52s

Solved with barrier
   34051    6.6038682e+04   1.359457e+03   9.002986e+13    165s
   41620   -1.9847332e+05   9.740596e-01   4.302100e+09    170s
   52889   -1.9847331e+05   9.737941e-01   4.446572e+09    175s
   57004   -2.2022033e+37   4.218193e+36   2.202203e+07    180s
   59308   -4.1301527e+35   9.761545e+35   4.130153e+05    185s
   62092   -2.3028867e+34   1.270200e+34   2.302887e+04    190s
   66690   -1.9721502e+06   5.950590e+09   0.000000e+00    195s
   71106   -1.6545416e+06   5.834788e+05   0.000000e+00    200s
   75330   -1.5808889e+06   6.039961e+06   0.000000e+00    205s
   79266    6.4520528e+04   4.260008e+06   0.000000e+00    210s
   81474    6.4850985e+04   2.453695e+07   0.000000e+00    215s
   83970    6.5298469e+04   5.503393e+06   0.000000e+00    220s
   85986    6.5364779e+04   1.928009e+05   0.000000e+00    225s
   89058    6.5904390e+04   1.075602e+05   0.000000e+00    230s
   93186    6.5963893e+04   7.957967e+05   0.000000e+00    235s
   97350    6.5987390e+04   0.000000e+00   9.894662e-04    240s
  103766    6.6349115e+04   2.491831e-01   9.582539e+11    245s
  115799    6.6349115e+04   2.480696e-01   9.580586e+11    250s
  119152   -1.1904017e+35   1.131727e+36   1.190402e+05    255s
  121504   -1.1551661e+09   1.508942e+07   0.000000e+00    260s
  123808   -1.1550426e+09   2.824402e+06   0.000000e+00    265s
  125728   -1.5792761e+06   1.378877e+05   0.000000e+00    270s
  127840   -1.5749045e+06   3.221374e+04   0.000000e+00    275s
  130240    6.5392520e+04   1.436356e+05   0.000000e+00    280s
  132544    6.5928818e+04   1.790843e+03   0.000000e+00    285s
  135040    6.5993514e+04   1.183424e+01   0.000000e+00    290s
  137785    6.6001885e+04   2.387417e+02   0.000000e+00    295s
  138225    6.6002082e+04   0.000000e+00   0.000000e+00    296s
Extra simplex iterations after uncrush: 1688

Root relaxation: objective 6.600208e+04, 138225 iterations, 288.50 seconds (120.59 work units)

    Nodes    |    Current Node    |     Objective Bounds      |     Work
 Expl Unexpl |  Obj  Depth IntInf | Incumbent    BestBd   Gap | It/Node Time

     0     0 66002.0820    0   66          - 66002.0820      -     -  299s
     0     2 66002.1828    0   66          - 66002.1828      -     - 1763s
     3     8 66313.2419    2   67          - 66167.4116      -   573 1774s
     7    16 66624.1320    3   64          - 66316.4608      -  1215 1794s
    15    26 66893.1435    4   53          - 66629.3111      -  2077 1825s
    25    36 70165.5325    5   51          - 66895.1971      -  2569 1857s
    35    46 66951.6383    5   62          - 66951.6383      -  2545 1881s
    45    56 70151.6554    6   59          - 66997.2399      -  2386 1901s
    55    66 67273.3743    6   55          - 67273.3743      -  2465 1941s
    65    76 67334.7626    7   65          - 67334.7626      -  2562 1964s
    75    87 70614.3622    8   62          - 67338.6602      -  2541 1982s
    86    97 67506.3085    8   62          - 67389.4119      -  2403 2016s
    96   108 70940.3058    9   60          - 67389.4119      -  2437 2043s
   107   119 67667.2129    9   58          - 67389.4119      -  2428 2103s
   118   134 71278.0332   10   56          - 67389.4119      -  2514 2134s
   133   146 67824.8546   10   66          - 67389.4119      -  2481 2184s
   145   157 71437.7183   11   59          - 67389.4119      -  2522 2221s
   156   170 67825.6566   11   63          - 67389.4119      -  2591 2260s
   169   183 68092.2455   12   54          - 67389.4119      -  2578 2313s
   182   195 68145.1333   13   64          - 67389.4119      -  2610 2353s
   194   210 68146.0919   14   63          - 67389.4119      -  2642 2409s
   209   221 68625.5934   16   66          - 67389.4119      -  2658 2455s
   220   240 73362.0020   16   58          - 67389.4119      -  2738 2531s
   239   257 73150.2024   17   59          - 67389.4119      -  2711 2577s
   256   275 69407.3163   18   59          - 67389.4119      -  2694 2623s
   274   298 73150.3218   18   59          - 67389.4119      -  2678 2666s
   297   316 69515.3462   19   50          - 67389.4119      -  2611 2749s
   315   337 69534.4972   20   56          - 67389.4119      -  2638 2794s
   336   359 69565.0004   21   62          - 67389.4119      -  2635 2843s
   358   383 69565.9404   22   60          - 67389.4119      -  2589 2905s
   382   409 75027.3672   23   59          - 67389.4119      -  2599 2959s
   408   433 78836.2213   24   56          - 67389.4119      -  2562 3017s
   432   463 75296.3654   24   53          - 67389.4119      -  2527 3083s
   462   496 79869.4908   26   49          - 67389.4119      -  2503 3156s
   495   525 75671.5987   26   61          - 67389.4119      -  2463 3228s
   524   567 80039.8821   27   58          - 67389.4119      -  2444 3306s
   566   601 76273.8411   28   52          - 67389.4119      -  2383 3370s
   600   638 76330.0926   29   53          - 67389.4119      -  2351 3446s
   637   680 77651.3252   31   51          - 67389.4119      -  2328 3526s
   679   729 82213.0276   33   52          - 67389.4119      -  2299 3607s
   728   777 82385.4171   36   52          - 67389.4119      -  2259 3693s
   776   820 82303.7087   36   53          - 67389.4119      -  2214 3786s
   819   869 82370.3201   37   53          - 67389.4119      -  2196 3882s
   868   934 82857.4686   39   53          - 67389.4119      -  2183 3980s
   933   990 82619.9007   40   50          - 67389.4119      -  2130 4074s
*  981   928              74    82497.798132 67389.4119  18.3%  2083 4074s
   995   895     cutoff   43      82497.7981 68194.6101  17.3%  2089 4230s
  1024   924 74358.8855    9   45 82497.7981 68194.6101  17.3%  2077 4344s
  1071   978 74609.6220   14   36 82497.7981 68194.6101  17.3%  2086 4463s
  1139  1031 75488.0769   19   37 82497.7981 68194.6101  17.3%  2063 4581s
  1202  1087 75794.0635   28   41 82497.7981 68194.6101  17.3%  2038 4699s
  1264  1126 76136.5995   35   41 82497.7981 69657.3151  15.6%  2016 4835s
  1329  1181 72789.2982   18   59 82497.7981 69657.3151  15.6%  1986 4971s
  1400  1249 73527.0519   21   53 82497.7981 69657.3151  15.6%  1970 5112s
H 1462  1175                    80484.634093 69657.3151  13.5%  1933 5112s
  1484  1190 74904.8730   24   55 80484.6341 69657.3151  13.5%  1941 5254s
  1569  1233 79705.8574   30   53 80484.6341 69657.3151  13.5%  1925 5875s
H 1580  1233                    80484.600189 69657.3151  13.5%  1919 5875s
H 1594   927                    77732.792480 69657.3151  10.4%  1917 5875s
H 1604   844                    77261.357158 69657.3151  9.84%  1922 5875s
H 1625   598                    74228.276592 69657.3151  6.16%  1918 5875s
  1626   521     cutoff   32      74228.2766 69661.8805  6.15%  1919 6084s
  1723   539 73753.1863   10   40 74228.2766 69823.1791  5.93%  1918 6553s
H 1739   539                    73852.153130 69823.1791  5.46%  1929 6553s
H 1742   539                    73852.123910 69823.1791  5.46%  1930 6553s
  1755   562 73794.6585   14   37 73852.1239 69975.2066  5.25%  1930 6758s
  1846   560 73742.9764   11   53 73852.1239 69975.5941  5.25%  1923 6962s
  1907   538     cutoff   20      73852.1239 70083.3098  5.10%  1932 7200s

Explored 1921 nodes (3847693 simplex iterations) in 7201.19 seconds (2507.73 work units)
Thread count was 16 (of 16 available processors)

Solution count 6: 73852.1 74228.3 77261.4 ... 82497.8

Time limit reached
Best objective 7.385212390963e+04, best bound 7.008578115027e+04, gap 5.0998%

