Solver command line: []

Read LP format model from file C:\Users\mogli\AppData\Local\Temp\tmphjn7docm.pyomo.lp
Reading time = 0.06 seconds
x1: 9521 rows, 7923 columns, 34221 nonzeros
Set parameter MIPGap to value 1e-05
Set parameter Presolve to value 2
Set parameter FeasibilityTol to value 0.001
Set parameter NumericFocus to value 3
Set parameter ScaleFlag to value 2
Set parameter TimeLimit to value 3600
Set parameter Heuristics to value 0.3
Set parameter IntegralityFocus to value 1
Gurobi Optimizer version 11.0.0 build v11.0.0rc2 (win64 - Windows 11+.0 (26100.2))

CPU model: 13th Gen Intel(R) Core(TM) i7-13620H, instruction set [SSE2|AVX|AVX2]
Thread count: 10 physical cores, 16 logical processors, using up to 16 threads

Optimize a model with 9521 rows, 7923 columns and 34221 nonzeros
Model fingerprint: 0xfba71796
Variable types: 7527 continuous, 396 integer (396 binary)
Coefficient statistics:
  Matrix range     [1e-04, 2e+06]
  Objective range  [3e-02, 4e+08]
  Bounds range     [1e+00, 1e+00]
  RHS range        [4e-04, 1e+03]
Presolve removed 5166 rows and 1073 columns
Presolve time: 0.13s
Presolved: 4355 rows, 6850 columns, 24646 nonzeros
Variable types: 6509 continuous, 341 integer (341 binary)
Root relaxation presolve removed 45 rows and 60 columns
Root relaxation presolved: 4310 rows, 6790 columns, 24511 nonzeros

Extra simplex iterations after uncrush: 208

Root relaxation: objective 3.023001e+04, 4821 iterations, 0.75 seconds (0.45 work units)

    Nodes    |    Current Node    |     Objective Bounds      |     Work
 Expl Unexpl |  Obj  Depth IntInf | Incumbent    BestBd   Gap | It/Node Time

     0     0 30230.0116    0   51          - 30230.0116      -     -    1s
H    0     0                    1.672591e+16 30499.9986   100%     -    5s
     0     2 30499.9986    0   51 1.6726e+16 30499.9986   100%     -    6s
H   35    46                    1.042815e+16 31446.6905   100%   153    8s
H   36    46                    9.583268e+15 31446.6905   100%   151    8s
H   37    46                    9.481742e+15 31446.6905   100%   150    8s
H   42    46                    9.421984e+15 31446.6905   100%   156    8s
    86    98 32162.3706   11   42 9.4220e+15 31446.6905   100%   167   10s
H  119   133                    3.149274e+15 31446.6905   100%   175   11s
H  121   133                    2.215078e+15 31446.6905   100%   177   11s
H  122   133                    2.180717e+15 31446.6905   100%   179   11s
H  125   133                    2.115003e+15 31446.6905   100%   178   11s
H  128   133                    1.048009e+15 31446.6905   100%   182   11s
H  164   185                    1.827487e+14 31446.6905   100%   181   12s
H  170   185                    1.647701e+14 31446.6905   100%   177   12s
H  178   185                    5.092191e+13 31446.6905   100%   177   12s
H  223   240                    3.523816e+10 31446.6905   100%   172   13s
H  229   240                    3.112359e+10 31446.6905   100%   172   13s
H  234   240                    2.206699e+10 31446.6905   100%   170   13s
*  265   273              37    37939.447374 31446.6905  17.1%   166   14s
   318   270 34773.3029    8   45 37939.4474 32074.1208  15.5%   154   16s
   481   375 36386.8015   18   39 37939.4474 32074.1208  15.5%   172   23s
   547   368 37381.5189   24   26 37939.4474 32074.1208  15.5%   181   32s
H  553   368                    37792.380629 32074.1208  15.1%   181   32s
H  600   365                    37209.607707 33313.8553  10.5%   181   45s
H  605   365                    37209.597876 33313.8553  10.5%   180   45s
H  610   365                    37209.597068 33313.8553  10.5%   180   45s
   808   317     cutoff   10      37209.5971 35914.6744  3.48%   171   56s
   961   326 36273.7050   13   33 37209.5971 36100.7258  2.98%   191   61s
  1156   318 37066.8098   11   37 37209.5971 36360.8511  2.28%   196   65s
* 1479   314              20    37106.526723 36563.0075  1.46%   190   69s
  1492   282     cutoff   14      37106.5267 36570.0971  1.45%   190   71s
  1653   183     cutoff    9      37106.5267 36767.6988  0.91%   194   76s

Explored 1935 nodes (353932 simplex iterations) in 77.34 seconds (32.23 work units)
Thread count was 16 (of 16 available processors)

Solution count 8: 37106.5 37206.7 37209.6 ... 1.82749e+14

Optimal solution found (tolerance 1.00e-05)
Best objective 3.720669707690e+04, best bound 3.710652672321e+04, gap 0.2692%

