Solver command line: []

Read LP format model from file C:\Users\mogli\AppData\Local\Temp\tmpptr6atbt.pyomo.lp
Reading time = 0.03 seconds
x1: 14829 rows, 9813 columns, 48443 nonzeros
Set parameter TimeLimit to value 600
Set parameter MIPGap to value 5e-05
Set parameter IntegralityFocus to value 1
Set parameter ScaleFlag to value 0
Set parameter MIPFocus to value 2
Set parameter Method to value 1
Gurobi Optimizer version 11.0.0 build v11.0.0rc2 (win64 - Windows 11+.0 (26100.2))

CPU model: 13th Gen Intel(R) Core(TM) i7-13620H, instruction set [SSE2|AVX|AVX2]
Thread count: 10 physical cores, 16 logical processors, using up to 16 threads

Optimize a model with 14829 rows, 9813 columns and 48443 nonzeros
Model fingerprint: 0x3f2564be
Model has 5 SOS constraints
Variable types: 9771 continuous, 42 integer (42 binary)
Coefficient statistics:
  Matrix range     [5e-04, 2e+03]
  Objective range  [3e-02, 1e+03]
  Bounds range     [1e+00, 1e+00]
  RHS range        [9e-06, 1e+03]
Presolve removed 12046 rows and 4369 columns
Presolve time: 0.03s
Presolved: 2783 rows, 5444 columns, 17231 nonzeros
Variable types: 5432 continuous, 12 integer (12 binary)
Root relaxation presolve removed 12 rows and 12 columns
Root relaxation presolved: 2771 rows, 5432 columns, 17195 nonzeros


Root relaxation: objective 5.112083e+02, 2431 iterations, 0.10 seconds (0.08 work units)

    Nodes    |    Current Node    |     Objective Bounds      |     Work
 Expl Unexpl |  Obj  Depth IntInf | Incumbent    BestBd   Gap | It/Node Time

     0     0  511.20826    0    1          -  511.20826      -     -    0s
H    0     0                     514.4913350  511.20826  0.64%     -    0s

Cutting planes:
  Learned: 1

Explored 1 nodes (2431 simplex iterations) in 0.19 seconds (0.20 work units)
Thread count was 16 (of 16 available processors)

Solution count 1: 514.491 

Optimal solution found (tolerance 5.00e-05)
Best objective 5.144913349636e+02, best bound 5.144913349636e+02, gap 0.0000%

