Solver command line: []

Read LP format model from file C:\Users\mogli\AppData\Local\Temp\tmpenjzn5xj.pyomo.lp
Reading time = 0.08 seconds
x1: 39449 rows, 29252 columns, 129414 nonzeros
Set parameter TimeLimit to value 3600
Set parameter MIPGap to value 5e-05
Set parameter NumericFocus to value 3
Set parameter ScaleFlag to value 0
Set parameter Threads to value 12
Set parameter IntegralityFocus to value 1
Gurobi Optimizer version 11.0.0 build v11.0.0rc2 (win64 - Windows 11+.0 (26100.2))

CPU model: 13th Gen Intel(R) Core(TM) i7-13620H, instruction set [SSE2|AVX|AVX2]
Thread count: 10 physical cores, 16 logical processors, using up to 12 threads

Optimize a model with 39449 rows, 29252 columns and 129414 nonzeros
Model fingerprint: 0x59099edc
Model has 17 SOS constraints
Variable types: 29122 continuous, 130 integer (130 binary)
Coefficient statistics:
  Matrix range     [3e-04, 1e+06]
  Objective range  [3e-02, 4e+05]
  Bounds range     [1e+00, 1e+00]
  RHS range        [2e-04, 5e+05]
Presolve removed 23816 rows and 6185 columns
Presolve time: 0.17s
Presolved: 15633 rows, 23067 columns, 81346 nonzeros
Variable types: 22973 continuous, 94 integer (93 binary)

Root simplex log...

Iteration    Objective       Primal Inf.    Dual Inf.      Time
   20076    4.7456885e+01   5.370847e+04   0.000000e+00      5s
   27787    5.1841185e+01   0.000000e+00   0.000000e+00      7s

Root relaxation: objective 5.184119e+01, 27787 iterations, 6.76 seconds (8.15 work units)

    Nodes    |    Current Node    |     Objective Bounds      |     Work
 Expl Unexpl |  Obj  Depth IntInf | Incumbent    BestBd   Gap | It/Node Time

     0     0   51.84119    0   25          -   51.84119      -     -    7s
H    0     0                     501.3559491   51.84119  89.7%     -    8s
H    0     2                      52.2940804   51.84119  0.87%     -    9s
     0     2   51.84119    0   27   52.29408   51.84119  0.87%     -    9s
     1     4   51.84119    1   29   52.29408   51.84119  0.87%   881   10s
    61    24 infeasible    7        52.29408   51.84532  0.86%   578   15s
H   76    15                      52.1251172   51.84532  0.54%   638   16s
H   84    15                      52.1250100   51.84532  0.54%   732   16s
   123     5   51.86257   12   28   52.12501   51.86232  0.50%   741   20s
*  216    69              31      52.0911603   51.88328  0.40%   521   23s
*  217    69              29      52.0727051   51.88328  0.36%   520   23s
*  228    85              33      52.0391317   51.88328  0.30%   502   23s
*  263    85              33      52.0291629   51.88328  0.28%   463   24s
*  273    74              32      52.0039555   51.88328  0.23%   453   24s
   291    66     cutoff   32        52.00396   51.88328  0.23%   438   25s
*  307    66              32      51.9987962   51.88328  0.22%   426   25s
*  384    65              31      51.9928973   51.89705  0.18%   383   26s
*  417    55              32      51.9837465   51.89705  0.17%   371   27s
*  481    36              30      51.9833170   51.89705  0.17%   358   29s
   542     9   51.98025   30    5   51.98332   51.89705  0.17%   345   30s

Cutting planes:
  Cover: 13
  Implied bound: 180

Explored 587 nodes (227475 simplex iterations) in 31.59 seconds (40.14 work units)
Thread count was 12 (of 16 available processors)

Solution count 10: 51.9833 51.9837 51.9929 ... 52.125

Optimal solution found (tolerance 5.00e-05)
Best objective 5.198331697671e+01, best bound 5.198331697658e+01, gap 0.0000%

