Solver command line: []

Read LP format model from file C:\Users\mogli\AppData\Local\Temp\tmp8l8s30vo.pyomo.lp
Reading time = 0.05 seconds
x1: 23957 rows, 20566 columns, 87897 nonzeros
Set parameter MIPGap to value 0.001
Set parameter Presolve to value 2
Set parameter FeasibilityTol to value 0.001
Set parameter NumericFocus to value 2
Set parameter ScaleFlag to value 2
Set parameter TimeLimit to value 3600
Set parameter Heuristics to value 0.3
Gurobi Optimizer version 11.0.0 build v11.0.0rc2 (win64 - Windows 11+.0 (22631.2))

CPU model: 13th Gen Intel(R) Core(TM) i7-13620H, instruction set [SSE2|AVX|AVX2]
Thread count: 10 physical cores, 16 logical processors, using up to 16 threads

Optimize a model with 23957 rows, 20566 columns and 87897 nonzeros
Model fingerprint: 0x1a7a2678
Variable types: 20185 continuous, 381 integer (381 binary)
Coefficient statistics:
  Matrix range     [1e-04, 1e+06]
  Objective range  [3e-02, 1e+08]
  Bounds range     [1e+00, 1e+00]
  RHS range        [4e-04, 1e+03]
Presolve removed 13235 rows and 2036 columns
Presolve time: 0.07s
Presolved: 10722 rows, 18530 columns, 66574 nonzeros
Variable types: 18204 continuous, 326 integer (326 binary)
Root relaxation presolve removed 26 rows and 2 columns
Root relaxation presolved: 10696 rows, 18528 columns, 66522 nonzeros

Warning: 1 variables dropped from basis
Warning: switch to quad precision
Warning: 1 variables dropped from basis
Extra simplex iterations after uncrush: 1434

Root relaxation: objective 6.439569e+04, 18040 iterations, 1.96 seconds (3.02 work units)

    Nodes    |    Current Node    |     Objective Bounds      |     Work
 Expl Unexpl |  Obj  Depth IntInf | Incumbent    BestBd   Gap | It/Node Time

     0     0 64395.6944    0   48          - 64395.6944      -     -    2s
     0     0 64397.5103    0   52          - 64397.5103      -     -    2s
     0     0 64399.9214    0   51          - 64399.9214      -     -    2s
     0     0 64400.0709    0   51          - 64400.0709      -     -    2s
     0     0 64403.0770    0   56          - 64403.0770      -     -    3s
     0     2 64418.8594    0   57          - 64418.8594      -     -    8s
     3     8 64457.6191    2   62          - 64457.6191      -   716   14s
    35    46 64460.3707    6   55          - 64460.3707      -  1256   15s
    97   105 71337.5066   12   53          - 64559.7660      -   748   20s
*  422   368              53    84044.757965 64559.7660  23.2%   424   24s
   435   365     cutoff   33      84044.7580 65304.5352  22.3%   452   25s
   497   400 71191.1717   16   45 84044.7580 65304.5352  22.3%   430   30s
   518   419 71215.6029   18   43 84044.7580 65304.5352  22.3%   489   44s
   549   475 79408.0325   17   44 84044.7580 65304.5352  22.3%   617   47s
H  598   475                    83164.927777 65304.5352  21.5%   580   47s
H  687   583                    82796.060927 65304.5352  21.1%   587   49s
   813   578 78302.3995   40   24 82796.0609 65304.5352  21.1%   537   50s
H  869   578                    80066.262344 65304.5352  18.4%   518   50s
   930   560 75072.2772    8   49 80066.2623 69117.9719  13.7%   517   55s
H 1052   572                    79896.459393 69153.5859  13.4%   556   56s
  1121   565 75952.0790   16   45 79896.4594 69153.5859  13.4%   539   60s
  1182   569 77785.2075   18   58 79896.4594 69153.5859  13.4%   555   65s
  1368   593 70475.5271   12   47 79896.4594 69441.9806  13.1%   564   75s
  1521   738 78058.1625   18   43 79896.4594 69441.9806  13.1%   546   85s
  1940   914 78420.0056   13   61 79896.4594 69799.1609  12.6%   556   90s
H 2030   619                    78199.151411 69799.1609  10.7%   555   90s
  2070   570     cutoff   19      78199.1514 69799.1609  10.7%   550  102s
H 2093   533                    78119.638048 70077.6706  10.3%   547  102s
  2207   534 77667.7510   27   18 78119.6380 70456.5632  9.81%   547  109s
  2320   524     cutoff   14      78119.6380 71154.5377  8.92%   582  114s
  2428   465     cutoff   17      78119.6380 71185.8128  8.88%   603  115s
* 2544   439              30    78113.675957 73684.3057  5.67%   618  119s
  2640   505     cutoff   17      78113.6760 75764.0181  3.01%   628  123s
  2906   553     cutoff   40      78113.6760 75917.8196  2.81%   612  130s
H 2943   553                    77515.058630 75917.8196  2.06%   609  130s
H 3153   465                    77256.171131 76523.8647  0.95%   599  132s
  3369   226     cutoff   19      77256.1711 76951.7920  0.39%   586  139s

Cutting planes:
  Learned: 13
  Cover: 2
  Implied bound: 49
  MIR: 86
  Flow cover: 2
  RLT: 32

Explored 3888 nodes (2025992 simplex iterations) in 139.92 seconds (224.29 work units)
Thread count was 16 (of 16 available processors)

Solution count 10: 77256.2 77256.2 77515.1 ... 83164.9
No other solutions better than 77256.2

Optimal solution found (tolerance 1.00e-03)
Best objective 7.725617112165e+04, best bound 7.725617112165e+04, gap 0.0000%

