Solver command line: []

Read LP format model from file C:\Users\mogli\AppData\Local\Temp\tmpmek24mq9.pyomo.lp
Reading time = 0.07 seconds
x1: 38656 rows, 28689 columns, 127265 nonzeros
Set parameter TimeLimit to value 600
Set parameter MIPGap to value 5e-05
Set parameter NumericFocus to value 3
Set parameter ScaleFlag to value 0
Set parameter Threads to value 12
Set parameter IntegralityFocus to value 1
Gurobi Optimizer version 11.0.0 build v11.0.0rc2 (win64 - Windows 11+.0 (26100.2))

CPU model: 13th Gen Intel(R) Core(TM) i7-13620H, instruction set [SSE2|AVX|AVX2]
Thread count: 10 physical cores, 16 logical processors, using up to 12 threads

Optimize a model with 38656 rows, 28689 columns and 127265 nonzeros
Model fingerprint: 0x1887e067
Model has 17 SOS constraints
Variable types: 28567 continuous, 122 integer (122 binary)
Coefficient statistics:
  Matrix range     [3e-04, 1e+06]
  Objective range  [3e-02, 4e+05]
  Bounds range     [1e+00, 1e+00]
  RHS range        [2e-04, 1e+05]
Presolve removed 22760 rows and 5539 columns
Presolve time: 0.15s
Presolved: 15896 rows, 23150 columns, 81621 nonzeros
Variable types: 23038 continuous, 112 integer (112 binary)

Root relaxation: objective 4.973635e+01, 18235 iterations, 4.66 seconds (6.42 work units)

    Nodes    |    Current Node    |     Objective Bounds      |     Work
 Expl Unexpl |  Obj  Depth IntInf | Incumbent    BestBd   Gap | It/Node Time

     0     0   49.73635    0   49          -   49.73635      -     -    4s
     0     2   49.88295    0   49          -   49.88295      -     -    7s
    19     4 infeasible    6               -   52.54032      -   845   10s
    35     4 infeasible   10               -   57.37238      -   887   15s
   480   483   61.49859   31   11          -   60.82773      -   178   20s
*  696   703              57    48062.440096   60.82773   100%   150   22s
*  764   670              53      61.1775572   60.82773  0.57%   141   24s
   805   632     cutoff   42        61.17756   60.84367  0.55%   135   25s
  1182   647   61.11984   26   14   61.17756   60.84367  0.55%   142   30s
* 1256   665              52      61.1699345   60.84367  0.53%   142   31s
  1410   661   60.96186   21   21   61.16993   60.90519  0.43%   143   35s
* 1463   661              50      61.1654252   60.90519  0.43%   142   35s
  1740   670   61.04162   28   15   61.16543   60.94813  0.36%   144   40s
  2147   652   61.14019   33    6   61.16543   60.97485  0.31%   143   45s
* 2200   652              51      61.1492816   60.99450  0.25%   143   45s
  2691   657   61.08807   26   16   61.14928   61.03259  0.19%   140   50s
* 2772   657              50      61.1459665   61.03259  0.19%   139   50s
* 2835   652              50      61.1349860   61.03791  0.16%   139   52s
  3039   636     cutoff   31        61.13499   61.04447  0.15%   139   55s
  3620   633     cutoff   29        61.13499   61.06279  0.12%   138   61s
  3923   593   61.13326   26   14   61.13499   61.07387  0.10%   137   65s
  4438   511   61.11781   39    1   61.13499   61.08455  0.08%   135   71s
* 4482   511              48      61.1349653   61.08551  0.08%   135   71s
  4843   371     cutoff   38        61.13497   61.09687  0.06%   134   76s

Cutting planes:
  Implied bound: 57

Explored 5590 nodes (742502 simplex iterations) in 79.88 seconds (98.78 work units)
Thread count was 12 (of 16 available processors)

Solution count 8: 61.135 61.135 61.146 ... 48062.4

Optimal solution found (tolerance 5.00e-05)
Best objective 6.113496533817e+01, best bound 6.113496533810e+01, gap 0.0000%

