Solver command line: []

Read LP format model from file C:\Users\mogli\AppData\Local\Temp\tmpgl417j3l.pyomo.lp
Reading time = 0.84 seconds
x1: 105539 rows, 83897 columns, 374113 nonzeros
Set parameter MIPGap to value 0.001
Set parameter Presolve to value 2
Set parameter FeasibilityTol to value 0.001
Set parameter NumericFocus to value 3
Set parameter ScaleFlag to value 2
Set parameter TimeLimit to value 7200
Set parameter Heuristics to value 0.3
Set parameter IntegralityFocus to value 1
Set parameter MIPFocus to value 1
Set parameter RINS to value 75
Set parameter MIQCPMethod to value 1
Set parameter Cuts to value 3
Gurobi Optimizer version 11.0.0 build v11.0.0rc2 (win64 - Windows 11+.0 (26100.2))

CPU model: 13th Gen Intel(R) Core(TM) i7-13620H, instruction set [SSE2|AVX|AVX2]
Thread count: 10 physical cores, 16 logical processors, using up to 16 threads

Optimize a model with 105539 rows, 83897 columns and 374113 nonzeros
Model fingerprint: 0x24a92583
Model has 56 SOS constraints
Variable types: 83711 continuous, 186 integer (186 binary)
Coefficient statistics:
  Matrix range     [1e-04, 2e+06]
  Objective range  [3e-02, 1e+05]
  Bounds range     [1e+00, 1e+00]
  RHS range        [8e-04, 1e+03]
Presolve removed 62480 rows and 14089 columns
Presolve time: 2.52s
Presolved: 43059 rows, 69808 columns, 259492 nonzeros
Variable types: 69648 continuous, 160 integer (160 binary)
Root relaxation presolve removed 280 rows and 434 columns
Root relaxation presolved: 42779 rows, 69374 columns, 258267 nonzeros

Deterministic concurrent LP optimizer: primal and dual simplex
Showing primal log only...


Root simplex log...

Iteration    Objective       Primal Inf.    Dual Inf.      Time
  169117   -7.9131883e+08   6.730210e+03   3.069425e+10      5s
  200738   -3.5779152e+07   3.974689e+04   0.000000e+00     10s
  210746   -3.3761053e+07   8.981460e+03   0.000000e+00     15s
  217370   -3.3275668e+04   7.157495e+03   0.000000e+00     20s
  223202   -2.4903197e+04   5.066340e+03   0.000000e+00     25s
  227954    9.8386475e+02   2.116598e+03   0.000000e+00     30s
  231698    1.3603028e+04   1.035551e+04   0.000000e+00     35s
  236162    2.2582189e+04   2.106800e+02   0.000000e+00     40s
Concurrent spin time: 1.55s

Solved with dual simplex
Warning: 1 variables dropped from basis

Root simplex log...

Iteration    Objective       Primal Inf.    Dual Inf.      Time
   57021    3.2989628e+04   0.000000e+00   0.000000e+00     43s
Extra simplex iterations after uncrush: 159

Root relaxation: objective 3.298963e+04, 57021 iterations, 39.65 seconds (18.58 work units)

    Nodes    |    Current Node    |     Objective Bounds      |     Work
 Expl Unexpl |  Obj  Depth IntInf | Incumbent    BestBd   Gap | It/Node Time

     0     0 32989.6282    0   22          - 32989.6282      -     -   44s
H    0     0                    4.551738e+13 32989.6282   100%     -  184s
H    0     0                    35379.962141 32989.6282  6.76%     -  219s
     0     2 32989.6358    0   22 35379.9621 32989.6358  6.76%     -  222s
     1     4 33134.2620    1   28 35379.9621 32989.8550  6.76%  5874  230s
     3     8 33178.2043    2   26 35379.9621 33135.0989  6.35%  2659  238s
     7    16 33357.9832    3   31 35379.9621 33179.0991  6.22%  3613  256s
    15    26 33412.5975    4   33 35379.9621 33318.9007  5.83%  3299  271s
    25    36 33439.1401    5   26 35379.9621 33353.0920  5.73%  2850  303s
    35    46 33521.3539    6   35 35379.9621 33353.0920  5.73%  3434  316s
    45    56 33771.9052    6   28 35379.9621 33353.0920  5.73%  3142  329s
    55    65 33736.9534    7   27 35379.9621 33353.0920  5.73%  3088  342s
    66    77 33736.9534    8   23 35379.9621 33353.0920  5.73%  2888  351s
    80    83 34030.6575   10   21 35379.9621 33353.0920  5.73%  2592  357s
    94    85 34471.3510   12   27 35379.9621 33353.0920  5.73%  2349  379s
H   95    85                    34052.326616 33353.0920  2.05%  2324  379s
   104    59     cutoff   13      34052.3266 33353.0920  2.05%  2260  384s
   132    56     cutoff    8      34052.3266 33353.0920  2.05%  1892  394s
   145    59 33426.3141    8    9 34052.3266 33353.0920  2.05%  1892  405s
   159    62 33427.6262    9    8 34052.3266 33353.0920  2.05%  1904  417s
   179    74 33639.8560   11    5 34052.3266 33353.0920  2.05%  1829  432s
   203    87 33876.3824   14    2 34052.3266 33353.0920  2.05%  1752  440s
*  206    87              17    33877.920132 33353.0920  1.55%  1730  440s
*  216    87              18    33588.143877 33353.0920  0.70%  1655  440s
*  287     1              21    33536.355319 33442.1861  0.28%  1316  445s
*  325     1              21    33444.934460 33444.9345  0.00%  1163  445s

Cutting planes:
  RLT: 91

Explored 336 nodes (435733 simplex iterations) in 445.67 seconds (198.38 work units)
Thread count was 16 (of 16 available processors)

Solution count 7: 33444.9 33536.4 33588.1 ... 4.55174e+13

Optimal solution found (tolerance 1.00e-03)
Best objective 3.344493446036e+04, best bound 3.344493446036e+04, gap 0.0000%

