Solver command line: []

Read LP format model from file C:\Users\mogli\AppData\Local\Temp\tmpg9k92ejj.pyomo.lp
Reading time = 0.10 seconds
x1: 60875 rows, 44304 columns, 206278 nonzeros
Set parameter TimeLimit to value 1800
Set parameter MIPGap to value 5e-05
Set parameter Threads to value 12
Set parameter IntegralityFocus to value 1
Set parameter MIPFocus to value 2
Gurobi Optimizer version 11.0.0 build v11.0.0rc2 (win64 - Windows 11+.0 (26100.2))

CPU model: 13th Gen Intel(R) Core(TM) i7-13620H, instruction set [SSE2|AVX|AVX2]
Thread count: 10 physical cores, 16 logical processors, using up to 12 threads

Optimize a model with 60875 rows, 44304 columns and 206278 nonzeros
Model fingerprint: 0x125e7c5f
Model has 28 SOS constraints
Variable types: 44127 continuous, 177 integer (177 binary)
Coefficient statistics:
  Matrix range     [3e-04, 1e+06]
  Objective range  [3e-02, 4e+05]
  Bounds range     [1e+00, 1e+00]
  RHS range        [5e-04, 1e+05]
Presolve removed 35694 rows and 7972 columns
Presolve time: 0.24s
Presolved: 25181 rows, 36332 columns, 137429 nonzeros
Variable types: 36155 continuous, 177 integer (177 binary)
Root relaxation presolve removed 73 rows and 73 columns
Root relaxation presolved: 25108 rows, 36259 columns, 137190 nonzeros

Deterministic concurrent LP optimizer: primal and dual simplex
Showing primal log only...


Root simplex log...

Iteration    Objective       Primal Inf.    Dual Inf.      Time
  141195    2.9113818e+04   0.000000e+00   3.478785e+08      5s
Concurrent spin time: 0.00s

Solved with dual simplex

Root simplex log...

Iteration    Objective       Primal Inf.    Dual Inf.      Time
   48550    4.0685926e+02   0.000000e+00   0.000000e+00      6s

Root relaxation: objective 4.068593e+02, 48550 iterations, 5.91 seconds (7.86 work units)

    Nodes    |    Current Node    |     Objective Bounds      |     Work
 Expl Unexpl |  Obj  Depth IntInf | Incumbent    BestBd   Gap | It/Node Time

     0     0  406.85926    0   74          -  406.85926      -     -    6s
     0     0  410.11929    0  106          -  410.11929      -     -    8s
     0     0  410.98583    0  110          -  410.98583      -     -    9s
     0     0  410.98583    0  110          -  410.98583      -     -    9s
     0     0  410.98583    0  110          -  410.98583      -     -    9s
     0     0  413.55835    0  109          -  413.55835      -     -   11s
     0     0  413.86145    0  114          -  413.86145      -     -   11s
     0     0  413.87783    0  116          -  413.87783      -     -   12s
     0     0  413.87824    0  116          -  413.87824      -     -   12s
     0     0  414.73738    0  127          -  414.73738      -     -   14s
     0     0  414.90652    0  125          -  414.90652      -     -   16s
     0     0  414.92171    0  126          -  414.92171      -     -   17s
     0     0  414.92243    0  126          -  414.92243      -     -   17s
     0     0  415.42541    0  126          -  415.42541      -     -   18s
     0     0  415.53926    0  128          -  415.53926      -     -   20s
     0     0  415.54346    0  128          -  415.54346      -     -   20s
     0     0  415.54347    0  128          -  415.54347      -     -   20s
     0     0  415.63263    0  136          -  415.63263      -     -   23s
     0     0  415.70045    0  137          -  415.70045      -     -   25s
     0     0  415.72056    0  137          -  415.72056      -     -   25s
     0     0  415.72531    0  139          -  415.72531      -     -   26s
     0     0  415.72533    0  139          -  415.72533      -     -   26s
     0     0  416.08623    0  126          -  416.08623      -     -   30s
     0     0  416.13233    0  131          -  416.13233      -     -   31s
     0     0  416.13384    0  133          -  416.13384      -     -   32s
     0     0  416.26773    0  130          -  416.26773      -     -   36s
     0     0  416.49402    0  130          -  416.49402      -     -   38s
     0     0  416.49402    0  131          -  416.49402      -     -   38s
     0     0  416.49402    0  127          -  416.49402      -     -   41s
     0     0  416.53342    0  127          -  416.53342      -     -   43s
H    0     0                     428.3924929  416.53342  2.77%     -   45s
     0     2  416.53342    0  127  428.39249  416.53342  2.77%     -   46s
     1     4  420.49489    1  122  428.39249  416.53342  2.77%  5382   50s
    15    14  421.46454    4  110  428.39249  420.25791  1.90%  1830   59s
    25    26  421.50081    5  102  428.39249  420.58755  1.82%  2642   65s
    49    48  421.56369    7  101  428.39249  420.69336  1.80%  2248   70s
    85    85  421.67845   10   98  428.39249  420.69336  1.80%  1450   77s
   118   122  421.85427   12   92  428.39249  420.69336  1.80%  1230   80s
   182   177  422.92531   15   93  428.39249  420.69336  1.80%  1125   86s
   237   204  423.21514   18   97  428.39249  420.69336  1.80%  1062   92s
   249   222  423.33785   18   94  428.39249  420.69336  1.80%  1152   97s
   268   240  423.78148   18   96  428.39249  420.69336  1.80%  1189  101s
   288   263  423.90481   18   92  428.39249  420.69336  1.80%  1228  105s
   337   313  423.38202   19   89  428.39249  420.69336  1.80%  1206  110s
   404   373  423.95877   23   71  428.39249  420.69336  1.80%  1158  116s
   446   399  424.24191   25   87  428.39249  420.69336  1.80%  1130  120s
   539   459  424.42288   28   85  428.39249  420.69336  1.80%  1056  127s
H  550   459                     427.2719238  420.69336  1.54%  1046  127s
   575   471  424.49371   29   83  427.27192  420.69336  1.54%  1029  135s
   617   486     cutoff   31       427.27192  420.69336  1.54%  1031  140s
   697   559  426.98022   37   68  427.27192  420.86867  1.50%  1057  151s
   754   611  424.55047    6  122  427.27192  420.86867  1.50%  1052  155s
   880   692  424.99357    8  117  427.27192  420.86867  1.50%  1026  164s
   933   721  425.28134    9  111  427.27192  420.86867  1.50%  1032  172s
  1020   747  425.65529   10  119  427.27192  420.86867  1.50%  1016  176s
  1096   796  425.69263   11  113  427.27192  420.86867  1.50%  1001  182s
  1187   839  425.85559   12  108  427.27192  420.86867  1.50%   989  189s
* 1235   836              56     427.2532465  420.86867  1.49%   987  189s
  1269   871  425.93570   14  110  427.25325  420.86867  1.49%   978  195s
  1326   935  426.02518   17  107  427.25325  420.86867  1.49%   985  202s
H 1423   849                     426.8766046  420.86867  1.41%   960  202s
  1430   890  426.64668   19  102  426.87660  421.35865  1.29%   965  210s
  1521   975  421.52138    8   91  426.87660  421.36084  1.29%   965  217s
  1628  1054  422.63348   11   83  426.87660  421.36084  1.29%   952  225s
* 1718   984              54     426.4562528  421.36084  1.19%   943  225s
  1748  1027  422.78689   13   98  426.45625  421.36084  1.19%   939  231s
H 1753  1009                     426.3870190  421.36084  1.18%   938  231s
* 1756  1009              53     426.3870182  421.36084  1.18%   937  231s
  1854  1052  423.43402   16   97  426.38702  421.36084  1.18%   922  240s
  1968  1120  424.37310   17   94  426.38702  421.52189  1.14%   920  249s
  2080  1197  422.05349   13   81  426.38702  421.62470  1.12%   922  259s
  2231  1249  425.27571   25   51  426.38702  421.76585  1.08%   909  269s
  2380  1277  422.74183    7   89  426.38702  421.88156  1.06%   895  277s
H 2390  1252                     426.3263292  421.88156  1.04%   899  277s
  2490  1285  422.95609    8   92  426.32633  421.88156  1.04%   884  289s
  2566  1391  423.16634   12   96  426.32633  421.88490  1.04%   898  302s
  2727  1392  424.11403   23  127  426.32633  421.99175  1.02%   896  372s
  2729  1393  422.77072   24   74  426.32633  421.99175  1.02%   895  376s
  2730  1394  424.65406   23   89  426.32633  421.99175  1.02%   895  380s
  2732  1395  422.78934   14  116  426.32633  421.99175  1.02%   894  385s
  2734  1397  426.03112   34  123  426.32633  421.99175  1.02%   894  390s
  2736  1398  426.08690   26  128  426.32633  421.99175  1.02%   893  395s
  2738  1399  423.85780   18  120  426.32633  421.99175  1.02%   892  410s
  2740  1401  425.34745   30  125  426.32633  421.99175  1.02%   892  416s
  2743  1403  425.37084   27  131  426.32633  421.99175  1.02%   891  424s
  2744  1403  426.25790   41  133  426.32633  421.99175  1.02%   890  440s
  2746  1405  423.88613   24  134  426.32633  421.99175  1.02%   890  449s
  2747  1405  423.18216   18  133  426.32633  421.99175  1.02%   889  464s
  2748  1406  424.53297   12  137  426.32633  421.99175  1.02%   889  466s
  2750  1407  425.84673   26  135  426.32633  421.99175  1.02%   888  475s
  2751  1408  424.65242   13  141  426.32633  421.99175  1.02%   888  490s
  2752  1409  422.25484    9  141  426.32633  421.99175  1.02%   888  503s
  2753  1409  425.37084   27  141  426.32633  421.99175  1.02%   887  508s
  2754  1413  421.99175   15  139  426.32633  421.99175  1.02%   924  511s
  2756  1413 infeasible   16       426.32633  421.99175  1.02%   925  515s
  2760  1415  421.99175   17  120  426.32633  421.99175  1.02%   926  520s
  2765  1418  422.23691   18  111  426.32633  421.99175  1.02%   930  526s
  2773  1419  422.74318   19  102  426.32633  422.16178  0.98%   937  530s
  2797  1427  422.95518   21  101  426.32633  422.55418  0.88%   940  538s
  2809  1434  423.20683   21   98  426.32633  422.78089  0.83%   944  542s
  2835  1442  424.15332   22   95  426.32633  422.84820  0.82%   941  547s
  2862  1440  423.26434   24   95  426.32633  422.84820  0.82%   940  553s
  2877  1439  424.31049   25   91  426.32633  422.84820  0.82%   940  557s
  2894  1438 infeasible   26       426.32633  422.84820  0.82%   940  561s
  2922  1444  424.38530   27   82  426.32633  422.84820  0.82%   944  569s
  2936  1445  424.43706   28   85  426.32633  422.84820  0.82%   950  572s
  2954  1459  425.01594   28   81  426.32633  422.84820  0.82%   949  575s
  2993  1467  425.23930   29   78  426.32633  422.84820  0.82%   946  582s
H 2996  1395                     426.1134437  422.84820  0.77%   945  582s
  3008  1399  424.49676   30   88  426.11344  422.84820  0.77%   946  586s
  3030  1398     cutoff   30       426.11344  422.84820  0.77%   947  592s
  3043  1400  424.72786   31   73  426.11344  422.84820  0.77%   949  601s
  3063  1410  425.07702   31   84  426.11344  422.84820  0.77%   955  606s
  3143  1451  425.85782   36   59  426.11344  422.84820  0.77%   951  613s
  3205  1463  426.09861   38   57  426.11344  423.00381  0.73%   946  618s
H 3215  1391                     426.0846835  423.00381  0.72%   945  618s
  3260  1426  423.71898   22  109  426.08468  423.00381  0.72%   942  622s
  3329  1437  424.32652   27  107  426.08468  423.00381  0.72%   933  625s
* 3401  1373              62     426.0498011  423.00381  0.71%   925  629s
* 3421  1306              72     425.7309812  423.00381  0.64%   923  629s
* 3426  1247              70     425.6404658  423.00381  0.62%   923  629s
  3450  1265  424.37862   30  105  425.64047  423.00381  0.62%   923  641s
  3500  1306  424.95219   31  101  425.64047  423.00381  0.62%   930  645s
  3574  1338 infeasible   33       425.64047  423.00381  0.62%   923  656s
  3664  1342  425.49016   33   89  425.64047  423.00381  0.62%   918  681s
* 3735  1263              67     425.3544642  423.00381  0.55%   924  681s
  3751  1262     cutoff   33       425.35446  423.11020  0.53%   923  690s
  3795  1268  424.29401   25   90  425.35446  423.17228  0.51%   933  699s
  3832  1265  424.76689   29   87  425.35446  423.17228  0.51%   938  707s
  3904  1246  425.27244   41   61  425.35446  423.31659  0.48%   939  716s
  3955  1228 infeasible   24       425.35446  423.31659  0.48%   948  723s
  3999  1222     cutoff   24       425.35446  423.31659  0.48%   961  730s
  4069  1205  425.26225   28   80  425.35446  423.31659  0.48%   962  741s
  4131  1223  425.08939   38   57  425.35446  423.80729  0.36%   970  750s
  4272  1142     cutoff   27       425.35446  423.82904  0.36%   966  761s
  4327  1147  424.88173   33   75  425.35446  423.87120  0.35%   973  774s
  4454  1100  424.95687   26   83  425.35446  423.99061  0.32%   975  784s
  4555  1049  425.26723   33   75  425.35446  424.01588  0.31%   980  793s
  4633  1023  425.01276   36   57  425.35446  424.15837  0.28%   989  807s
  4704   990  424.42377   29   83  425.35446  424.18566  0.27%   999  829s
  4790   996  424.79210   30   68  425.35446  424.30998  0.25%  1014  841s
  4908   954  425.08768   36   57  425.35446  424.38310  0.23%  1018  856s
  5046   902  425.08655   28  100  425.35446  424.38390  0.23%  1018  874s
  5173   883  425.16774   28   96  425.35446  424.48381  0.20%  1024  885s
  5364   822  425.20756   38   57  425.35446  424.57022  0.18%  1016  897s
  5576   771  424.89720   31   71  425.35446  424.67181  0.16%  1004  909s
  5866   732     cutoff   34       425.35446  424.72198  0.15%   984  929s
* 6222   697              65     425.2813288  424.79915  0.11%   964  929s
  6241   689  425.11340   43   43  425.28133  424.80840  0.11%   962  947s
* 6430   678              69     425.2735554  424.81970  0.11%   952  947s
  6538   697  425.23922   28   85  425.27356  424.84843  0.10%   946  963s
  6898   773     cutoff   44       425.27356  424.89103  0.09%   926  975s
* 7028   716              64     425.2413167  424.90815  0.08%   918  975s
  7322   663     cutoff   41       425.24132  424.95316  0.07%   902  989s
* 7591   596              64     425.2080018  424.96745  0.06%   888  989s
  7752   502  425.20394   39   56  425.20800  424.99567  0.05%   883 1006s
  8176   370     cutoff   41       425.20800  425.03203  0.04%   869 1024s
  8615   169     cutoff   41       425.20800  425.07213  0.03%   857 1040s
H 8813   169                     425.2024005  425.08886  0.03%   853 1040s
  9015     0  425.17812   60    7  425.20240  425.14731  0.01%   848 1049s
* 9022     0              67     425.1790637  425.14731  0.01%   848 1049s

Cutting planes:
  Learned: 1
  Gomory: 11
  Lift-and-project: 1
  Cover: 2
  Implied bound: 487
  Projected implied bound: 389
  MIR: 1749
  Mixing: 24
  Flow cover: 8099
  Inf proof: 3
  Zero half: 1
  RLT: 61
  Relax-and-lift: 1191

Explored 9231 nodes (7899023 simplex iterations) in 1049.91 seconds (1280.97 work units)
Thread count was 12 (of 16 available processors)

Solution count 10: 425.179 425.202 425.208 ... 426.05

Optimal solution found (tolerance 5.00e-05)
Best objective 4.251790637360e+02, best bound 4.251790637360e+02, gap 0.0000%

