Solver command line: []

Read LP format model from file C:\Users\mogli\AppData\Local\Temp\tmpdsbu8z03.pyomo.lp
Reading time = 0.01 seconds
x1: 4742 rows, 4099 columns, 17325 nonzeros
Set parameter MIPGap to value 1e-05
Set parameter Presolve to value 2
Set parameter FeasibilityTol to value 0.001
Set parameter NumericFocus to value 3
Set parameter ScaleFlag to value 2
Set parameter TimeLimit to value 3600
Set parameter Heuristics to value 0.3
Gurobi Optimizer version 11.0.0 build v11.0.0rc2 (win64 - Windows 11+.0 (26100.2))

CPU model: 13th Gen Intel(R) Core(TM) i7-13620H, instruction set [SSE2|AVX|AVX2]
Thread count: 10 physical cores, 16 logical processors, using up to 16 threads

Optimize a model with 4742 rows, 4099 columns and 17325 nonzeros
Model fingerprint: 0xfd3d1e30
Variable types: 3718 continuous, 381 integer (381 binary)
Coefficient statistics:
  Matrix range     [1e-04, 1e+06]
  Objective range  [3e-02, 9e+08]
  Bounds range     [1e+00, 1e+00]
  RHS range        [4e-04, 1e+03]
Presolve removed 2338 rows and 433 columns
Presolve time: 0.02s
Presolved: 2404 rows, 3666 columns, 13097 nonzeros
Variable types: 3325 continuous, 341 integer (341 binary)
Found heuristic solution: objective 1574216.6604
Root relaxation presolve removed 15 rows and 15 columns
Root relaxation presolved: 2389 rows, 3651 columns, 13067 nonzeros

Extra simplex iterations after uncrush: 18

Root relaxation: objective 1.935301e+04, 2476 iterations, 0.22 seconds (0.12 work units)

    Nodes    |    Current Node    |     Objective Bounds      |     Work
 Expl Unexpl |  Obj  Depth IntInf | Incumbent    BestBd   Gap | It/Node Time

     0     0 19353.0134    0   52 1574216.66 19353.0134  98.8%     -    0s
     0     2 19624.0157    0   52 1574216.66 19624.0157  98.8%     -    0s
H   92   101                    40468.499777 20649.8051  49.0%  69.8    2s
H  149   155                    40039.206945 20649.8051  48.4%  62.4    2s
H  237   243                    40039.185919 20649.8051  48.4%  65.5    3s
H  239   243                    40038.513773 20649.8051  48.4%  65.5    3s
H  243   243                    40036.924997 20649.8051  48.4%  65.5    3s
H  304   300                    35962.693655 20649.8051  42.6%  58.4    4s
H  401   370                    34012.077285 20649.8051  39.3%  54.9    4s
H  402   370                    30965.925774 20649.8051  33.3%  54.9    4s
   455   401 24229.9809   11   50 30965.9258 20925.6308  32.4%  53.5    5s
H  525   419                    27210.966295 20925.6308  23.1%  53.2    7s
H  528   419                    27210.950874 20925.6308  23.1%  53.3    7s
H  532   419                    26379.140304 20925.6308  20.7%  53.0    7s
H  608   382                    26312.770563 22464.6618  14.6%  54.4    8s
H  609   382                    26312.696566 22464.6618  14.6%  54.4    8s
H  613   382                    26307.201350 22853.6217  13.1%  54.2    8s
H  614   382                    26306.970077 22853.6217  13.1%  54.3    8s
   905   352 26030.1153   10   50 26306.9701 25254.5568  4.00%  58.9   10s
* 1075   355              27    26255.707064 25313.3454  3.59%  60.6   11s

Explored 1591 nodes (89793 simplex iterations) in 13.86 seconds (4.49 work units)
Thread count was 16 (of 16 available processors)

Solution count 10: 26255.7 26255.7 26307 ... 1.57422e+06

Optimal solution found (tolerance 1.00e-05)
Warning: max integrality violation (6.3527e-04) exceeds tolerance
Best objective 2.625570706414e+04, best bound 2.625570706414e+04, gap 0.0000%

