Solver command line: []

Read LP format model from file C:\Users\mogli\AppData\Local\Temp\tmppipmttgg.pyomo.lp
Reading time = 0.08 seconds
x1: 9491 rows, 7923 columns, 34101 nonzeros
Set parameter MIPGap to value 1e-05
Set parameter Presolve to value 2
Set parameter FeasibilityTol to value 0.001
Set parameter NumericFocus to value 3
Set parameter ScaleFlag to value 2
Set parameter TimeLimit to value 3600
Set parameter Heuristics to value 0.3
Set parameter IntegralityFocus to value 1
Gurobi Optimizer version 11.0.0 build v11.0.0rc2 (win64 - Windows 11+.0 (26100.2))

CPU model: 13th Gen Intel(R) Core(TM) i7-13620H, instruction set [SSE2|AVX|AVX2]
Thread count: 10 physical cores, 16 logical processors, using up to 16 threads

Optimize a model with 9491 rows, 7923 columns and 34101 nonzeros
Model fingerprint: 0x7ad03940
Variable types: 7527 continuous, 396 integer (396 binary)
Coefficient statistics:
  Matrix range     [1e-04, 2e+06]
  Objective range  [3e-02, 4e+08]
  Bounds range     [1e+00, 1e+00]
  RHS range        [4e-04, 1e+03]
Presolve removed 5151 rows and 1103 columns
Presolve time: 0.16s
Presolved: 4340 rows, 6820 columns, 24556 nonzeros
Variable types: 6479 continuous, 341 integer (341 binary)
Root relaxation presolve removed 15 rows and 15 columns
Root relaxation presolved: 4325 rows, 6805 columns, 24511 nonzeros

Warning: 1 variables dropped from basis
Extra simplex iterations after uncrush: 259

Root relaxation: objective 3.021724e+04, 5279 iterations, 0.97 seconds (0.50 work units)

    Nodes    |    Current Node    |     Objective Bounds      |     Work
 Expl Unexpl |  Obj  Depth IntInf | Incumbent    BestBd   Gap | It/Node Time

     0     0 30217.2450    0   41          - 30217.2450      -     -    1s
H    0     0                    1.677842e+16 30486.2521   100%     -   11s
     0     2 30486.2521    0   41 1.6778e+16 30486.2521   100%     -   11s
    35    46 31488.9954    6   33 1.6778e+16 31488.9954   100%   166   15s
H   39    46                    1.085094e+16 31509.0390   100%   173   15s
H  124   132                    2.527970e+15 31556.0825   100%   186   17s
H  126   132                    2.497575e+15 31556.0825   100%   187   17s
H  129   132                    2.211958e+15 31556.0825   100%   187   17s
H  159   176                    5.840570e+14 31556.0825   100%   193   18s
H  160   176                    4.294870e+14 31556.0825   100%   194   18s
H  164   176                    2.779400e+14 31556.0825   100%   198   18s
   175   191 39172.5665   20   41 2.7794e+14 31556.0825   100%   197   20s
H  210   224                    2.881896e+13 31556.0825   100%   212   21s
H  213   224                    1.917589e+10 31556.0825   100%   211   21s
H  252   267                    1.452347e+10 31556.0825   100%   211   22s
H  266   267                    3.054293e+09 31556.0825   100%   208   22s
H  292   310                    1.415119e+09 31556.0825   100%   207   23s
H  299   310                    9.862559e+08 31556.0825   100%   206   23s
H  350   357                    7.081239e+07 31556.0825   100%   189   32s
H  351   357                    6.222242e+07 31556.0825   100%   188   32s
H  352   357                    2.735723e+07 31556.0825   100%   189   32s
H  353   357                    7437278.4197 31556.0825   100%   190   32s
   384   440 46732.6125   42   38 7437278.42 31556.0825   100%   182   35s
H  494   497                    67837.872617 31556.0825  53.5%   170   45s
*  539   555              50    51543.926403 31556.0825  38.8%   165   45s
*  559   555              56    48435.875270 31556.0825  34.8%   161   45s
   785   707 41268.7390   22   33 48435.8753 31605.0330  34.7%   155   51s
*  939   846              51    48167.459200 31605.0330  34.4%   162   54s
*  983   814              44    45257.412982 31605.0330  30.2%   159   54s
   994   825 41471.6796   29   32 45257.4130 31605.0330  30.2%   158   56s
  1178   975 42218.5185   36   31 45257.4130 31605.0330  30.2%   155   60s
  1488  1258 43004.5341   47   25 45257.4130 31605.0330  30.2%   157   65s
* 1717  1362              36    45158.229098 33483.3059  25.9%   161   69s
* 1722  1362              36    45158.221342 33483.3059  25.9%   160   69s
  1748  1437 39049.6875   12   34 45158.2213 33483.3059  25.9%   160   71s
  1844  1489 39726.9638   19   28 45158.2213 33483.3059  25.9%   163   77s
H 1934   817                    40997.890405 33483.3059  18.3%   177   78s
  1938   796 37237.1759    9   56 40997.8904 33483.3059  18.3%   176   80s
H 2015   802                    40997.883635 33483.3059  18.3%   179   83s
  2067   838 33483.3059   23   50 40997.8836 33483.3059  18.3%   178   92s
  2111   859 37674.7098   25   33 40997.8836 33483.3059  18.3%   184   95s
H 2302   866                    37193.153315 33483.3059  10.0%   183   99s
  2362   812 33483.3059   26   56 37193.1533 33483.3059  10.0%   181  102s
H 2364   775                    37193.152601 33483.3059  10.0%   181  102s
H 2374   738                    37192.629930 33483.3059  10.0%   181  102s
  2455   717 36656.3621   21   39 37192.6299 35137.5348  5.53%   182  105s
* 2584   634              27    37105.647745 35571.6374  4.13%   180  106s
  2602   622 36940.6266   26   34 37105.6477 35571.6374  4.13%   180  110s
  2669   592 36789.2956   27   45 37105.6477 36257.5367  2.29%   181  118s
  2686   584 36789.2956   28   44 37105.6477 36363.9196  2.00%   181  121s
  2873   381 36902.6713   24   39 37105.6477 36633.0587  1.27%   185  125s

Explored 3102 nodes (555228 simplex iterations) in 125.87 seconds (52.82 work units)
Thread count was 16 (of 16 available processors)

Solution count 10: 37105.6 37191.3 37192.6 ... 51543.9

Optimal solution found (tolerance 1.00e-05)
Best objective 3.719131067479e+04, best bound 3.710564774460e+04, gap 0.2303%

