Solver command line: []

Read LP format model from file C:\Users\mogli\AppData\Local\Temp\tmpmgxz044r.pyomo.lp
Reading time = 0.03 seconds
x1: 14829 rows, 9813 columns, 48203 nonzeros
Set parameter TimeLimit to value 600
Set parameter MIPGap to value 5e-05
Set parameter IntegralityFocus to value 1
Set parameter ScaleFlag to value 0
Set parameter MIPFocus to value 2
Set parameter Method to value 1
Gurobi Optimizer version 11.0.0 build v11.0.0rc2 (win64 - Windows 11+.0 (26100.2))

CPU model: 13th Gen Intel(R) Core(TM) i7-13620H, instruction set [SSE2|AVX|AVX2]
Thread count: 10 physical cores, 16 logical processors, using up to 16 threads

Optimize a model with 14829 rows, 9813 columns and 48203 nonzeros
Model fingerprint: 0x563171b9
Model has 5 SOS constraints
Variable types: 9771 continuous, 42 integer (42 binary)
Coefficient statistics:
  Matrix range     [9e-04, 2e+03]
  Objective range  [3e-02, 1e+03]
  Bounds range     [1e+00, 1e+00]
  RHS range        [9e-06, 1e+03]
Presolve removed 11732 rows and 4194 columns
Presolve time: 0.04s
Presolved: 3097 rows, 5619 columns, 18322 nonzeros
Variable types: 5604 continuous, 15 integer (14 binary)
Root relaxation presolve removed 11 rows and 11 columns
Root relaxation presolved: 3086 rows, 5608 columns, 18288 nonzeros


Root relaxation: objective 5.111446e+02, 2805 iterations, 0.10 seconds (0.10 work units)

    Nodes    |    Current Node    |     Objective Bounds      |     Work
 Expl Unexpl |  Obj  Depth IntInf | Incumbent    BestBd   Gap | It/Node Time

     0     0  511.14457    0    2          -  511.14457      -     -    0s
H    0     0                     514.1169721  511.14457  0.58%     -    0s

Cutting planes:
  Learned: 19

Explored 1 nodes (2805 simplex iterations) in 0.19 seconds (0.24 work units)
Thread count was 16 (of 16 available processors)

Solution count 1: 514.117 

Optimal solution found (tolerance 5.00e-05)
Best objective 5.141169721269e+02, best bound 5.141169721269e+02, gap 0.0000%

