Solver command line: []

Read LP format model from file C:\Users\mogli\AppData\Local\Temp\tmpzrton0z8.pyomo.lp
Reading time = 0.28 seconds
x1: 37295 rows, 30237 columns, 133452 nonzeros
Set parameter MIPGap to value 0.001
Set parameter Presolve to value 2
Set parameter FeasibilityTol to value 0.001
Set parameter NumericFocus to value 1
Set parameter ScaleFlag to value 2
Set parameter TimeLimit to value 7200
Set parameter Heuristics to value 0.5
Set parameter IntegralityFocus to value 1
Set parameter MIPFocus to value 1
Set parameter RINS to value 25
Gurobi Optimizer version 11.0.0 build v11.0.0rc2 (win64 - Windows 11+.0 (26100.2))

CPU model: 13th Gen Intel(R) Core(TM) i7-13620H, instruction set [SSE2|AVX|AVX2]
Thread count: 10 physical cores, 16 logical processors, using up to 16 threads

Optimize a model with 37295 rows, 30237 columns and 133452 nonzeros
Model fingerprint: 0xf56b56cd
Variable types: 29841 continuous, 396 integer (396 binary)
Coefficient statistics:
  Matrix range     [1e-04, 2e+06]
  Objective range  [3e-02, 1e+08]
  Bounds range     [1e+00, 1e+00]
  RHS range        [4e-04, 1e+03]
Presolve removed 21459 rows and 4718 columns
Presolve time: 0.65s
Presolved: 15836 rows, 25519 columns, 93250 nonzeros
Variable types: 25178 continuous, 341 integer (341 binary)
Root relaxation presolve removed 15 rows and 15 columns
Root relaxation presolved: 15821 rows, 25504 columns, 93220 nonzeros


Root simplex log...

Iteration    Objective       Primal Inf.    Dual Inf.      Time
   15319    2.5297309e+04   4.770556e+00   0.000000e+00      5s
   16667    2.5311812e+04   0.000000e+00   0.000000e+00      6s
Warning: 1 variables dropped from basis
Warning: switch to quad precision
   22835    2.6864521e+04   2.241372e+01   4.137688e+12     10s
   24355   -9.7749347e+05   2.013924e+03   4.693639e+12     15s
   25965   -4.3106299e+08   3.020282e+05   1.485968e+15     20s
   28085   -3.3729605e+11   2.297358e+08   1.288678e+16     25s
   31685   -3.3729605e+11   2.297358e+08   1.288678e+16     30s
   37101   -4.5139757e+11   4.275109e+11   0.000000e+00     35s
   47460    2.5278765e+04   9.502714e+00   0.000000e+00     40s
   48848    2.5311781e+04   0.000000e+00   0.000000e+00     42s
Extra simplex iterations after uncrush: 26520

Root relaxation: objective 2.531178e+04, 48848 iterations, 40.84 seconds (23.02 work units)

    Nodes    |    Current Node    |     Objective Bounds      |     Work
 Expl Unexpl |  Obj  Depth IntInf | Incumbent    BestBd   Gap | It/Node Time

     0     0 25311.7812    0   51          - 25311.7812      -     -   41s
     0     0 27393.1625    0   54          - 27393.1625      -     -   65s
     0     0 27549.0245    0   54          - 27549.0245      -     -   77s
     0     0 27549.0565    0   53          - 27549.0565      -     -   77s
     0     0 28104.2893    0   52          - 28104.2893      -     -   78s
     0     0 28104.2893    0   52          - 28104.2893      -     -   80s
     0     0 28126.1548    0   54          - 28126.1548      -     -   83s
     0     0 28130.9361    0   54          - 28130.9361      -     -   84s
     0     0 28143.8754    0   55          - 28143.8754      -     -   84s
     0     0 28143.9031    0   55          - 28143.9031      -     -   84s
     0     0 28175.7722    0   56          - 28175.7722      -     -   88s
     0     0 28199.7044    0   58          - 28199.7044      -     -   90s
     0     0 28210.4579    0   58          - 28210.4579      -     -   91s
     0     0 28210.5224    0   58          - 28210.5224      -     -   91s
     0     0 28212.8275    0   64          - 28212.8275      -     -   93s
H    0     0                    2.574512e+17 28212.8275   100%     -  124s
H    0     0                    35962.833299 28212.8275  21.6%     -  278s
     0     2 28212.8275    0   64 35962.8333 28212.8275  21.6%     -  278s
     1     4 28223.9157    1   62 35962.8333 28223.9157  21.5%   231  280s
     7    16 28454.8991    3   66 35962.8333 28399.6509  21.0%   928  285s
H   25    35                    35733.889743 28781.1775  19.5%   901  333s
H   26    35                    35000.752806 28790.8271  17.7%   917  333s
H   28    35                    33115.567819 28790.8271  13.1%   937  333s
H   32    35                    32283.773540 28790.8271  10.8%   929  333s
    35    35 29280.1087    6   73 32283.7735 28790.8271  10.8%  1000  335s
    45    33     cutoff    6      32283.7735 28790.8271  10.8%   899  341s
    70    45 29752.0176    9   68 32283.7735 28790.8271  10.8%   798  348s
    81    51 30570.0604   10   70 32283.7735 28790.8271  10.8%   782  358s
    91    58     cutoff   11      32283.7735 28790.8271  10.8%   785  363s
   103    62 30958.6039   11   58 32283.7735 28790.8271  10.8%   779  385s
   114    68 30986.3367   12   64 32283.7735 28790.8271  10.8%   765  391s
   127    64 31492.5805   13   62 32283.7735 28790.8271  10.8%   773  395s
   145    61 31592.0075   14   68 32283.7735 28790.8271  10.8%   778  400s
   160    66 31652.1091   15   65 32283.7735 28790.8271  10.8%   784  406s
   179    62     cutoff   16      32283.7735 28790.8271  10.8%   808  412s
   200    63 32094.4908   16   59 32283.7735 28790.8271  10.8%   799  428s
   215    71     cutoff   17      32283.7735 30973.6028  4.06%   804  437s
   242    70     cutoff   16      32283.7735 31193.3726  3.38%   791  443s
   265    70     cutoff   12      32283.7735 31285.9242  3.09%   800  449s
   289    66 31532.0346    7   45 32283.7735 31285.9242  3.09%   789  456s
   313    77 31952.0640    8   59 32283.7735 31285.9242  3.09%   790  463s
   337    73 31973.7235    9   51 32283.7735 31285.9242  3.09%   785  470s
   368    70     cutoff    9      32283.7735 31285.9242  3.09%   771  477s
   392    70     cutoff   12      32283.7735 31370.0635  2.83%   772  484s
H  393    70                    32283.773534 31370.0635  2.83%   771  484s
   421    71 31434.3156    9   53 32283.7735 31387.1553  2.78%   768  492s
   446    85 31693.4947    9   44 32283.7735 31442.6661  2.61%   770  500s
   474    77     cutoff   12      32283.7735 31445.7202  2.60%   755  513s
   499    80 32176.8531   12   38 32283.7735 31445.7202  2.60%   750  545s
   514    84     cutoff   11      32283.7735 31445.7202  2.60%   748  555s
   551    80     cutoff   15      32283.7735 31456.9356  2.56%   740  574s
   568    78 32090.8768   11   46 32283.7735 31456.9356  2.56%   739  584s
   603    74     cutoff   15      32283.7735 31517.7126  2.37%   741  608s
H  624    75                    32283.766450 31517.8969  2.37%   737  782s
H  626    75                    32283.008577 31532.0706  2.33%   737  782s
H  632    75                    32281.908255 31532.0706  2.32%   739  782s
   640    77 31534.7837   13   44 32281.9083 31532.0706  2.32%   737  883s
   656    76 31553.4514   14   41 32281.9083 31532.0706  2.32%   737  907s
   674    74 31601.6275   15   47 32281.9083 31532.0706  2.32%   737  929s
   713    74 31650.7681   17   49 32281.9083 31532.0706  2.32%   740  956s
   744    64 31719.3294   18   44 32281.9083 31532.0706  2.32%   734  970s
   805    62     cutoff   20      32281.9083 31534.7837  2.31%   729 1013s
   819    52 31999.0585   14   35 32281.9083 31534.7837  2.31%   731 1036s
   887    47     cutoff   16      32281.9083 31602.2373  2.11%   721 1053s
   940    33     cutoff   15      32281.9083 31892.8814  1.21%   710 1068s
*  994    33              23    32262.685984 32024.0746  0.74%   703 1068s
  1010    16     cutoff   15      32262.6860 32057.3922  0.64%   700 1089s
  1041     6     cutoff   13      32262.6860 32130.4629  0.41%   697 1096s
  1066     0     cutoff   16      32262.6860 32211.1742  0.16%   692 1101s
* 1077     0              24    32260.273407 32260.2734  0.00%   687 1101s

Cutting planes:
  Gomory: 5
  Implied bound: 16
  MIR: 208
  Flow cover: 23
  RLT: 10
  Relax-and-lift: 5

Explored 1078 nodes (794053 simplex iterations) in 1103.85 seconds (446.31 work units)
Thread count was 16 (of 16 available processors)

Solution count 8: 32260.3 32262.7 32284.4 ... 2.57451e+17

Optimal solution found (tolerance 1.00e-03)
Best objective 3.228441290281e+04, best bound 3.226027340732e+04, gap 0.0748%

