Solver command line: []

Read LP format model from file C:\Users\mogli\AppData\Local\Temp\tmp1gspseii.pyomo.lp
Reading time = 0.07 seconds
x1: 39449 rows, 29252 columns, 129414 nonzeros
Set parameter TimeLimit to value 3600
Set parameter MIPGap to value 5e-05
Set parameter NumericFocus to value 3
Set parameter ScaleFlag to value 0
Set parameter Threads to value 12
Set parameter IntegralityFocus to value 1
Gurobi Optimizer version 11.0.0 build v11.0.0rc2 (win64 - Windows 11+.0 (26100.2))

CPU model: 13th Gen Intel(R) Core(TM) i7-13620H, instruction set [SSE2|AVX|AVX2]
Thread count: 10 physical cores, 16 logical processors, using up to 12 threads

Optimize a model with 39449 rows, 29252 columns and 129414 nonzeros
Model fingerprint: 0x47bd324b
Model has 17 SOS constraints
Variable types: 29122 continuous, 130 integer (130 binary)
Coefficient statistics:
  Matrix range     [3e-04, 2e+07]
  Objective range  [3e-02, 4e+05]
  Bounds range     [1e+00, 1e+00]
  RHS range        [1e-03, 5e+07]
Presolve removed 23825 rows and 6153 columns
Presolve time: 0.14s
Presolved: 15624 rows, 23099 columns, 80975 nonzeros
Variable types: 23007 continuous, 92 integer (92 binary)

Root relaxation: objective 8.998660e+01, 19465 iterations, 2.70 seconds (3.51 work units)

    Nodes    |    Current Node    |     Objective Bounds      |     Work
 Expl Unexpl |  Obj  Depth IntInf | Incumbent    BestBd   Gap | It/Node Time

     0     0   89.98660    0   29          -   89.98660      -     -    3s
H    0     0                    217678.35544   89.98660   100%     -    3s
H    0     0                    189003.96651   89.98660   100%     -    4s
H    0     0                    189003.91831   89.98660   100%     -    4s
H    0     0                    189003.87547   89.98660   100%     -    4s
H    0     0                    189003.85427   89.98660   100%     -    4s
H    0     0                    189003.82447   89.98660   100%     -    4s
H    0     0                    179201.01008   89.98660   100%     -    4s
     0     2   89.98660    0   32 179201.010   89.98660   100%     -    4s
     1     4   89.98782    1   32 179201.010   89.98660   100%   562    5s
    19    14 21415.2281    5   20 179201.010   89.99423   100%   893   10s
H  133   102                    21214.110359   89.99423   100%   358   12s
H  153   106                    21214.073095   89.99423   100%   344   13s
H  176   102                    11652.502897   89.99423  99.2%   321   13s
H  176   102                    11652.345254   89.99423  99.2%   321   13s
   246    76 11652.1071   17    8 11652.3453   89.99423  99.2%   299   15s
H  257    76                    5813.0189546   89.99423  98.5%   288   15s
H  292    43                    5812.9801240   89.99423  98.5%   272   15s
H  293    43                    5812.9316068   89.99423  98.5%   271   15s
H  294    43                    5812.8862053   89.99423  98.5%   270   15s
H  323    43                    5078.6536568   89.99423  98.2%   250   15s
H  357    15                    5078.6214207   90.12773  98.2%   231   15s
H  360    48                    5078.5839591   90.12773  98.2%   230   15s
H  361    48                    5078.5460143   90.12773  98.2%   229   15s
H  374    48                    5078.5280666   90.12773  98.2%   222   15s
H  393   100                    5078.5045679   90.12773  98.2%   212   15s
H  394   100                    5078.4846878   90.12773  98.2%   212   15s
H  404   100                    5078.4816037   90.12773  98.2%   207   15s
H  405   100                    5078.4617208   90.12773  98.2%   207   15s
H  413   100                    5078.4372996   90.12773  98.2%   203   15s
H  447   100                    5078.4346994   90.12773  98.2%   189   16s
H  461   100                    5078.4172023   90.12773  98.2%   184   16s
*  464   100              29    5078.3906082   90.12773  98.2%   183   16s
*  476   100              29    5078.3808840   90.12773  98.2%   178   16s
H  558    76                    5078.3705394   90.64024  98.2%   154   16s

Cutting planes:
  Cover: 11
  Implied bound: 97

Explored 627 nodes (108556 simplex iterations) in 16.71 seconds (21.61 work units)
Thread count was 12 (of 16 available processors)

Solution count 10: 5078.37 5078.38 5078.39 ... 5078.5

Optimal solution found (tolerance 5.00e-05)
Best objective 5.078370539395e+03, best bound 5.078347150968e+03, gap 0.0005%

