Solver command line: []

Read LP format model from file C:\Users\mogli\AppData\Local\Temp\tmpdqowx_ze.pyomo.lp
Reading time = 0.44 seconds
x1: 227759 rows, 181315 columns, 785577 nonzeros
Set parameter TimeLimit to value 10800
Set parameter MIPGap to value 5e-05
Set parameter IntegralityFocus to value 1
Set parameter ScaleFlag to value 0
Gurobi Optimizer version 11.0.0 build v11.0.0rc2 (win64 - Windows 11+.0 (26100.2))

CPU model: 13th Gen Intel(R) Core(TM) i7-13620H, instruction set [SSE2|AVX|AVX2]
Thread count: 10 physical cores, 16 logical processors, using up to 16 threads

Optimize a model with 227759 rows, 181315 columns and 785577 nonzeros
Model fingerprint: 0x643d9db1
Model has 29 SOS constraints
Variable types: 181164 continuous, 151 integer (151 binary)
Coefficient statistics:
  Matrix range     [1e-03, 1e+03]
  Objective range  [3e-02, 1e+03]
  Bounds range     [1e+00, 1e+00]
  RHS range        [9e-07, 1e+03]
Presolve removed 142283 rows and 42670 columns
Presolve time: 2.07s
Presolved: 85476 rows, 138645 columns, 507174 nonzeros
Variable types: 138498 continuous, 147 integer (147 binary)
Deterministic concurrent LP optimizer: primal simplex, dual simplex, and barrier
Showing barrier log only...

Root barrier log...

Ordering time: 0.12s

Barrier statistics:
 Dense cols : 146
 AA' NZ     : 5.639e+05
 Factor NZ  : 1.735e+06 (roughly 100 MB of memory)
 Factor Ops : 9.238e+07 (less than 1 second per iteration)
 Threads    : 7

                  Objective                Residual
Iter       Primal          Dual         Primal    Dual     Compl     Time
   0   1.86522774e+14 -2.46131289e+14  3.92e+08 1.46e-11  1.06e+10     3s
   1   1.55451858e+14 -1.46678048e+14  2.78e+08 8.52e+04  7.47e+09     3s
   2   1.29103587e+14 -1.36526636e+14  2.11e+08 8.05e+04  5.84e+09     3s
   3   1.10428970e+14 -3.07234224e+13  1.74e+08 1.70e+04  4.52e+09     3s
   4   3.35684110e+13 -7.15793101e+12  4.38e+07 2.15e+03  1.21e+09     3s
   5   1.55915477e+13 -1.43105086e+12  1.96e+07 2.57e+01  5.73e+08     3s
   6   1.93036125e+11 -6.00165890e+11  2.22e+05 1.70e+01  8.17e+06     4s
   7   9.05185667e+10 -1.87623199e+11  1.01e+05 2.60e+00  3.24e+06     4s
   8   2.87463871e+10 -1.01337112e+11  3.02e+04 8.60e-01  1.06e+06     4s
   9   4.39971375e+09 -3.93483788e+10  3.89e+03 1.60e-01  2.04e+05     4s
  10   7.79673011e+08 -2.62125532e+10  5.84e+02 9.62e-02  8.81e+04     4s
  11   2.99263118e+08 -1.00344019e+10  1.81e+02 3.42e-02  3.20e+04     4s
  12   7.19019368e+07 -5.13302044e+09  3.15e+01 1.67e-02  1.53e+04     4s
  13   2.14326189e+07 -1.27658918e+09  5.46e+00 3.84e-03  3.77e+03     4s
  14   4.41877817e+06 -1.94935000e+08  1.00e+00 5.38e-04  5.76e+02     4s
  15   1.74178613e+06 -5.14042462e+07  2.23e-01 1.38e-04  1.53e+02     4s
  16   1.01960528e+06 -3.08279654e+07  1.13e-01 8.17e-05  9.18e+01     4s
  17   4.26986774e+05 -2.24100836e+07  4.18e-02 5.76e-05  6.58e+01     4s
  18   1.76376797e+05 -9.84484262e+06  1.59e-02 2.52e-05  2.89e+01     4s
  19   4.25816111e+04 -4.15562441e+06  1.78e-03 1.03e-05  1.21e+01     4s
  20   2.77243786e+04 -1.08329927e+06  1.03e-05 7.44e-06  3.20e+00     4s
  21   2.39778556e+04 -1.00763665e+06  6.98e-06 7.52e-06  2.97e+00     5s
  22   1.76362587e+04 -7.34274908e+05  2.53e-07 5.39e-06  2.17e+00     5s
  23   1.43287638e+04 -2.00859436e+05  1.81e-08 1.23e-06  6.20e-01     5s
  24   7.81748962e+03 -6.30975276e+04  7.74e-10 3.39e-07  2.04e-01     5s
  25   3.31279608e+03 -2.43310464e+04  3.19e-11 1.27e-07  7.96e-02     5s
  26   2.94100451e+03 -9.60961020e+03  2.74e-11 5.32e-08  3.61e-02     5s
  27   2.39151428e+03 -9.04361300e+03  2.11e-11 5.02e-08  3.29e-02     5s
  28   2.14891865e+03 -7.69773910e+03  1.83e-11 4.31e-08  2.84e-02     5s
  29   1.91562297e+03 -6.98215081e+03  1.58e-11 3.93e-08  2.56e-02     5s
  30   1.63731798e+03 -5.11822514e+03  1.28e-11 2.95e-08  1.95e-02     5s
  31   1.33403109e+03 -3.80082021e+03  9.63e-12 2.25e-08  1.48e-02     6s
  32   1.06373542e+03 -2.73426852e+03  7.11e-12 1.66e-08  1.09e-02     6s
  33   8.78775651e+02 -2.14983407e+03  5.44e-12 1.34e-08  8.72e-03     6s
  34   6.05474419e+02 -1.66354314e+03  2.98e-12 1.07e-08  6.54e-03     6s
  35   5.07859517e+02 -2.10646679e+02  2.16e-12 2.11e-09  2.07e-03     6s
  36   4.09139242e+02 -7.05958845e+00  1.46e-12 1.05e-09  1.20e-03     6s
  37   3.65398528e+02  4.44739217e+01  1.14e-12 7.99e-10  9.24e-04     6s
  38   3.42247180e+02  6.23423692e+01  9.45e-13 7.13e-10  8.06e-04     7s
  39   3.32513736e+02  8.09072105e+01  8.60e-13 6.22e-10  7.25e-04     7s
  40   3.10369747e+02  1.16211862e+02  7.11e-13 4.51e-10  5.59e-04     7s
  41   2.86312745e+02  1.46017258e+02  5.54e-13 6.23e-10  4.04e-04     7s
  42   2.54648601e+02  1.61750412e+02  1.27e-11 4.25e-10  2.68e-04     7s
  43   2.41458812e+02  1.82906950e+02  9.75e-12 2.20e-09  1.69e-04     7s
  44   2.27181763e+02  1.88089115e+02  5.55e-11 1.66e-09  1.13e-04     7s
  45   2.21997472e+02  1.90614916e+02  5.86e-11 1.21e-09  9.04e-05     7s
  46   2.15763149e+02  1.91633064e+02  4.33e-11 1.03e-09  6.95e-05     8s
  47   2.12812966e+02  1.93554158e+02  3.54e-11 6.68e-10  5.55e-05     8s
  48   2.07074754e+02  1.95519722e+02  4.60e-11 2.77e-10  3.33e-05     8s
  49   2.05477181e+02  1.96797597e+02  2.51e-10 9.64e-10  2.50e-05     8s
  50   2.03350606e+02  1.97256305e+02  2.34e-10 4.52e-10  1.76e-05     8s
  51   2.01823642e+02  1.97496319e+02  1.82e-08 2.49e-10  1.25e-05     8s
  52   2.00751789e+02  1.97615812e+02  1.31e-08 2.00e-10  9.03e-06     8s
  53   2.00536040e+02  1.97745328e+02  1.21e-08 1.40e-10  8.04e-06     8s
  54   2.00532842e+02  1.97752104e+02  4.75e-06 2.76e-07  8.01e-06     8s
  55   2.00468951e+02  1.97764027e+02  8.95e-06 1.40e-06  7.79e-06     9s
  56   1.99156867e+02  1.97793903e+02  2.21e-06 4.28e-07  3.93e-06     9s
  57   1.98559802e+02  1.97831118e+02  1.09e-06 3.08e-07  2.10e-06     9s
  58   1.98391095e+02  1.97890185e+02  7.94e-07 1.54e-07  1.44e-06     9s
  59   1.98367779e+02  1.97901207e+02  7.51e-07 1.39e-07  1.34e-06     9s
  60   1.98330076e+02  1.97905949e+02  6.77e-07 1.33e-07  1.22e-06     9s
  61   1.98284707e+02  1.97918113e+02  5.85e-07 1.16e-07  1.06e-06    10s
  62   1.98212174e+02  1.97950141e+02  4.46e-07 7.36e-08  7.55e-07    10s
  63   1.98132662e+02  1.97968489e+02  3.21e-07 4.86e-08  4.73e-07    10s
  64   1.98109027e+02  1.97976256e+02  2.64e-07 3.81e-08  3.82e-07    10s
  65   1.98098372e+02  1.97981343e+02  2.38e-07 3.13e-08  3.37e-07    10s
  66   1.98083541e+02  1.97986974e+02  2.04e-07 2.40e-08  2.78e-07    11s
  67   1.98066124e+02  1.97993157e+02  1.71e-07 1.63e-08  2.10e-07    11s
  68   1.98041560e+02  1.97998841e+02  9.18e-08 9.55e-09  1.23e-07    11s
  69   1.98035242e+02  1.98001549e+02  8.71e-08 6.37e-09  9.70e-08    11s
  70   1.98028508e+02  1.98003208e+02  6.87e-08 4.46e-09  7.29e-08    11s
  71   1.98021827e+02  1.98004250e+02  4.64e-08 3.29e-09  5.06e-08    12s
  72   1.98017815e+02  1.98005143e+02  3.32e-08 2.28e-09  3.65e-08    12s
  73   1.98015704e+02  1.98005460e+02  2.63e-08 1.94e-09  2.95e-08    12s
  74   1.98012212e+02  1.98006145e+02  1.78e-08 1.15e-09  1.75e-08    12s

Barrier solved model in 74 iterations and 12.32 seconds (10.16 work units)
Optimal objective 1.98012212e+02


Root crossover log...

   13031 DPushes remaining with DInf 0.0000000e+00                12s
       0 DPushes remaining with DInf 0.0000000e+00                13s

  108533 PPushes remaining with PInf 1.6281961e-02                13s
Concurrent spin time: 0.08s

Solved with dual simplex

Root simplex log...

Iteration    Objective       Primal Inf.    Dual Inf.      Time
   93273    1.9800724e+02   0.000000e+00   0.000000e+00     14s

Root relaxation: objective 1.980072e+02, 93273 iterations, 12.03 seconds (7.90 work units)
Total elapsed time = 15.02s (DegenMoves)

    Nodes    |    Current Node    |     Objective Bounds      |     Work
 Expl Unexpl |  Obj  Depth IntInf | Incumbent    BestBd   Gap | It/Node Time

     0     0  198.00724    0   54          -  198.00724      -     -   15s
     0     0  202.42694    0   60          -  202.42694      -     -   23s
H    0     0                     226.2054429  202.63669  10.4%     -   27s
     0     0  202.63669    0   60  226.20544  202.63669  10.4%     -   27s
     0     0  202.63669    0   60  226.20544  202.63669  10.4%     -   27s
     0     0  202.70062    0   62  226.20544  202.70062  10.4%     -   29s
     0     0  202.74179    0   62  226.20544  202.74179  10.4%     -   31s
     0     0  202.93268    0   58  226.20544  202.93268  10.3%     -   34s
     0     0  202.96238    0   58  226.20544  202.96238  10.3%     -   37s
     0     0  202.96238    0   59  226.20544  202.96238  10.3%     -   37s
     0     0  203.04700    0   59  226.20544  203.04700  10.2%     -   40s
     0     0  203.61060    0   59  226.20544  203.61060  10.0%     -   41s
     0     0  203.61060    0   60  226.20544  203.61060  10.0%     -   41s
     0     0  203.61060    0   65  226.20544  203.61060  10.0%     -   42s
     0     0  203.61060    0   64  226.20544  203.61060  10.0%     -   43s
     0     0  203.61060    0   63  226.20544  203.61060  10.0%     -   44s
     0     0  203.61060    0   64  226.20544  203.61060  10.0%     -   45s
     0     0  203.61060    0   64  226.20544  203.61060  10.0%     -   45s
     0     0  203.61060    0   65  226.20544  203.61060  10.0%     -   46s
     0     0  203.61060    0   65  226.20544  203.61060  10.0%     -   49s
     0     0  203.61060    0   65  226.20544  203.61060  10.0%     -   50s
     0     0  203.61060    0   65  226.20544  203.61060  10.0%     -   50s
     0     0  203.61060    0   65  226.20544  203.61060  10.0%     -   51s
     0     0  203.61060    0   65  226.20544  203.61060  10.0%     -   52s
     0     0  203.61060    0   69  226.20544  203.61060  10.0%     -   53s
     0     0  203.61060    0   69  226.20544  203.61060  10.0%     -   62s
     0     2  203.61060    0   69  226.20544  203.61060  10.0%     -   67s
     3     5  206.34772    2   50  226.20544  203.72855  9.94%   904   72s
     6    10  206.42587    3   48  226.20544  206.34776  8.78%  1483   77s
    11    20  206.55808    4   49  226.20544  206.42629  8.74%  1694   83s
    21    29  206.74421    5   51  226.20544  206.74421  8.60%  1829   94s
    31    39  207.02675    6   51  226.20544  206.93107  8.52%  2117  108s
    41    48  207.29164    7   52  226.20544  206.93107  8.52%  2331  114s
    51    57  207.44032    8   48  226.20544  206.93107  8.52%  2258  118s
    62    67  207.62102    9   47  226.20544  206.93107  8.52%  2257  123s
    74    75  208.29438   10   45  226.20544  206.93107  8.52%  2170  126s
   103   104  210.12125   14   43  226.20544  206.93107  8.52%  1881  134s
   123   117  210.27686   15   42  226.20544  206.93107  8.52%  1794  137s
   160   136  213.63590   18   32  226.20544  206.93107  8.52%  1622  143s
   186   148  213.99721   20   32  226.20544  206.93107  8.52%  1497  147s
   211   167  217.90901   22   27  226.20544  206.93107  8.52%  1417  151s
   230   183  219.21943   24   27  226.20544  206.93107  8.52%  1398  155s
   268   219  220.05399   26   25  226.20544  206.93107  8.52%  1356  163s
   290   231  220.03219   27   25  226.20544  206.93107  8.52%  1347  167s
   314   249  220.31874   29   25  226.20544  206.93107  8.52%  1344  222s
   339   267 infeasible   32       226.20544  206.93107  8.52%  1640  225s
*  359   267              59     224.2318365  206.93107  7.72%  1606  225s
   364   287 infeasible   32       224.23184  206.93107  7.72%  1690  230s
   392   307  221.60981   33   20  224.23184  206.93107  7.72%  1651  236s
   422   339  221.64721   34   18  224.23184  206.93107  7.72%  1590  241s
   464   359  222.94293   42   12  224.23184  206.93107  7.72%  1570  245s
   510   379  224.22433   49    8  224.23184  206.93107  7.72%  1491  252s
*  544   379              63     224.0887499  206.93107  7.66%  1433  252s
   556   398     cutoff   60       224.08875  207.15800  7.56%  1493  260s
*  566   398              66     223.2092936  207.15800  7.19%  1501  260s
   589   412  208.40422    6   44  223.20929  207.15800  7.19%  1499  268s
   612   424  211.97122    8   41  223.20929  207.15800  7.19%  1514  319s
H  626   424                     220.8557478  207.15800  6.20%  1519  319s
   627   447  212.12127    9   40  220.85575  207.15800  6.20%  1526  328s
   657   471  212.24698   10   38  220.85575  207.15800  6.20%  1536  337s
   686   491  214.54497   13   35  220.85575  207.15800  6.20%  1548  346s
   720   514  216.27049   16   41  220.85575  207.15800  6.20%  1595  381s
   752   548  216.48213   17   39  220.85575  207.15800  6.20%  1625  389s
   820   569  220.22294   23   35  220.85575  207.15800  6.20%  1649  399s
   871   587  220.83333   25   32  220.85575  207.15800  6.20%  1618  406s
   937   573  214.96958   10   38  220.85575  207.15800  6.20%  1575  418s
*  988   573              60     219.0878381  207.15800  5.45%  1549  418s
  1007   582  215.61774   13   36  219.08784  207.15800  5.45%  1579  427s
  1087   565  217.86935   14   36  219.08784  207.15800  5.45%  1535  437s
* 1124   565              62     218.1431163  207.15800  5.04%  1520  437s
  1151   558     cutoff   21       218.14312  207.37276  4.94%  1511  448s
  1204   556  214.22374    9   38  218.14312  207.77087  4.75%  1512  460s
  1226   559  214.90757   11   38  218.14312  207.77087  4.75%  1511  472s
  1297   551  217.53551   20   28  218.14312  207.77087  4.75%  1501  483s
  1343   568  217.89422   25   15  218.14312  208.06705  4.62%  1508  496s
  1396   566  211.39552    8   41  218.14312  208.06705  4.62%  1536  508s
  1452   549  211.71833    9   45  218.14312  208.06705  4.62%  1538  521s
  1500   573  213.55266   10   43  218.14312  208.06705  4.62%  1558  536s
  1551   617  214.76023   12   34  218.14312  208.06705  4.62%  1561  553s
  1614   645  215.61972   14   34  218.14312  208.06705  4.62%  1550  568s
  1694   697     cutoff   15       218.14312  208.06705  4.62%  1550  584s
* 1749   666              55     217.7899990  208.06705  4.46%  1533  584s
  1788   663     cutoff   16       217.79000  208.06705  4.46%  1528  600s
  1851   668     cutoff   21       217.79000  209.26775  3.91%  1539  617s
  1905   690  214.32670   11   32  217.79000  209.94679  3.60%  1562  637s
  1967   712  216.63206   15   24  217.79000  209.94679  3.60%  1577  656s
  2026   726  217.58383   20   20  217.79000  209.98703  3.58%  1591  677s
  2093   759  216.10826   15   32  217.79000  210.20797  3.48%  1604  697s
  2171   802  216.53871   20   20  217.79000  210.20797  3.48%  1605  716s
* 2235   785              50     217.7291790  210.20797  3.45%  1594  716s
  2278   816     cutoff   29       217.72918  211.02565  3.08%  1590  736s
  2366   893  216.55512   15   37  217.72918  211.02565  3.08%  1596  757s
* 2452   631              54     214.9542401  211.02565  1.83%  1587  757s
  2501   531     cutoff   20       214.95424  211.09696  1.79%  1568  779s
  2591   537  214.46109   14   34  214.95424  211.09997  1.79%  1586  801s
  2652   538  214.54745   16   27  214.95424  211.12053  1.78%  1604  824s
  2738   537  213.49834    8   42  214.95424  211.37773  1.66%  1620  847s
  2799   518     cutoff   10       214.95424  211.37773  1.66%  1643  872s
  2867   535  213.96026   13   36  214.95424  211.37773  1.66%  1667  897s
  2946   537     cutoff   18       214.95424  211.72653  1.50%  1689  922s
  3025   517  214.76457   14   26  214.95424  211.87384  1.43%  1707  951s
  3097   507     cutoff   10       214.95424  211.99771  1.38%  1748  981s
  3175   511  213.57204   12   41  214.95424  212.04698  1.35%  1774 1015s
  3275   515  214.58874   16   36  214.95424  212.24682  1.26%  1808 1048s
  3352   523  214.63434   13   33  214.95424  212.30714  1.23%  1836 1081s
  3450   516     cutoff   15       214.95424  212.30714  1.23%  1850 1116s
  3553   535     cutoff   17       214.95424  212.37851  1.20%  1876 1156s
  3650   521     cutoff   13       214.95424  212.45766  1.16%  1893 1190s
  3754   528  214.14175   17   30  214.95424  212.55874  1.11%  1916 1228s
  3891   511     cutoff   15       214.95424  212.71607  1.04%  1925 1264s
  4022   484  214.60381   15   48  214.95424  212.85518  0.98%  1940 1301s
  4109   454     cutoff   14       214.95424  213.01900  0.90%  1975 1339s
  4191   414  213.92689   16   36  214.95424  213.10076  0.86%  2007 1385s
  4288   408  214.89550   12   38  214.95424  213.42688  0.71%  2042 1425s
  4412   386  214.47137   14   33  214.95424  213.64013  0.61%  2060 1470s
  4556   369  214.12717   15   26  214.95424  213.70336  0.58%  2074 1516s
  4718   353  214.26613   13   29  214.95424  213.84670  0.52%  2084 1562s
  4936   350  214.81963   21   20  214.95424  214.05754  0.42%  2075 1621s
  5170   327  214.88349   24   24  214.95424  214.19067  0.36%  2063 1680s
* 5274   327              39     214.9399496  214.20470  0.34%  2050 1680s
  5433   284  214.80460   13   31  214.93995  214.24822  0.32%  2041 1740s
  5648   241  214.89976   17   29  214.93995  214.38148  0.26%  2040 1802s
* 5758   241              50     214.6896138  214.38561  0.14%  2020 1802s
  5958    23  214.65014   20   21  214.68961  214.52397  0.08%  2015 1827s
  6184     0  214.57256   23   25  214.68961  214.57256  0.05%  1971 1834s

Cutting planes:
  Gomory: 6
  Cover: 12
  Implied bound: 167
  MIR: 2537
  Flow cover: 38
  Inf proof: 10
  RLT: 19
  Relax-and-lift: 244

Explored 6214 nodes (12322849 simplex iterations) in 1834.51 seconds (1887.19 work units)
Thread count was 16 (of 16 available processors)

Solution count 10: 214.69 214.94 214.954 ... 224.089

Optimal solution found (tolerance 5.00e-05)
Warning: max constraint violation (9.3742e-05) exceeds tolerance
Warning: max bound violation (1.4846e-04) exceeds tolerance
Best objective 2.146896138371e+02, best bound 2.146896138373e+02, gap 0.0000%

