Solver command line: []

Read LP format model from file C:\Users\mogli\AppData\Local\Temp\tmp4_crv2_d.pyomo.lp
Reading time = 0.43 seconds
x1: 55427 rows, 38201 columns, 229928 nonzeros
Set parameter MIPGap to value 0.001
Set parameter Presolve to value 2
Set parameter FeasibilityTol to value 0.001
Set parameter NumericFocus to value 3
Set parameter ScaleFlag to value 2
Set parameter TimeLimit to value 7200
Set parameter Heuristics to value 0.3
Set parameter IntegralityFocus to value 1
Set parameter MIPFocus to value 1
Set parameter RINS to value 75
Set parameter MIQCPMethod to value 1
Gurobi Optimizer version 11.0.0 build v11.0.0rc2 (win64 - Windows 11+.0 (26100.2))

CPU model: 13th Gen Intel(R) Core(TM) i7-13620H, instruction set [SSE2|AVX|AVX2]
Thread count: 10 physical cores, 16 logical processors, using up to 16 threads

Optimize a model with 55427 rows, 38201 columns and 229928 nonzeros
Model fingerprint: 0x41d5f80a
Model has 1536 quadratic constraints
Variable types: 38015 continuous, 186 integer (186 binary)
Coefficient statistics:
  Matrix range     [1e-04, 2e+06]
  QMatrix range    [1e+00, 1e+00]
  Objective range  [3e-02, 1e+05]
  Bounds range     [1e+00, 1e+00]
  RHS range        [8e-04, 1e+03]
Presolve removed 17931 rows and 9865 columns
Presolve time: 2.22s
Presolved: 37496 rows, 28336 columns, 164074 nonzeros
Presolved model has 1536 quadratic constraint(s)
Variable types: 28176 continuous, 160 integer (160 binary)
Root relaxation presolve removed 4501 rows and 4649 columns
Root relaxation presolved: 32995 rows, 23687 columns, 142331 nonzeros

Deterministic concurrent LP optimizer: primal and dual simplex
Showing primal log only...


Root simplex log...

Iteration    Objective       Primal Inf.    Dual Inf.      Time
   12720   -5.0312768e+08   2.643429e+02   1.400253e+09      5s
Concurrent spin time: 0.00s

Solved with dual simplex

Root simplex log...

Iteration    Objective       Primal Inf.    Dual Inf.      Time
   21919    3.1909073e+04   0.000000e+00   0.000000e+00     10s
Extra simplex iterations after uncrush: 1

Root relaxation: objective 3.190907e+04, 21919 iterations, 7.29 seconds (3.22 work units)

    Nodes    |    Current Node    |     Objective Bounds      |     Work
 Expl Unexpl |  Obj  Depth IntInf | Incumbent    BestBd   Gap | It/Node Time

     0     0 31909.0730    0    6          - 31909.0730      -     -    9s
H    0     0                    36759.457032 31909.0730  13.2%     -   17s
     0     2 31909.0730    0    6 36759.4570 31909.0730  13.2%     -   17s
     1     4 32069.4952    1   10 36759.4570 32069.4952  12.8%  5179   21s
     3     8 32542.9994    2   15 36759.4570 32134.0573  12.6% 10445   30s
     7    16 32793.2472    3   17 36759.4570 32634.5054  11.2% 10513   41s
    15    26 32860.4490    4   17 36759.4570 32702.5845  11.0%  7650   55s
    25    36 32888.3818    5   17 36759.4570 32858.6687  10.6%  7522  117s
    35    46 32969.6004    6   20 36759.4570 32865.8538  10.6% 11575  170s
    45    56 33223.4476    6   12 36759.4570 32865.8538  10.6%  9757  180s
    55    69 33013.8623    7   20 36759.4570 32865.8538  10.6%  8766  187s
    68    81 33037.3427    8   16 36759.4570 32865.8538  10.6%  7562  195s
*   69    81              10    33452.186143 32865.8538  1.75%  7452  195s
    82    64 33275.5394    9   13 33452.1861 32865.8538  1.75%  6664  201s
   100    47     cutoff    8      33452.1861 32865.8538  1.75%  5540  207s
   122    29     cutoff    9      33452.1861 32869.5094  1.74%  4819  210s
   148    12 infeasible    5      33452.1861 32869.5094  1.74%  4048  235s
H  155    12                    32954.710854 32869.5123  0.26%  3887  236s
*  188     0              12    32869.951437 32869.9514  0.00%  3218  237s

Explored 192 nodes (627897 simplex iterations) in 237.56 seconds (87.15 work units)
Thread count was 16 (of 16 available processors)

Solution count 3: 32870 33452.2 36759.5 

Optimal solution found (tolerance 1.00e-03)
Warning: max integrality violation (6.8780e-05) exceeds tolerance
Best objective 3.286995143671e+04, best bound 3.286995143671e+04, gap 0.0000%

