Solver command line: []

Read LP format model from file C:\Users\mogli\AppData\Local\Temp\tmpp_m0m8td.pyomo.lp
Reading time = 0.29 seconds
x1: 168455 rows, 121619 columns, 472576 nonzeros
Set parameter TimeLimit to value 10800
Set parameter MIPGap to value 5e-05
Set parameter IntegralityFocus to value 1
Set parameter ScaleFlag to value 0
Gurobi Optimizer version 11.0.0 build v11.0.0rc2 (win64 - Windows 11+.0 (26100.2))

CPU model: 13th Gen Intel(R) Core(TM) i7-13620H, instruction set [SSE2|AVX|AVX2]
Thread count: 10 physical cores, 16 logical processors, using up to 16 threads

Optimize a model with 168455 rows, 121619 columns and 472576 nonzeros
Model fingerprint: 0x3577ab67
Model has 12 SOS constraints
Variable types: 121578 continuous, 41 integer (41 binary)
Coefficient statistics:
  Matrix range     [1e-03, 2e+03]
  Objective range  [3e-02, 1e+03]
  Bounds range     [1e+00, 1e+00]
  RHS range        [8e-05, 1e+03]
Presolve removed 116751 rows and 25345 columns
Presolve time: 0.49s
Presolved: 51704 rows, 96274 columns, 289741 nonzeros
Variable types: 96245 continuous, 29 integer (29 binary)
Deterministic concurrent LP optimizer: primal and dual simplex
Showing primal log only...

Warning: 1 variables dropped from basis
Warning: switch to quad precision

Root simplex log...

Iteration    Objective       Primal Inf.    Dual Inf.      Time
  301955    5.9421131e+02   0.000000e+00   2.075585e+07      5s
  305153    2.5443720e+02   0.000000e+00   3.130834e+04     10s
Concurrent spin time: 0.00s

Solved with dual simplex

Root simplex log...

Iteration    Objective       Primal Inf.    Dual Inf.      Time
   57439    1.8285552e+02   0.000000e+00   0.000000e+00     12s

Root relaxation: objective 1.828555e+02, 57439 iterations, 11.37 seconds (12.64 work units)

    Nodes    |    Current Node    |     Objective Bounds      |     Work
 Expl Unexpl |  Obj  Depth IntInf | Incumbent    BestBd   Gap | It/Node Time

     0     0  182.85552    0   10          -  182.85552      -     -   12s
H    0     0                     201.5219327  182.85552  9.26%     -   12s
H    0     0                     198.9895281  182.85552  8.11%     -   13s
H    0     0                     198.9895194  188.79430  5.12%     -   15s
     0     0  188.79430    0   12  198.98952  188.79430  5.12%     -   15s
     0     0  190.68822    0   12  198.98952  190.68822  4.17%     -   18s
     0     0  190.68822    0   12  198.98952  190.68822  4.17%     -   18s
     0     0  190.77892    0   13  198.98952  190.77892  4.13%     -   20s
     0     0  191.76934    0   14  198.98952  191.76934  3.63%     -   22s
     0     0  191.82441    0   14  198.98952  191.82441  3.60%     -   23s
     0     0  191.85514    0   13  198.98952  191.85514  3.59%     -   24s
     0     0  191.87239    0   13  198.98952  191.87239  3.58%     -   25s
     0     0  191.87239    0   13  198.98952  191.87239  3.58%     -   26s
     0     0  192.96722    0   13  198.98952  192.96722  3.03%     -   31s
     0     2  192.96722    0   13  198.98952  192.96722  3.03%     -   34s
     1     4  192.96722    1   10  198.98952  192.96722  3.03%  5359   35s
    33    26  193.89511    5    7  198.98952  192.96722  3.03%  2665   40s
*   64    26               7     197.5597340  193.77001  1.92%  2476   42s
    88     3     cutoff    8       197.55973  194.90344  1.34%  2378   46s

Cutting planes:
  Gomory: 12
  Cover: 1
  Implied bound: 598
  MIR: 1853
  Flow cover: 275
  RLT: 714
  Relax-and-lift: 624

Explored 100 nodes (314885 simplex iterations) in 48.41 seconds (51.76 work units)
Thread count was 16 (of 16 available processors)

Solution count 3: 197.56 198.99 201.522 

Optimal solution found (tolerance 5.00e-05)
Warning: max constraint violation (2.4136e-06) exceeds tolerance
Best objective 1.975597340285e+02, best bound 1.975597340248e+02, gap 0.0000%

