Solver command line: []

Read LP format model from file C:\Users\mogli\AppData\Local\Temp\tmpcva1zwae.pyomo.lp
Reading time = 0.11 seconds
x1: 60875 rows, 44304 columns, 206278 nonzeros
Set parameter TimeLimit to value 1800
Set parameter MIPGap to value 5e-05
Set parameter Threads to value 12
Set parameter IntegralityFocus to value 1
Set parameter MIPFocus to value 2
Gurobi Optimizer version 11.0.0 build v11.0.0rc2 (win64 - Windows 11+.0 (26100.2))

CPU model: 13th Gen Intel(R) Core(TM) i7-13620H, instruction set [SSE2|AVX|AVX2]
Thread count: 10 physical cores, 16 logical processors, using up to 12 threads

Optimize a model with 60875 rows, 44304 columns and 206278 nonzeros
Model fingerprint: 0x6805b650
Model has 28 SOS constraints
Variable types: 44127 continuous, 177 integer (177 binary)
Coefficient statistics:
  Matrix range     [3e-04, 1e+06]
  Objective range  [3e-02, 4e+05]
  Bounds range     [1e+00, 1e+00]
  RHS range        [5e-04, 1e+05]
Presolve removed 35694 rows and 7972 columns
Presolve time: 0.25s
Presolved: 25181 rows, 36332 columns, 137400 nonzeros
Variable types: 36155 continuous, 177 integer (177 binary)
Root relaxation presolve removed 73 rows and 73 columns
Root relaxation presolved: 25108 rows, 36259 columns, 137161 nonzeros

Deterministic concurrent LP optimizer: primal and dual simplex
Showing primal log only...

Concurrent spin time: 0.18s

Solved with dual simplex

Root relaxation: objective 1.241305e+02, 42234 iterations, 4.00 seconds (5.16 work units)

    Nodes    |    Current Node    |     Objective Bounds      |     Work
 Expl Unexpl |  Obj  Depth IntInf | Incumbent    BestBd   Gap | It/Node Time

     0     0  124.13049    0   71          -  124.13049      -     -    4s
     0     0  125.26703    0  104          -  125.26703      -     -   12s
     0     0  125.31984    0  104          -  125.31984      -     -   13s
     0     0  125.70498    0  105          -  125.70498      -     -   15s
     0     0  126.01444    0  108          -  126.01444      -     -   15s
     0     0  126.01444    0  108          -  126.01444      -     -   15s
     0     0  127.32815    0   98          -  127.32815      -     -   19s
     0     0  127.45206    0  104          -  127.45206      -     -   19s
     0     0  127.45206    0  105          -  127.45206      -     -   19s
     0     0  127.45206    0  105          -  127.45206      -     -   19s
     0     0  128.30979    0  110          -  128.30979      -     -   22s
     0     0  128.35765    0  114          -  128.35765      -     -   23s
     0     0  128.35765    0  110          -  128.35765      -     -   24s
     0     0  128.35765    0  111          -  128.35765      -     -   24s
     0     0  128.65746    0  109          -  128.65746      -     -   26s
     0     0  128.92131    0  113          -  128.92131      -     -   27s
     0     0  128.92131    0  114          -  128.92131      -     -   27s
     0     0  128.92131    0  114          -  128.92131      -     -   27s
     0     0  128.92131    0  114          -  128.92131      -     -   30s
     0     0  128.92131    0  115          -  128.92131      -     -   30s
     0     0  128.92131    0  114          -  128.92131      -     -   30s
     0     0  128.92131    0  116          -  128.92131      -     -   33s
     0     0  128.93228    0  117          -  128.93228      -     -   34s
     0     0  128.93228    0  117          -  128.93228      -     -   34s
     0     0  128.93228    0  117          -  128.93228      -     -   34s
     0     0  128.93228    0  117          -  128.93228      -     -   35s
     0     0  128.93854    0  117          -  128.93854      -     -   36s
     0     0  128.93854    0  117          -  128.93854      -     -   36s
     0     0  128.93854    0  118          -  128.93854      -     -   38s
     0     0  129.08785    0  119          -  129.08785      -     -   39s
     0     0  129.08785    0  119          -  129.08785      -     -   39s
     0     0  129.08785    0  121          -  129.08785      -     -   40s
     0     0  129.15894    0  120          -  129.15894      -     -   41s
     0     0  129.15894    0  120          -  129.15894      -     -   41s
     0     0  129.15894    0  121          -  129.15894      -     -   42s
     0     0  129.15894    0  124          -  129.15894      -     -   43s
     0     0  129.15894    0  124          -  129.15894      -     -   43s
     0     0  129.15894    0  123          -  129.15894      -     -   44s
     0     0  129.15894    0  123          -  129.15894      -     -   44s
     0     0  129.15894    0  122          -  129.15894      -     -   45s
     0     0  129.15894    0  122          -  129.15894      -     -   46s
     0     2  129.15894    0  122          -  129.15894      -     -   50s
     7    10  132.29578    3  101          -  131.99247      -  1144   55s
    23    32  133.64897    5   95          -  132.32485      -  1256   62s
    47    56  134.51142    7   93          -  132.36019      -   917   66s
    87    99  135.37103   10   88          -  132.36019      -   841   70s
   129   140  136.03940   14   76          -  132.36019      -   789   82s
   168   180  137.64693   19   85          -  132.36019      -   923   86s
   239   249  139.91493   25   57          -  132.36019      -   862   91s
   334   344  143.30884   29   54          -  132.36019      -   809   97s
   369   378  144.00806   34   50          -  132.36019      -   818  103s
   407   412  144.21459   41   39          -  132.36019      -   847  105s
   548   538  148.91594   59   30          -  132.36019      -   784  112s
   669   659  149.47598   69   19          -  132.36019      -   708  116s
*  695   659              78     144.6302516  132.36019  8.48%   687  116s
   827   718  136.69811    6   90  144.63025  132.47750  8.40%   632  121s
   902   717  137.06269    6   92  144.63025  132.47750  8.40%   606  130s
   972   747  137.32388    7   89  144.63025  132.47750  8.40%   607  135s
* 1000   681              80     142.3335981  132.47750  6.92%   608  135s
* 1020   681              87     141.3086126  132.47750  6.25%   601  135s
  1034   668  137.99990   10   86  141.30861  132.47750  6.25%   601  140s
  1080   673  138.32092   13   80  141.30861  132.47750  6.25%   600  145s
  1143   699  138.74411   13   81  141.30861  132.47750  6.25%   606  152s
  1184   694  139.16095   14   77  141.30861  132.47750  6.25%   611  155s
  1236   664  139.24582   18   73  141.30861  132.47750  6.25%   609  163s
  1273   674  140.22181   20   67  141.30861  132.47750  6.25%   637  166s
  1355   688  140.16569   22   70  141.30861  132.47750  6.25%   647  175s
  1443   757  140.22182   25   63  141.30861  132.47750  6.25%   659  190s
  1504   789  140.38292   26   61  141.30861  132.47750  6.25%   679  195s
  1582   812  141.16881   28   62  141.30861  132.47750  6.25%   673  203s
  1651   830     cutoff   34       141.30861  132.47750  6.25%   682  208s
  1720   850     cutoff   42       141.30861  132.98151  5.89%   684  214s
  1779   890  137.80662    6   92  141.30861  133.84592  5.28%   691  236s
  1853   912  139.00991   10   74  141.30861  133.84592  5.28%   703  242s
  1922   925  139.37496   14   70  141.30861  133.84592  5.28%   715  247s
  1985   970  139.91369   17   75  141.30861  133.84592  5.28%   730  259s
  2075   991     cutoff   19       141.30861  134.33316  4.94%   737  265s
  2152  1035  138.68667   14   87  141.30861  134.65081  4.71%   741  271s
  2251  1068  139.60706   20   78  141.30861  134.65081  4.71%   742  288s
  2342  1099  140.72714   22   74  141.30861  134.65081  4.71%   787  296s
  2437  1159  140.10886   14   72  141.30861  134.65081  4.71%   792  309s
  2529  1177     cutoff   22       141.30861  135.51953  4.10%   805  319s
  2630  1258     cutoff   15       141.30861  135.73574  3.94%   819  327s
  2788  1298  139.89089   20   62  141.30861  135.73574  3.94%   806  334s
  2855  1298     cutoff   17       141.30861  135.73574  3.94%   804  335s
* 2899  1293              78     141.2954306  135.73574  3.93%   798  335s
  2934  1319     cutoff   28       141.29543  136.05542  3.71%   800  351s
H 2942  1220                     141.0323227  136.05542  3.53%   800  351s
H 2943  1155                     140.8842992  136.05542  3.43%   800  351s
H 2984   884                     140.2363608  136.05542  2.98%   797  351s
  3005   897     cutoff   15       140.23636  136.15139  2.91%   799  360s
  3134   897  138.45578   16   96  140.23636  136.15139  2.91%   796  377s
  3241   920  139.37791   18   91  140.23636  136.53172  2.64%   815  392s
  3356   960  137.53755   10   97  140.23636  136.53172  2.64%   829  418s
  3467   998     cutoff   22       140.23636  136.53172  2.64%   830  429s
* 3579   935              77     140.1126914  136.99004  2.23%   824  429s
  3631   984     cutoff   11       140.11269  136.99347  2.23%   826  439s
  3810   985  138.75573   11  122  140.11269  136.99347  2.23%   818  487s
  3812   986  138.02639   13   71  140.11269  136.99347  2.23%   818  492s
  3813   987  139.55986   18   91  140.11269  136.99347  2.23%   817  497s
  3814   988  139.55576   21  102  140.11269  136.99347  2.23%   817  500s
  3817   990  139.08396   16  110  140.11269  136.99347  2.23%   817  521s
  3819   991  139.46952   19  115  140.11269  136.99347  2.23%   816  529s
  3820   992  139.57157   17  112  140.11269  136.99347  2.23%   816  546s
  3822   993  138.92452   16  124  140.11269  136.99347  2.23%   815  555s
  3823   994  138.58793   17  115  140.11269  136.99347  2.23%   815  572s
  3824   994  137.63657   10  111  140.11269  136.99347  2.23%   815  578s
  3825   995  139.71520   10  114  140.11269  136.99347  2.23%   815  595s
  3827   996  139.68045   25  107  140.11269  136.99347  2.23%   814  603s
  3828   997  138.93171   15  107  140.11269  137.00807  2.22%   814  618s
  3829   998  139.78341   16  110  140.11269  137.00807  2.22%   814  625s
  3830   998  138.91267   18  109  140.11269  137.34416  1.98%   814  638s
  3831   999  139.99536   20  109  140.11269  137.34416  1.98%   814  652s
  3832  1000  139.59391   21  109  140.11269  137.34416  1.98%   813  657s
  3833  1003  137.34416   14  103  140.11269  137.34416  1.98%   833  660s
  3839  1010  139.64491   16   96  140.11269  137.34416  1.98%   834  667s
  3847  1009  139.94555   17   98  140.11269  137.34416  1.98%   835  671s
  3859  1009 infeasible   18       140.11269  137.34416  1.98%   836  679s
  3871  1016  137.93797   19   90  140.11269  137.44520  1.90%   843  681s
  3907  1020  138.52243   22   80  140.11269  137.66856  1.74%   841  686s
  3931  1013  138.59738   24   80  140.11269  137.68696  1.73%   839  690s
  3957  1007  138.94774   26   66  140.11269  137.68696  1.73%   838  695s
  3990   987  139.49669   26   63  140.11269  137.68696  1.73%   837  700s
H 3991   936                     140.0776985  137.68696  1.71%   837  700s
  4023   927  139.62152   30   64  140.07770  137.68696  1.71%   838  705s
  4065   916  140.02855   33   57  140.07770  137.68696  1.71%   838  712s
  4081   917 infeasible   35       140.07770  137.72281  1.68%   838  715s
  4120   912  138.49820   24   91  140.07770  137.76083  1.65%   837  722s
  4146   909  139.78772   26   87  140.07770  137.76083  1.65%   838  725s
  4194   904  139.94975   31   80  140.07770  137.76083  1.65%   834  732s
H 4197   855                     140.0308884  137.76083  1.62%   833  732s
  4221   855  139.95280   32   73  140.03089  137.76083  1.62%   831  735s
  4267   852  139.95328   36   66  140.03089  137.85660  1.55%   825  740s
  4388   890  139.11006   22   99  140.03089  137.85660  1.55%   819  749s
  4473   903  139.36190   23   94  140.03089  137.85660  1.55%   808  756s
* 4521   842              84     140.0052481  137.85660  1.53%   808  756s
* 4533   795              77     139.8216813  137.85660  1.41%   806  756s
* 4543   751              77     139.8047408  137.85660  1.39%   805  756s
  4561   739  139.45873   25   94  139.80474  137.85660  1.39%   803  760s
  4672   761  139.53641   28   87  139.80474  137.85660  1.39%   801  767s
  4776   748  139.57180   29   85  139.80474  137.85660  1.39%   789  773s
* 4791   704              77     139.7386632  137.85660  1.35%   787  773s
  4857   680  139.65764   28   82  139.73866  137.85660  1.35%   781  777s
  4929   659     cutoff   29       139.73866  138.71619  0.73%   776  782s
  5007   633  139.19148   19   88  139.73866  139.19148  0.39%   771  786s
  5097   574 infeasible   20       139.73866  139.43162  0.22%   763  794s
  5190   532     cutoff   31       139.73866  139.58535  0.11%   760  797s
  5371   458  139.72962   62   25  139.73866  139.62525  0.08%   740  800s
* 5464   390              84     139.7371710  139.66203  0.05%   730  800s
* 5609   306              83     139.7339463  139.70516  0.02%   714  800s
  5617   263     cutoff   62       139.73395  139.70520  0.02%   713  805s
* 5649   218              75     139.7156960  139.70520  0.01%   710  805s
* 5797   197              83     139.7156712  139.70520  0.01%   694  805s

Cutting planes:
  Learned: 6
  Gomory: 22
  Implied bound: 224
  Projected implied bound: 274
  MIR: 774
  Mixing: 8
  Flow cover: 4118
  Inf proof: 5
  Zero half: 5
  RLT: 7
  Relax-and-lift: 328

Explored 6092 nodes (4118217 simplex iterations) in 807.78 seconds (1053.36 work units)
Thread count was 12 (of 16 available processors)

Solution count 10: 139.716 139.716 139.734 ... 140.078

Optimal solution found (tolerance 5.00e-05)
Best objective 1.397156712209e+02, best bound 1.397156712209e+02, gap 0.0000%

