Solver command line: []

Read LP format model from file C:\Users\mogli\AppData\Local\Temp\tmpwn7ivgaa.pyomo.lp
Reading time = 0.07 seconds
x1: 38656 rows, 28689 columns, 127265 nonzeros
Set parameter TimeLimit to value 600
Set parameter MIPGap to value 5e-05
Set parameter NumericFocus to value 3
Set parameter ScaleFlag to value 0
Set parameter Threads to value 12
Set parameter IntegralityFocus to value 1
Gurobi Optimizer version 11.0.0 build v11.0.0rc2 (win64 - Windows 11+.0 (26100.2))

CPU model: 13th Gen Intel(R) Core(TM) i7-13620H, instruction set [SSE2|AVX|AVX2]
Thread count: 10 physical cores, 16 logical processors, using up to 12 threads

Optimize a model with 38656 rows, 28689 columns and 127265 nonzeros
Model fingerprint: 0x77e88e95
Model has 17 SOS constraints
Variable types: 28567 continuous, 122 integer (122 binary)
Coefficient statistics:
  Matrix range     [3e-04, 1e+06]
  Objective range  [3e-02, 4e+05]
  Bounds range     [1e+00, 1e+00]
  RHS range        [2e-04, 1e+05]
Presolve removed 23023 rows and 5622 columns
Presolve time: 0.14s
Presolved: 15633 rows, 23067 columns, 81339 nonzeros
Variable types: 22973 continuous, 94 integer (93 binary)

Root simplex log...

Iteration    Objective       Primal Inf.    Dual Inf.      Time
   22404    3.3752784e+01   2.125348e+01   0.000000e+00      5s
   26077    3.4171647e+01   0.000000e+00   0.000000e+00      6s

Root relaxation: objective 3.417165e+01, 26077 iterations, 5.45 seconds (6.85 work units)

    Nodes    |    Current Node    |     Objective Bounds      |     Work
 Expl Unexpl |  Obj  Depth IntInf | Incumbent    BestBd   Gap | It/Node Time

     0     0   34.17165    0   26          -   34.17165      -     -    6s
H    0     0                      35.1844272   34.17165  2.88%     -    6s
     0     2   34.17165    0   26   35.18443   34.17165  2.88%     -    7s
   131    93   34.19206   17   18   35.18443   34.19206  2.82%   128   10s
H  249   179                      34.5894298   34.19844  1.13%   112   11s
H  297   168                      34.5465261   34.19844  1.01%   102   12s
   473   256   34.25884   35   11   34.54653   34.19844  1.01%   130   15s
H  474   256                      34.5460019   34.19844  1.01%   129   15s
H  475   256                      34.4889191   34.19844  0.84%   130   15s
H  476   256                      34.4505896   34.19844  0.73%   130   15s
*  937   425              52      34.3366971   34.21367  0.36%   129   19s
   990   408     cutoff   38        34.33670   34.21367  0.36%   132   20s
* 1335   379              47      34.3277228   34.26903  0.17%   148   24s
  1346   367     cutoff   37        34.32772   34.27270  0.16%   149   25s

Cutting planes:
  Implied bound: 199

Explored 1851 nodes (292149 simplex iterations) in 28.71 seconds (34.32 work units)
Thread count was 12 (of 16 available processors)

Solution count 8: 34.3277 34.3367 34.4506 ... 35.1844

Optimal solution found (tolerance 5.00e-05)
Best objective 3.432772275206e+01, best bound 3.432772275194e+01, gap 0.0000%

