Solver command line: []

Read LP format model from file C:\Users\mogli\AppData\Local\Temp\tmp56azre4c.pyomo.lp
Reading time = 0.07 seconds
x1: 39449 rows, 29252 columns, 129414 nonzeros
Set parameter TimeLimit to value 3600
Set parameter MIPGap to value 5e-05
Set parameter NumericFocus to value 3
Set parameter ScaleFlag to value 0
Set parameter Threads to value 12
Set parameter IntegralityFocus to value 1
Gurobi Optimizer version 11.0.0 build v11.0.0rc2 (win64 - Windows 11+.0 (26100.2))

CPU model: 13th Gen Intel(R) Core(TM) i7-13620H, instruction set [SSE2|AVX|AVX2]
Thread count: 10 physical cores, 16 logical processors, using up to 12 threads

Optimize a model with 39449 rows, 29252 columns and 129414 nonzeros
Model fingerprint: 0x347c8dff
Model has 17 SOS constraints
Variable types: 29122 continuous, 130 integer (130 binary)
Coefficient statistics:
  Matrix range     [3e-04, 1e+06]
  Objective range  [3e-02, 4e+05]
  Bounds range     [1e+00, 1e+00]
  RHS range        [1e-03, 1e+05]
Presolve removed 23825 rows and 6153 columns
Presolve time: 0.14s
Presolved: 15624 rows, 23099 columns, 80975 nonzeros
Variable types: 23007 continuous, 92 integer (92 binary)

Root relaxation: objective 8.998660e+01, 16894 iterations, 2.15 seconds (2.76 work units)

    Nodes    |    Current Node    |     Objective Bounds      |     Work
 Expl Unexpl |  Obj  Depth IntInf | Incumbent    BestBd   Gap | It/Node Time

     0     0   89.98660    0   31          -   89.98660      -     -    2s
H    0     0                     339.2478070   89.98660  73.5%     -    3s
H    0     0                     337.2747900   89.98660  73.3%     -    3s
     0     2   89.98660    0   31  337.27479   89.98660  73.3%     -    4s
    15    28   90.00460    4   33  337.27479   90.00460  73.3%   239    5s
   215   190   90.07315   15   31  337.27479   90.00460  73.3%   298   10s
H  244   216                     143.7898721   90.00460  37.4%   297   11s
H  270   216                     111.5491694   90.00460  19.3%   285   11s
H  339   232                     104.2042607   90.00460  13.6%   290   13s
H  341   232                     104.0846814   90.00460  13.5%   288   13s
H  346   232                      96.3552655   90.00460  6.59%   288   13s
H  368   237                      96.2387248   90.00460  6.48%   282   14s
H  381   237                      96.2339607   90.00460  6.47%   283   14s
   415   231 infeasible   15        96.23396   90.00460  6.47%   297   15s
H  678   284                      95.5582500   90.01309  5.80%   265   19s
H  690   284                      95.5155990   90.01309  5.76%   260   19s
   758   259     cutoff   56        95.51560   90.01309  5.76%   243   20s
*  876   210              24      95.5001808   90.05751  5.70%   224   21s
*  915   210              21      95.4877662   90.08316  5.66%   218   21s

Cutting planes:
  Cover: 24
  Implied bound: 377

Explored 1281 nodes (265908 simplex iterations) in 23.01 seconds (29.15 work units)
Thread count was 12 (of 16 available processors)

Solution count 10: 95.4878 95.5002 95.5156 ... 111.549

Optimal solution found (tolerance 5.00e-05)
Best objective 9.548776623013e+01, best bound 9.548776622990e+01, gap 0.0000%

