Solver command line: []

Read LP format model from file C:\Users\mogli\AppData\Local\Temp\tmp3h9x5_o6.pyomo.lp
Reading time = 0.07 seconds
x1: 38656 rows, 28689 columns, 127265 nonzeros
Set parameter TimeLimit to value 600
Set parameter MIPGap to value 5e-05
Set parameter NumericFocus to value 3
Set parameter ScaleFlag to value 0
Set parameter Threads to value 12
Set parameter IntegralityFocus to value 1
Gurobi Optimizer version 11.0.0 build v11.0.0rc2 (win64 - Windows 11+.0 (26100.2))

CPU model: 13th Gen Intel(R) Core(TM) i7-13620H, instruction set [SSE2|AVX|AVX2]
Thread count: 10 physical cores, 16 logical processors, using up to 12 threads

Optimize a model with 38656 rows, 28689 columns and 127265 nonzeros
Model fingerprint: 0xf600a897
Model has 17 SOS constraints
Variable types: 28567 continuous, 122 integer (122 binary)
Coefficient statistics:
  Matrix range     [3e-04, 1e+06]
  Objective range  [3e-02, 4e+05]
  Bounds range     [1e+00, 1e+00]
  RHS range        [2e-04, 1e+05]
Presolve removed 22760 rows and 5539 columns
Presolve time: 0.15s
Presolved: 15896 rows, 23150 columns, 81621 nonzeros
Variable types: 23038 continuous, 112 integer (112 binary)

Root relaxation: objective 5.043369e+01, 19995 iterations, 3.31 seconds (4.17 work units)

    Nodes    |    Current Node    |     Objective Bounds      |     Work
 Expl Unexpl |  Obj  Depth IntInf | Incumbent    BestBd   Gap | It/Node Time

     0     0   50.43369    0   49          -   50.43369      -     -    3s
H    0     0                      64.3210776   50.58029  21.4%     -    5s
     0     2   50.58029    0   49   64.32108   50.58029  21.4%     -    5s
    17     8   53.60649    5   46   64.32108   52.61715  18.2%   320   10s
   176   113     cutoff   17        64.32108   58.33224  9.31%   333   15s
   459   409   63.10470   31   13   64.32108   59.26927  7.85%   197   20s
*  604   556              50      64.0345844   61.56023  3.86%   180   22s
*  768   717              66      62.1321567   61.56023  0.92%   159   23s
*  781   717              67      62.1232971   61.56023  0.91%   158   23s
*  788   717              64      61.8569312   61.56023  0.48%   157   23s
   896   634   61.67955   15   30   61.85693   61.59436  0.42%   146   26s
*  922   643              55      61.8567586   61.59436  0.42%   146   29s
   928   669   61.72061   14   30   61.85676   61.59436  0.42%   145   30s
  1281   649     cutoff   33        61.85676   61.59772  0.42%   139   35s
  1594   664   61.79419   33    8   61.85676   61.61675  0.39%   136   40s
* 1821   658              47      61.8534084   61.66065  0.31%   135   44s
  1872   672   61.76334   28   13   61.85341   61.66065  0.31%   139   45s
* 2047   650              45      61.8506627   61.67480  0.28%   139   49s
  2054   662     cutoff   29        61.85066   61.68372  0.27%   139   50s
* 2396   658              49      61.8436017   61.70860  0.22%   135   54s
  2503   647     cutoff   36        61.84360   61.72549  0.19%   134   56s
  2891   644   61.79798   33   11   61.84360   61.73667  0.17%   132   60s
  3322   640     cutoff   28        61.84360   61.75568  0.14%   130   66s
  3606   632     cutoff   25        61.84360   61.76403  0.13%   128   70s
  3978   629     cutoff   37        61.84360   61.77546  0.11%   126   75s
  4454   570     cutoff   29        61.84360   61.78401  0.10%   122   81s
  4736   513   61.80940   40    6   61.84360   61.79196  0.08%   120   85s
* 4972   513              47      61.8435763   61.79334  0.08%   119   85s
  5302   383   61.84064   35    5   61.84358   61.80319  0.07%   117   91s
  5807   159     cutoff   32        61.84358   61.82392  0.03%   117   97s
  6082    12     cutoff   22        61.84358   61.83310  0.02%   117  100s

Cutting planes:
  Cover: 5
  Implied bound: 124

Explored 6277 nodes (755384 simplex iterations) in 100.47 seconds (107.55 work units)
Thread count was 12 (of 16 available processors)

Solution count 10: 61.8436 61.8436 61.8507 ... 64.3211

Optimal solution found (tolerance 5.00e-05)
Best objective 6.184357633566e+01, best bound 6.184357633558e+01, gap 0.0000%

