Solver command line: []

Read LP format model from file C:\Users\mogli\AppData\Local\Temp\tmpc8fn4d2r.pyomo.lp
Reading time = 0.11 seconds
x1: 63102 rows, 46894 columns, 210422 nonzeros
Set parameter TimeLimit to value 900
Set parameter MIPGap to value 5e-05
Set parameter IntegralityFocus to value 1
Set parameter ScaleFlag to value 0
Set parameter ImproveStartTime to value 600
Gurobi Optimizer version 11.0.0 build v11.0.0rc2 (win64 - Windows 11+.0 (26100.2))

CPU model: 13th Gen Intel(R) Core(TM) i7-13620H, instruction set [SSE2|AVX|AVX2]
Thread count: 10 physical cores, 16 logical processors, using up to 16 threads

Optimize a model with 63102 rows, 46894 columns and 210422 nonzeros
Model fingerprint: 0xe43811f6
Model has 28 SOS constraints
Variable types: 46718 continuous, 176 integer (176 binary)
Coefficient statistics:
  Matrix range     [1e-03, 2e+03]
  Objective range  [3e-02, 1e+03]
  Bounds range     [1e+00, 1e+00]
  RHS range        [2e-03, 1e+03]
Presolve removed 38367 rows and 10645 columns
Presolve time: 0.24s
Presolved: 24735 rows, 36249 columns, 136535 nonzeros
Variable types: 36073 continuous, 176 integer (176 binary)
Deterministic concurrent LP optimizer: primal and dual simplex
Showing primal log only...


Root simplex log...

Iteration    Objective       Primal Inf.    Dual Inf.      Time
   99836    1.2656847e+05   1.212281e-05   5.014746e+06      5s
  100580    7.1819984e+15   0.000000e+00   9.831699e+08      5s
Concurrent spin time: 0.09s

Solved with dual simplex

Root simplex log...

Iteration    Objective       Primal Inf.    Dual Inf.      Time
   39413    3.2886027e+02   0.000000e+00   0.000000e+00      5s

Root relaxation: objective 3.288603e+02, 39413 iterations, 5.19 seconds (6.82 work units)

    Nodes    |    Current Node    |     Objective Bounds      |     Work
 Expl Unexpl |  Obj  Depth IntInf | Incumbent    BestBd   Gap | It/Node Time

     0     0  328.86027    0   76          -  328.86027      -     -    5s
     0     0  330.69854    0  105          -  330.69854      -     -    7s
     0     0  331.53488    0  105          -  331.53488      -     -    8s
     0     0  331.53488    0  105          -  331.53488      -     -    8s
     0     0  331.53488    0  105          -  331.53488      -     -    8s
H    0     0                     394.3439064  332.79715  15.6%     -   10s
     0     0  332.79715    0  105  394.34391  332.79715  15.6%     -   10s
     0     0  332.85624    0  109  394.34391  332.85624  15.6%     -   11s
     0     0  332.85624    0  115  394.34391  332.85624  15.6%     -   11s
     0     0  332.85624    0  113  394.34391  332.85624  15.6%     -   11s
     0     0  332.85624    0  113  394.34391  332.85624  15.6%     -   11s
     0     0  333.85365    0  100  394.34391  333.85365  15.3%     -   13s
     0     0  334.11096    0  106  394.34391  334.11096  15.3%     -   14s
     0     0  334.11565    0  109  394.34391  334.11565  15.3%     -   14s
     0     0  334.11595    0  109  394.34391  334.11595  15.3%     -   15s
     0     0  334.74483    0  101  394.34391  334.74483  15.1%     -   17s
H    0     0                     353.3469416  334.81435  5.24%     -   18s
H    0     0                     353.3030636  334.81435  5.23%     -   18s
H    0     0                     353.2535636  334.81435  5.22%     -   18s
     0     0  334.81435    0  102  353.25356  334.81435  5.22%     -   18s
     0     0  334.81828    0  103  353.25356  334.81828  5.22%     -   18s
     0     0  334.81854    0  103  353.25356  334.81854  5.22%     -   18s
H    0     0                     351.6469699  335.21332  4.67%     -   19s
     0     0  335.21332    0  106  351.64697  335.21332  4.67%     -   19s
     0     0  335.24056    0  105  351.64697  335.24056  4.67%     -   20s
     0     0  335.24056    0  105  351.64697  335.24056  4.67%     -   20s
     0     0  335.47277    0  108  351.64697  335.47277  4.60%     -   21s
     0     0  335.50425    0  107  351.64697  335.50425  4.59%     -   21s
     0     0  335.50425    0  105  351.64697  335.50425  4.59%     -   21s
     0     0  335.64775    0  105  351.64697  335.64775  4.55%     -   22s
     0     0  335.70745    0  106  351.64697  335.70745  4.53%     -   22s
     0     0  335.70745    0  106  351.64697  335.70745  4.53%     -   22s
     0     0  335.73510    0  104  351.64697  335.73510  4.52%     -   23s
     0     0  335.84458    0  104  351.64697  335.84458  4.49%     -   24s
     0     0  335.84458    0  104  351.64697  335.84458  4.49%     -   24s
     0     0  335.84458    0  107  351.64697  335.84458  4.49%     -   24s
     0     0  335.85892    0  106  351.64697  335.85892  4.49%     -   25s
     0     0  335.85892    0  106  351.64697  335.85892  4.49%     -   25s
     0     0  335.86023    0  107  351.64697  335.86023  4.49%     -   25s
     0     0  335.86813    0  107  351.64697  335.86813  4.49%     -   25s
     0     0  335.86813    0  107  351.64697  335.86813  4.49%     -   26s
     0     0  335.89730    0  107  351.64697  335.89730  4.48%     -   28s
     0     2  335.89730    0  107  351.64697  335.89730  4.48%     -   34s
     3     8  339.31384    2  100  351.64697  337.23257  4.10%  1199   37s
    15    18 infeasible    4       351.64697  340.67527  3.12%  1360   40s
    69    69  343.37394   10   82  351.64697  340.82973  3.08%   829   45s
   138   136  344.71698   16   67  351.64697  340.82973  3.08%   803   50s
   192   187  344.70860   20   68  351.64697  340.82973  3.08%   804   55s
   207   205  345.07709   21   65  351.64697  340.82973  3.08%   834   84s
   227   223  345.09749   23   68  351.64697  340.82973  3.08%  1139   85s
   299   278  348.68026   28   57  351.64697  340.82973  3.08%  1026   90s
   352   303  349.35931   27   53  351.64697  340.82973  3.08%  1023   96s
   421   331  350.85016   29   47  351.64697  340.84067  3.07%   976  103s
H  428   331                     351.6071909  340.84067  3.06%   965  103s
   495   392  345.83781   12   74  351.60719  340.84067  3.06%   922  117s
   531   427  348.15637   14   64  351.60719  340.84067  3.06%   955  153s
   589   463     cutoff   23       351.60719  340.84067  3.06%  1036  155s
H  594   463                     351.3707403  340.84067  3.00%  1032  155s
   717   543  344.51796   12   55  351.37074  341.07907  2.93%   941  163s
   795   589  349.81812   20   48  351.37074  341.07907  2.93%   942  168s
   871   622     cutoff   35       351.37074  341.25518  2.88%   917  170s
  1096   826     cutoff   21       351.37074  341.61840  2.78%   821  182s
  1235   896  345.46263    9   86  351.37074  341.61840  2.78%   784  185s
* 1384   916              74     351.1363278  341.61840  2.71%   740  187s
* 1413   836              76     350.7235788  341.61840  2.60%   729  187s
  1477   898  348.17346   19   59  350.72358  341.61840  2.60%   719  192s
  1606   947 infeasible   28       350.72358  341.61840  2.60%   701  197s
  1685  1018 infeasible   28       350.72358  341.61840  2.60%   704  202s
  1834  1111  350.50496   37   40  350.72358  342.34148  2.39%   684  207s
  1993  1242  347.39480   16   57  350.72358  342.34148  2.39%   661  212s
* 2104   669              77     347.3912577  342.34148  1.45%   644  212s
  2205   510  345.16257   10  107  347.39126  342.34148  1.45%   629  249s
  2207   511  343.53431    9   77  347.39126  342.34148  1.45%   629  258s
  2208   512  345.25436   13   95  347.39126  342.34148  1.45%   628  261s
  2210   513  343.80137   13  112  347.39126  342.34148  1.45%   628  265s
  2215   517  344.31585   14  107  347.39126  342.34148  1.45%   626  270s
  2218   519  344.45839   17  107  347.39126  342.34148  1.45%   625  275s
  2221   521  345.06415   20  108  347.39126  342.34148  1.45%   625  284s
  2222   521  346.75524   22  108  347.39126  342.34148  1.45%   624  289s
  2223   525  342.34148   13  104  347.39126  342.34148  1.45%   658  291s
  2235   536  344.26356   16   83  347.39126  342.34148  1.45%   660  295s
  2275   551  343.40300   19   81  347.39126  342.66191  1.36%   664  300s
H 2299   522                     347.3912577  342.66191  1.36%   664  303s
  2317   522  344.08188   23   75  347.39126  342.66191  1.36%   667  305s
  2354   523  344.33352   25   70  347.39126  342.66191  1.36%   670  311s
H 2375   497                     347.3912575  342.66191  1.36%   670  313s
  2400   504  345.07773   30   60  347.39126  342.66191  1.36%   669  316s
  2455   499  344.88519   33   60  347.39126  342.66191  1.36%   662  320s
  2498   505  345.31584   36   60  347.39126  342.66191  1.36%   658  340s
  2536   517  345.42804   38   54  347.39126  342.66191  1.36%   667  375s
  2646   532  346.19080   46   28  347.39126  342.66191  1.36%   681  380s
  2764   536  346.64730   59   15  347.39126  342.66191  1.36%   674  385s
* 2900   552              83     346.7933932  342.98037  1.10%   668  389s
  2980   540  343.80703   20   83  346.79339  342.98037  1.10%   661  391s
  3137   568  345.28508   31   74  346.79339  342.98037  1.10%   653  395s
  3265   577  346.49718   39   62  346.79339  342.98037  1.10%   653  400s
  3436   571     cutoff   23       346.79339  344.43078  0.68%   647  406s
  3637   542  344.90335   27   71  346.79339  344.58318  0.64%   639  412s
  3712   573     cutoff   32       346.79339  344.58318  0.64%   640  415s
  3900   598     cutoff   31       346.79339  344.72854  0.60%   635  436s
H 3902   598                     346.7933855  344.72854  0.60%   635  436s
H 3903   598                     346.7933844  344.72854  0.60%   636  436s
H 3925   598                     346.7933766  344.72854  0.60%   636  436s
  4041   645  345.69220   28   56  346.79338  344.82558  0.57%   650  442s
  4148   669     cutoff   33       346.79338  344.82558  0.57%   648  445s
  4254   688     cutoff   35       346.79338  344.86006  0.56%   649  471s
  4365   711  346.49039   32   43  346.79338  344.99037  0.52%   661  475s
  4582   753  346.32526   32   68  346.79338  345.05372  0.50%   657  483s
  4705   794  346.45114   32   46  346.79338  345.12022  0.48%   656  487s
  4855   811     cutoff   34       346.79338  345.15824  0.47%   652  495s
  4994   849  345.87076   29   61  346.79338  345.23123  0.45%   654  500s
H 5116   849                     346.7933715  345.27442  0.44%   653  500s
  5157   912  345.93705   20   84  346.79337  345.28130  0.44%   651  508s
  5367   982  345.66120   33   58  346.79337  345.33480  0.42%   645  516s
  5598  1053     cutoff   29       346.79337  345.38496  0.41%   642  521s
  5830  1101  345.89477   37   70  346.79337  345.45505  0.39%   635  526s
  6066  1194  346.04617   34   37  346.79337  345.49341  0.37%   627  531s
  6351  1253     cutoff   42       346.79337  345.51448  0.37%   618  538s
H 6352  1253                     346.7933671  345.51448  0.37%   618  538s
  6609  1310  346.31354   40   48  346.79337  345.57729  0.35%   615  544s
  6851  1354  346.38320   31   69  346.79337  345.61138  0.34%   614  550s
  7072  1393  346.78897   30   51  346.79337  345.66320  0.33%   613  556s
  7281  1412  346.64667   38   37  346.79337  345.69883  0.32%   611  564s
  7574  1438     cutoff   26       346.79337  345.74655  0.30%   608  571s
H 7600  1438                     346.7933669  345.74655  0.30%   608  571s
H 7626  1438                     346.7933617  345.75338  0.30%   608  571s
  7816  1482  346.37485   37   32  346.79336  345.78082  0.29%   609  584s
  8157  1487  346.69523   41   62  346.79336  345.81650  0.28%   607  594s
  8474  1504     cutoff   37       346.79336  345.86114  0.27%   610  605s

Resetting heuristic parameters to focus on improving solution
(using Heuristics=0.5 and RINS=10)...

  8798  1509  346.68486   34   60  346.79336  345.89026  0.26%   610  616s
  9110  1497  346.58949   32   59  346.79336  345.92432  0.25%   610  630s
  9431  1487  346.70029   42   48  346.79336  345.93847  0.25%   608  641s
H 9513  1487                     346.7933510  345.94236  0.25%   607  641s
  9782  1443     cutoff   28       346.79335  345.97405  0.24%   608  651s
 10203  1440  346.56400   34   52  346.79335  346.00720  0.23%   606  661s
H10227  1440                     346.7933510  346.01619  0.22%   606  661s
H10231  1440                     346.7933508  346.01619  0.22%   606  661s
H10286  1440                     346.7933435  346.01842  0.22%   606  662s
 10308  1432     cutoff   38       346.79334  346.02376  0.22%   607  675s
H10309  1410                     346.7720604  346.02376  0.22%   607  675s
H10327  1401                     346.7579664  346.02427  0.21%   607  675s
H10371  1389                     346.7474733  346.02427  0.21%   607  675s
 10393  1382  346.62101   39   40  346.74747  346.02427  0.21%   607  690s
H10394  1382                     346.7472761  346.02427  0.21%   607  690s
H10435  1382                     346.7472519  346.02427  0.21%   607  690s
H10438  1208                     346.6320425  346.02427  0.18%   607  690s
 10453  1186     cutoff   38       346.63204  346.03270  0.17%   607  708s
 10532  1194  346.55448   37   51  346.63204  346.04667  0.17%   607  747s
 10600  1167  346.56103   38   48  346.63204  346.04667  0.17%   608  765s
 10685  1167     cutoff   39       346.63204  346.04824  0.17%   608  785s
 10757  1143  346.28911   45   28  346.63204  346.06508  0.16%   608  807s
 10855  1127  346.33487   47   29  346.63204  346.06508  0.16%   608  829s
 10954  1116  346.52895   51   17  346.63204  346.07097  0.16%   608  852s
 11042  1104  346.24688   30   40  346.63204  346.08831  0.16%   608  877s
H11123  1049                     346.5980481  346.10294  0.14%   608  877s
 11143  1037  346.38972   44   26  346.59805  346.10294  0.14%   608  900s

Cutting planes:
  Learned: 5
  Gomory: 9
  Cover: 6
  Implied bound: 954
  Projected implied bound: 23
  MIR: 1802
  StrongCG: 1
  Flow cover: 1897
  Inf proof: 2
  RLT: 9
  Relax-and-lift: 608

Explored 11204 nodes (6880869 simplex iterations) in 900.12 seconds (1362.66 work units)
Thread count was 16 (of 16 available processors)

Solution count 10: 346.598 346.793 347.391 ... 353.303

Time limit reached
Warning: max constraint violation (9.9952e-05) exceeds tolerance
Warning: max bound violation (1.5799e-04) exceeds tolerance
Best objective 3.465980480680e+02, best bound 3.461029355145e+02, gap 0.1428%

