Solver command line: []

Read LP format model from file C:\Users\mogli\AppData\Local\Temp\tmp7e3bza70.pyomo.lp
Reading time = 0.07 seconds
x1: 39449 rows, 29252 columns, 129414 nonzeros
Set parameter TimeLimit to value 3600
Set parameter MIPGap to value 5e-05
Set parameter NumericFocus to value 3
Set parameter ScaleFlag to value 0
Set parameter Threads to value 12
Set parameter IntegralityFocus to value 1
Gurobi Optimizer version 11.0.0 build v11.0.0rc2 (win64 - Windows 11+.0 (26100.2))

CPU model: 13th Gen Intel(R) Core(TM) i7-13620H, instruction set [SSE2|AVX|AVX2]
Thread count: 10 physical cores, 16 logical processors, using up to 12 threads

Optimize a model with 39449 rows, 29252 columns and 129414 nonzeros
Model fingerprint: 0x88a0d20c
Model has 17 SOS constraints
Variable types: 29122 continuous, 130 integer (130 binary)
Coefficient statistics:
  Matrix range     [3e-04, 1e+06]
  Objective range  [3e-02, 4e+05]
  Bounds range     [1e+00, 1e+00]
  RHS range        [5e-04, 5e+05]
Presolve removed 23813 rows and 6164 columns
Presolve time: 0.17s
Presolved: 15636 rows, 23088 columns, 81325 nonzeros
Variable types: 22995 continuous, 93 integer (93 binary)

Root relaxation: objective 1.557074e+02, 25372 iterations, 4.72 seconds (5.94 work units)
Total elapsed time = 5.07s (DegenMoves)

    Nodes    |    Current Node    |     Objective Bounds      |     Work
 Expl Unexpl |  Obj  Depth IntInf | Incumbent    BestBd   Gap | It/Node Time

     0     0  155.70735    0   30          -  155.70735      -     -    5s
H    0     0                    1479.5142782  155.70735  89.5%     -    5s
H    0     0                    1079.5154499  155.70735  85.6%     -    5s
     0     2  155.70735    0   29 1079.51545  155.70735  85.6%     -    6s
    63    42  355.60919    8    4 1079.51545  155.71491  85.6%   612   10s
*   68    42               8    1061.1796215  155.71491  85.3%   598   10s
*   93    38               9     217.2665339  155.71491  28.3%   590   11s
H  126    39                     217.2665322  155.71491  28.3%   527   12s
H  137    39                     213.5056196  155.71491  27.1%   533   12s
*  156    42              10     206.2872537  155.73561  24.5%   538   13s
   218    26 infeasible    7       206.28725  155.75525  24.5%   508   15s
H  225    26                     206.2872536  155.75525  24.5%   501   15s
H  272     3                     206.2872317  155.79957  24.5%   580   17s

Cutting planes:
  Cover: 17
  Implied bound: 251

Explored 282 nodes (187667 simplex iterations) in 17.23 seconds (21.11 work units)
Thread count was 12 (of 16 available processors)

Solution count 6: 206.287 213.506 217.267 ... 1479.51

Optimal solution found (tolerance 5.00e-05)
Best objective 2.062872316793e+02, best bound 2.062872316792e+02, gap 0.0000%

