Solver command line: []

Read LP format model from file C:\Users\mogli\AppData\Local\Temp\tmpgbb0gv1z.pyomo.lp
Reading time = 0.28 seconds
x1: 168455 rows, 121619 columns, 472576 nonzeros
Set parameter TimeLimit to value 10800
Set parameter MIPGap to value 5e-05
Set parameter IntegralityFocus to value 1
Set parameter ScaleFlag to value 0
Gurobi Optimizer version 11.0.0 build v11.0.0rc2 (win64 - Windows 11+.0 (26100.2))

CPU model: 13th Gen Intel(R) Core(TM) i7-13620H, instruction set [SSE2|AVX|AVX2]
Thread count: 10 physical cores, 16 logical processors, using up to 16 threads

Optimize a model with 168455 rows, 121619 columns and 472576 nonzeros
Model fingerprint: 0x7f2ce12c
Model has 12 SOS constraints
Variable types: 121578 continuous, 41 integer (41 binary)
Coefficient statistics:
  Matrix range     [1e-03, 2e+03]
  Objective range  [3e-02, 1e+03]
  Bounds range     [1e+00, 1e+00]
  RHS range        [8e-05, 1e+03]
Presolve removed 114056 rows and 23994 columns
Presolve time: 0.45s
Presolved: 54399 rows, 97625 columns, 296729 nonzeros
Variable types: 97596 continuous, 29 integer (29 binary)
Deterministic concurrent LP optimizer: primal and dual simplex
Showing primal log only...

Warning: 1 variables dropped from basis
Warning: switch to quad precision

Root simplex log...

Iteration    Objective       Primal Inf.    Dual Inf.      Time
  293082    4.8505560e+02   0.000000e+00   2.236580e+04      5s
Concurrent spin time: 0.00s

Solved with dual simplex

Root simplex log...

Iteration    Objective       Primal Inf.    Dual Inf.      Time
   79789    1.7695872e+02   0.000000e+00   0.000000e+00     10s

Root relaxation: objective 1.769587e+02, 79789 iterations, 9.06 seconds (12.62 work units)

    Nodes    |    Current Node    |     Objective Bounds      |     Work
 Expl Unexpl |  Obj  Depth IntInf | Incumbent    BestBd   Gap | It/Node Time

     0     0  176.95872    0   18          -  176.95872      -     -    9s
H    0     0                     192.8036868  176.95872  8.22%     -   10s
     0     0  183.75409    0   21  192.80369  183.75409  4.69%     -   15s
     0     0  184.56137    0   22  192.80369  184.56137  4.27%     -   17s
     0     0  185.73535    0   22  192.80369  185.73535  3.67%     -   17s
     0     0  185.80234    0   20  192.80369  185.80234  3.63%     -   18s
     0     0  186.10238    0   20  192.80369  186.10238  3.48%     -   19s
     0     0  186.10238    0   20  192.80369  186.10238  3.48%     -   19s
     0     0  187.07561    0   21  192.80369  187.07561  2.97%     -   22s
     0     0  187.49112    0   21  192.80369  187.49112  2.76%     -   23s
     0     0  187.70206    0   21  192.80369  187.70206  2.65%     -   25s
     0     0  187.84753    0   21  192.80369  187.84753  2.57%     -   30s
     0     2  187.84753    0   21  192.80369  187.84753  2.57%     -   33s
     3     7  187.84753    2   15  192.80369  187.84753  2.57%  3438   35s
    24    27  190.47677    5   11  192.80369  187.84753  2.57%  3662   40s
    44    42  190.60870    7    8  192.80369  187.84753  2.57%  3162   45s
H   54    55                     191.1986662  187.84753  1.75%  2759   53s
H   66    55                     189.8708898  187.84753  1.07%  2687   53s
    67    44     cutoff    9       189.87089  187.84753  1.07%  2713   59s
    83    42     cutoff    8       189.87089  187.84753  1.07%  2442   60s
   100    51  187.84753    6   15  189.87089  187.84753  1.07%  2266   65s
H  109    51                     189.8643345  187.84753  1.06%  2171   65s
H  122    54                     189.8621346  187.84753  1.06%  2233   69s
   133    52  189.47446    7   14  189.86213  187.84753  1.06%  2140   75s
   156    56  189.57100    8   13  189.86213  187.84753  1.06%  2143   83s
H  162    56                     189.8602485  187.84753  1.06%  2190   83s
H  169    61                     189.4346882  187.84753  0.84%  2203   86s
H  179    61                     189.2302320  187.84753  0.73%  2200   86s
H  180    61                     189.2250220  187.84753  0.73%  2189   86s
H  192    45                     189.2228207  187.87622  0.71%  2162   89s
H  193    45                     189.2228180  187.87622  0.71%  2152   89s
   211    34  189.18764    6   12  189.22282  187.87820  0.71%  2105   99s
*  225    34              18     189.2227939  187.97691  0.66%  2208   99s
   228    16 infeasible   12       189.22279  187.98242  0.66%  2220  102s
   248     4 infeasible   15       189.22279  188.25625  0.51%  2170  105s

Cutting planes:
  Gomory: 9
  Cover: 2
  Implied bound: 438
  MIR: 2119
  Flow cover: 260
  Inf proof: 1
  RLT: 39
  Relax-and-lift: 703

Explored 266 nodes (661837 simplex iterations) in 106.12 seconds (149.48 work units)
Thread count was 16 (of 16 available processors)

Solution count 7: 189.223 189.225 189.435 ... 192.804

Optimal solution found (tolerance 5.00e-05)
Best objective 1.892227939446e+02, best bound 1.892227939446e+02, gap 0.0000%

