Solver command line: []

Read LP format model from file C:\Users\mogli\AppData\Local\Temp\tmpeoph8ov6.pyomo.lp
Reading time = 0.10 seconds
x1: 53398 rows, 41356 columns, 181892 nonzeros
Set parameter TimeLimit to value 600
Set parameter MIPGap to value 5e-05
Set parameter NumericFocus to value 3
Set parameter ScaleFlag to value 0
Set parameter Threads to value 12
Set parameter IntegralityFocus to value 1
Set parameter MIPFocus to value 1
Gurobi Optimizer version 11.0.0 build v11.0.0rc2 (win64 - Windows 11+.0 (26100.2))

CPU model: 13th Gen Intel(R) Core(TM) i7-13620H, instruction set [SSE2|AVX|AVX2]
Thread count: 10 physical cores, 16 logical processors, using up to 12 threads

Optimize a model with 53398 rows, 41356 columns and 181892 nonzeros
Model fingerprint: 0x9be43e46
Model has 26 SOS constraints
Variable types: 41190 continuous, 166 integer (166 binary)
Coefficient statistics:
  Matrix range     [3e-04, 1e+06]
  Objective range  [3e-02, 4e+05]
  Bounds range     [1e+00, 1e+00]
  RHS range        [4e-04, 1e+05]
Presolve removed 30805 rows and 7261 columns
Presolve time: 0.20s
Presolved: 22593 rows, 34095 columns, 124662 nonzeros
Variable types: 33950 continuous, 145 integer (144 binary)
Deterministic concurrent LP optimizer: primal and dual simplex
Showing primal log only...


Root simplex log...

Iteration    Objective       Primal Inf.    Dual Inf.      Time
   70040    2.9940778e+05   2.790530e+03   6.583980e+09      5s
   83564    1.4621355e+05   1.534458e+03   3.585335e+09     10s
   98329    1.3394569e+05   5.411784e+02   3.377771e+09     15s
  111897    1.2615737e+05   2.144629e+01   6.111964e+09     20s
  115748    8.8435354e+13   0.000000e+00   3.396091e+09     24s
  116635    8.4928962e+13   0.000000e+00   3.788057e+13     25s
Concurrent spin time: 0.00s

Solved with dual simplex

Root simplex log...

Iteration    Objective       Primal Inf.    Dual Inf.      Time
   60435    6.9073396e+01   0.000000e+00   0.000000e+00     28s

Root relaxation: objective 6.907340e+01, 60435 iterations, 27.64 seconds (31.05 work units)

    Nodes    |    Current Node    |     Objective Bounds      |     Work
 Expl Unexpl |  Obj  Depth IntInf | Incumbent    BestBd   Gap | It/Node Time

     0     0   69.07340    0   45          -   69.07340      -     -   28s
H    0     0                      76.6517476   69.07340  9.89%     -   32s
H    0     0                      76.1803431   69.07340  9.33%     -   32s
H    0     0                      72.4396391   69.07340  4.65%     -   42s
     0     2   69.07340    0   40   72.43964   69.07340  4.65%     -   43s
H    1     3                      72.4396183   69.07349  4.65%   793   48s
H    6    12                      71.8096146   69.09282  3.78%  1466   55s
    12     8   69.09305    4   42   71.80961   69.09282  3.78%  2851   60s
    20    16   69.09305    5   42   71.80961   69.09282  3.78%  2509   66s
    28    21   69.09305    6   45   71.80961   69.09282  3.78%  2785   71s
    40    33   69.09555    7   38   71.80961   69.09282  3.78%  2633   78s
H   43    33                      70.4683091   69.09282  1.95%  2541   78s
    52    37   69.09305    7   60   70.46831   69.09282  1.95%  2471   81s
    82    44   69.09388    9   54   70.46831   69.09282  1.95%  2028  102s
    99    48   69.09490   10   47   70.46831   69.09282  1.95%  2126  115s
   127    61 infeasible   12        70.46831   69.09282  1.95%  2133  122s
   150    72   69.09490   13   44   70.46831   69.09282  1.95%  1955  159s
   177    99     cutoff   15        70.46831   69.09282  1.95%  2297  193s
   251   133 infeasible   10        70.46831   69.09282  1.95%  2302  203s
   363   137   69.20417   11   41   70.46831   69.09282  1.95%  1897  213s
H  423   137                      69.9969045   69.09282  1.29%  1797  213s
   458   139   69.97657   11   39   69.99690   69.09305  1.29%  1736  225s
H  500   139                      69.9128110   69.09305  1.17%  1763  225s
   502   151   69.40501   11   39   69.91281   69.09305  1.17%  1767  246s
   568   149 infeasible   12        69.91281   69.09305  1.17%  1763  259s
   647   155   69.09855   14   49   69.91281   69.09310  1.17%  1727  292s
   749   165   69.09454   11   53   69.91281   69.09310  1.17%  1784  325s
   826   189 infeasible   16        69.91281   69.09317  1.17%  1842  369s
   953   206 infeasible   14        69.91281   69.09317  1.17%  1871  384s
  1079   207 infeasible   13        69.91281   69.09317  1.17%  1801  406s
H 1122   207                      69.8591221   69.09317  1.10%  1775  406s
  1220   244   69.09624   13   50   69.85912   69.09322  1.10%  1750  475s
  1435   330   69.32018   14   40   69.85912   69.09322  1.10%  1698  494s
  1721   348   69.63191   16   42   69.85912   69.09322  1.10%  1531  517s
H 1858   348                      69.8264654   69.09322  1.05%  1493  517s
  1922   395   69.21219   16   44   69.82647   69.09326  1.05%  1486  549s
H 2168   406                      69.3681697   69.09543  0.39%  1448  586s
H 2169   406                      69.3618033   69.09543  0.38%  1448  586s
H 2172   406                      69.3511331   69.09543  0.37%  1447  586s
H 2179   406                      69.3511225   69.09543  0.37%  1446  586s
H 2183   406                      69.3411675   69.09543  0.35%  1446  586s
H 2184   406                      69.2884283   69.09543  0.28%  1446  586s
  2188   392   69.11918   27   29   69.28843   69.09543  0.28%  1449  600s
H 2297   392                      69.2884244   69.09543  0.28%  1414  600s

Explored 2306 nodes (3318169 simplex iterations) in 600.10 seconds (796.39 work units)
Thread count was 12 (of 16 available processors)

Solution count 10: 69.2884 69.3412 69.3511 ... 70.4683

Time limit reached
Best objective 6.928842443907e+01, best bound 6.909543277277e+01, gap 0.2785%

