Solver command line: []

Read LP format model from file C:\Users\mogli\AppData\Local\Temp\tmpobjf8f6o.pyomo.lp
Reading time = 0.07 seconds
x1: 36970 rows, 26218 columns, 121042 nonzeros
Set parameter TimeLimit to value 600
Set parameter MIPGap to value 5e-05
Set parameter IntegralityFocus to value 1
Set parameter ScaleFlag to value 0
Set parameter MIPFocus to value 2
Set parameter Method to value 1
Gurobi Optimizer version 11.0.0 build v11.0.0rc2 (win64 - Windows 11+.0 (26100.2))

CPU model: 13th Gen Intel(R) Core(TM) i7-13620H, instruction set [SSE2|AVX|AVX2]
Thread count: 10 physical cores, 16 logical processors, using up to 16 threads

Optimize a model with 36970 rows, 26218 columns and 121042 nonzeros
Model fingerprint: 0x36f7df75
Model has 15 SOS constraints
Variable types: 26115 continuous, 103 integer (103 binary)
Coefficient statistics:
  Matrix range     [1e-03, 1e+03]
  Objective range  [3e-02, 1e+03]
  Bounds range     [1e+00, 1e+00]
  RHS range        [2e-03, 1e+03]
Presolve removed 29427 rows and 9991 columns
Presolve time: 0.13s
Presolved: 7543 rows, 16227 columns, 49249 nonzeros
Variable types: 16185 continuous, 42 integer (39 binary)
Root relaxation presolve removed 35 rows and 35 columns
Root relaxation presolved: 7508 rows, 16192 columns, 49143 nonzeros


Root relaxation: infeasible, 8705 iterations, 0.48 seconds (0.44 work units)

    Nodes    |    Current Node    |     Objective Bounds      |     Work
 Expl Unexpl |  Obj  Depth IntInf | Incumbent    BestBd   Gap | It/Node Time

     0     0 infeasible    0               - infeasible      -     -    0s

Explored 1 nodes (9112 simplex iterations) in 0.63 seconds (0.69 work units)
Thread count was 16 (of 16 available processors)

Solution count 0

Model is infeasible or unbounded
Best objective -, best bound -, gap -

