Solver command line: []

Read LP format model from file C:\Users\mogli\AppData\Local\Temp\tmpz32qf90f.pyomo.lp
Reading time = 0.43 seconds
x1: 207231 rows, 149867 columns, 679985 nonzeros
Set parameter TimeLimit to value 1800
Set parameter MIPGap to value 5e-05
Set parameter IntegralityFocus to value 1
Set parameter ScaleFlag to value 0
Set parameter ImproveStartTime to value 1500
Gurobi Optimizer version 11.0.0 build v11.0.0rc2 (win64 - Windows 11+.0 (26100.2))

CPU model: 13th Gen Intel(R) Core(TM) i7-13620H, instruction set [SSE2|AVX|AVX2]
Thread count: 10 physical cores, 16 logical processors, using up to 16 threads

Optimize a model with 207231 rows, 149867 columns and 679985 nonzeros
Model fingerprint: 0x29abf77e
Model has 11 SOS constraints
Variable types: 149795 continuous, 72 integer (72 binary)
Coefficient statistics:
  Matrix range     [1e-03, 1e+03]
  Objective range  [3e-02, 1e+03]
  Bounds range     [1e+00, 1e+00]
  RHS range        [4e-04, 1e+03]
Presolve removed 125884 rows and 35297 columns
Presolve time: 0.97s
Presolved: 81347 rows, 114570 columns, 434867 nonzeros
Variable types: 114498 continuous, 72 integer (72 binary)
Deterministic concurrent LP optimizer: primal and dual simplex
Showing primal log only...

Concurrent spin time: 0.01s

Solved with dual simplex

Root simplex log...

Iteration    Objective       Primal Inf.    Dual Inf.      Time
  106099    5.7112829e+02   0.000000e+00   0.000000e+00     11s

Root relaxation: objective 5.711283e+02, 106099 iterations, 9.87 seconds (10.39 work units)

    Nodes    |    Current Node    |     Objective Bounds      |     Work
 Expl Unexpl |  Obj  Depth IntInf | Incumbent    BestBd   Gap | It/Node Time

     0     0  571.12829    0   32          -  571.12829      -     -   11s
H    0     0                     588.2366629  571.12829  2.91%     -   12s
H    0     0                     583.9709225  571.12829  2.20%     -   15s
     0     0  571.56540    0   37  583.97092  571.56540  2.12%     -   18s
     0     0  571.94342    0   46  583.97092  571.94342  2.06%     -   22s
     0     0  572.27002    0   45  583.97092  572.27002  2.00%     -   26s
     0     0  572.35966    0   47  583.97092  572.35966  1.99%     -   29s
     0     0  572.36396    0   48  583.97092  572.36396  1.99%     -   30s
     0     0  572.36400    0   48  583.97092  572.36400  1.99%     -   30s
     0     0  572.99022    0   41  583.97092  572.99022  1.88%     -   35s
     0     0  573.09374    0   44  583.97092  573.09374  1.86%     -   39s
     0     0  573.09374    0   45  583.97092  573.09374  1.86%     -   40s
     0     0  573.09374    0   44  583.97092  573.09374  1.86%     -   40s
     0     0  573.09374    0   45  583.97092  573.09374  1.86%     -   41s
     0     0  573.09374    0   45  583.97092  573.09374  1.86%     -   41s
     0     0  573.09374    0   42  583.97092  573.09374  1.86%     -   48s
     0     0  573.14693    0   48  583.97092  573.14693  1.85%     -   53s
     0     0  573.15382    0   47  583.97092  573.15382  1.85%     -   55s
     0     0  573.15581    0   48  583.97092  573.15581  1.85%     -   56s
     0     0  573.15620    0   48  583.97092  573.15620  1.85%     -   56s
     0     0  573.21981    0   50  583.97092  573.21981  1.84%     -   61s
     0     0  573.26792    0   52  583.97092  573.26792  1.83%     -   65s
     0     0  573.26792    0   52  583.97092  573.26792  1.83%     -   66s
     0     0  573.26792    0   52  583.97092  573.26792  1.83%     -   66s
     0     0  573.32339    0   46  583.97092  573.32339  1.82%     -   69s
     0     0  573.35583    0   47  583.97092  573.35583  1.82%     -   73s
     0     0  573.35778    0   47  583.97092  573.35778  1.82%     -   75s
     0     0  573.35820    0   46  583.97092  573.35820  1.82%     -   75s
     0     0  573.37199    0   46  583.97092  573.37199  1.81%     -   79s
     0     0  573.43011    0   51  583.97092  573.43011  1.81%     -   82s
     0     0  573.43011    0   51  583.97092  573.43011  1.81%     -   83s
     0     0  573.43011    0   47  583.97092  573.43011  1.81%     -   85s
     0     0  573.43011    0   49  583.97092  573.43011  1.81%     -   87s
     0     0  573.43011    0   50  583.97092  573.43011  1.81%     -   88s
     0     0  573.43011    0   47  583.97092  573.43011  1.81%     -   90s
     0     0  573.43011    0   47  583.97092  573.43011  1.81%     -   97s
H    0     0                     582.1700333  573.43011  1.50%     -  103s
H    0     0                     579.8995978  573.43011  1.12%     -  114s
     0     2  573.43011    0   47  579.89960  573.43011  1.12%     -  118s
     1     4  573.47553    1   44  579.89960  573.47553  1.11%  1906  121s
     7     8  576.33231    3   40  579.89960  576.18225  0.64%  2944  128s
    13    10 infeasible    4       579.89960  576.35437  0.61%  3623  135s
    21    14  576.58715    5   37  579.89960  576.46197  0.59%  4100  142s
    31    20 infeasible    6       579.89960  576.71331  0.55%  4470  149s
    41    29  577.66074    7   35  579.89960  576.96554  0.51%  4890  166s
H   43    29                     579.3652742  576.96554  0.41%  4711  166s
H   48    29                     579.0075425  576.96554  0.35%  4597  166s
    51    31 infeasible    8       579.00754  576.96555  0.35%  4533  172s
    63    34  578.20373    8   32  579.00754  576.97397  0.35%  4589  178s
    74    42  578.24649    9   33  579.00754  576.97397  0.35%  4366  183s
    87    52  578.26145   10   37  579.00754  576.97397  0.35%  4181  188s
    99    65  578.42903   11   34  579.00754  576.97397  0.35%  4073  196s
   112    82  578.43626   12   33  579.00754  576.97397  0.35%  3996  201s
   130    95  578.44504   13   34  579.00754  576.97397  0.35%  3656  208s
   144   105  578.49039   14   32  579.00754  576.97397  0.35%  3497  212s
   160   124  578.65491   15   29  579.00754  576.97397  0.35%  3354  218s
   179   143  578.65844   16   27  579.00754  576.97397  0.35%  3188  222s
   200   162  578.66333   17   29  579.00754  576.97397  0.35%  3027  226s
*  206   162              30     578.7373054  576.97397  0.30%  2968  226s
   223   166  578.71978   19   26  578.73731  576.97397  0.30%  2876  231s
*  225   166              30     578.6881967  576.97397  0.30%  2866  231s
*  231   166              33     578.6484169  576.97397  0.29%  2819  231s
   249   177     cutoff   20       578.64842  577.06005  0.27%  2705  236s
   270   198  577.15807    8   33  578.64842  577.06005  0.27%  2645  241s
H  293   198                     578.4911493  577.06005  0.25%  2556  241s
   298   211  577.20492    9   30  578.49115  577.06005  0.25%  2545  250s
*  314   211              30     578.4426442  577.06005  0.24%  2539  250s
   320   226  577.66871   10   24  578.44264  577.06005  0.24%  2583  256s
   339   234  577.77555   10   19  578.44264  577.06005  0.24%  2590  261s
H  355   234                     578.2710075  577.06005  0.21%  2567  261s
*  356   234              31     578.2210472  577.06005  0.20%  2563  261s
   362   232     cutoff   11       578.22105  577.06005  0.20%  2566  271s
   392   244  577.79561   11   20  578.22105  577.06005  0.20%  2544  277s
   413   258  577.75636   11   23  578.22105  577.06005  0.20%  2569  284s
   437   268     cutoff   12       578.22105  577.06005  0.20%  2549  291s
   463   274  577.92439   13   19  578.22105  577.06005  0.20%  2536  297s
   499   289  578.06026   15   17  578.22105  577.06005  0.20%  2483  305s
   530   291  578.15243   18   16  578.22105  577.06005  0.20%  2462  314s
   565   296     cutoff   22       578.22105  577.06005  0.20%  2454  322s
   598   300     cutoff   24       578.22105  577.14035  0.19%  2458  332s
   627   313  577.64050    8   22  578.22105  577.22306  0.17%  2469  343s
   664   336  578.02181   16   14  578.22105  577.22306  0.17%  2469  355s
   711   346     cutoff   27       578.22105  577.24851  0.17%  2425  365s
   744   353  577.89146   14   18  578.22105  577.24851  0.17%  2436  376s
*  757   353              30     578.1782329  577.24851  0.16%  2417  376s
   780   380  578.09110   17   15  578.17823  577.24851  0.16%  2456  389s
   833   387     cutoff   22       578.17823  577.31355  0.15%  2420  402s
   875   406  577.35118   13   26  578.17823  577.35118  0.14%  2419  413s
   918   409  578.13092   15   21  578.17823  577.37401  0.14%  2419  426s
   953   423  577.98130   18   19  578.17823  577.37401  0.14%  2441  436s
H  988   415                     578.1782325  577.37401  0.14%  2451  453s
H 1006   415                     578.1782319  577.37401  0.14%  2451  453s
  1037   425     cutoff   22       578.17823  577.38496  0.14%  2474  466s
  1068   426  577.57689   17   22  578.17823  577.38496  0.14%  2509  486s
  1114   425     cutoff   20       578.17823  577.38496  0.14%  2552  503s
  1162   424     cutoff   16       578.17823  577.45804  0.12%  2574  521s
  1203   432  578.15558   22    7  578.17823  577.57021  0.11%  2597  540s
* 1237   432              29     578.1721887  577.57021  0.10%  2592  540s
  1267   435     cutoff   18       578.17219  577.58071  0.10%  2580  558s
  1338   442     cutoff   14       578.17219  577.63342  0.09%  2561  577s
  1415   446  577.91736   15   24  578.17219  577.67684  0.09%  2546  598s
H 1430   446                     578.1679226  577.69182  0.08%  2533  598s
* 1431   446              28     578.1179875  577.69182  0.07%  2532  598s
  1491   420     cutoff   23       578.11799  577.70900  0.07%  2550  623s
  1593   423     cutoff   13       578.11799  577.76091  0.06%  2544  640s
  1686   432  578.02556   18   12  578.11799  577.78556  0.06%  2500  658s
  1810   427  577.98008   19   16  578.11799  577.81387  0.05%  2443  677s
* 1822   427              29     578.1027700  577.81956  0.05%  2438  677s
  1906   400     cutoff   14       578.10277  577.83038  0.05%  2431  702s
  1976   361     cutoff   14       578.10277  577.84034  0.05%  2471  726s
  2093   329     cutoff   18       578.10277  577.90594  0.03%  2445  755s
  2227   273     cutoff   21       578.10277  577.94022  0.03%  2434  790s
  2362   198     cutoff   13       578.10277  577.96320  0.02%  2434  816s
  2467    14     cutoff   19       578.10277  577.99949  0.02%  2441  833s

Cutting planes:
  Learned: 17
  Gomory: 3
  Implied bound: 86
  MIR: 15548
  Flow cover: 444
  RLT: 527
  Relax-and-lift: 2480

Explored 2651 nodes (6413226 simplex iterations) in 833.90 seconds (1023.25 work units)
Thread count was 16 (of 16 available processors)

Solution count 10: 578.103 578.118 578.168 ... 578.648

Optimal solution found (tolerance 5.00e-05)
Best objective 5.781027699820e+02, best bound 5.780984897482e+02, gap 0.0007%

