Solver command line: []

Read LP format model from file C:\Users\mogli\AppData\Local\Temp\tmphz_8t8b2.pyomo.lp
Reading time = 0.16 seconds
x1: 57291 rows, 44320 columns, 195524 nonzeros
Set parameter TimeLimit to value 1800
Set parameter MIPGap to value 5e-05
Set parameter Threads to value 12
Set parameter IntegralityFocus to value 1
Set parameter MIPFocus to value 2
Gurobi Optimizer version 11.0.0 build v11.0.0rc2 (win64 - Windows 11+.0 (26100.2))

CPU model: 13th Gen Intel(R) Core(TM) i7-13620H, instruction set [SSE2|AVX|AVX2]
Thread count: 10 physical cores, 16 logical processors, using up to 12 threads

Optimize a model with 57291 rows, 44320 columns and 195524 nonzeros
Model fingerprint: 0xd47fc3c5
Model has 28 SOS constraints
Variable types: 44143 continuous, 177 integer (177 binary)
Coefficient statistics:
  Matrix range     [3e-04, 1e+06]
  Objective range  [3e-02, 4e+05]
  Bounds range     [1e+00, 1e+00]
  RHS range        [5e-04, 1e+05]
Presolve removed 33062 rows and 8477 columns
Presolve time: 0.42s
Presolved: 24229 rows, 35843 columns, 132877 nonzeros
Variable types: 35668 continuous, 175 integer (175 binary)
Root relaxation presolve removed 44 rows and 45 columns
Root relaxation presolved: 24185 rows, 35798 columns, 132739 nonzeros

Deterministic concurrent LP optimizer: primal and dual simplex
Showing primal log only...


Root simplex log...

Iteration    Objective       Primal Inf.    Dual Inf.      Time
  143503    1.2752810e+05   3.439091e+01   1.406350e+12      5s
  145476    9.9093833e+13   0.000000e+00   8.053710e+09      6s
Concurrent spin time: 0.00s

Solved with dual simplex

Root simplex log...

Iteration    Objective       Primal Inf.    Dual Inf.      Time
   53846    1.3125684e+02   0.000000e+00   0.000000e+00      8s

Root relaxation: objective 1.312568e+02, 53846 iterations, 7.46 seconds (9.31 work units)

    Nodes    |    Current Node    |     Objective Bounds      |     Work
 Expl Unexpl |  Obj  Depth IntInf | Incumbent    BestBd   Gap | It/Node Time

     0     0  131.25684    0   66          -  131.25684      -     -    8s
H    0     0                     148.9978419  135.83564  8.83%     -    9s
     0     0  135.83564    0   84  148.99784  135.83564  8.83%     -    9s
     0     0  135.89501    0   85  148.99784  135.89501  8.79%     -   10s
     0     0  135.89501    0   85  148.99784  135.89501  8.79%     -   10s
     0     0  136.18021    0   90  148.99784  136.18021  8.60%     -   12s
     0     0  136.32720    0   98  148.99784  136.32720  8.50%     -   13s
     0     0  136.32767    0   98  148.99784  136.32767  8.50%     -   13s
     0     0  137.35407    0   99  148.99784  137.35407  7.81%     -   16s
     0     0  137.52429    0  100  148.99784  137.52429  7.70%     -   17s
     0     0  137.52580    0  101  148.99784  137.52580  7.70%     -   17s
     0     0  138.26910    0  100  148.99784  138.26910  7.20%     -   19s
     0     0  138.31390    0  104  148.99784  138.31390  7.17%     -   20s
     0     0  138.31390    0  104  148.99784  138.31390  7.17%     -   20s
     0     0  138.59771    0  100  148.99784  138.59771  6.98%     -   22s
     0     0  138.65714    0  102  148.99784  138.65714  6.94%     -   24s
     0     0  138.65968    0  102  148.99784  138.65968  6.94%     -   24s
     0     0  138.65978    0  103  148.99784  138.65978  6.94%     -   24s
     0     0  138.76865    0  105  148.99784  138.76865  6.87%     -   27s
     0     0  139.09992    0  105  148.99784  139.09992  6.64%     -   28s
     0     0  139.09992    0  105  148.99784  139.09992  6.64%     -   28s
     0     0  139.09992    0  105  148.99784  139.09992  6.64%     -   31s
     0     0  139.09992    0  104  148.99784  139.09992  6.64%     -   31s
     0     0  139.09992    0  103  148.99784  139.09992  6.64%     -   33s
     0     0  139.09992    0  105  148.99784  139.09992  6.64%     -   34s
     0     0  139.09992    0  106  148.99784  139.09992  6.64%     -   36s
     0     0  139.09992    0  106  148.99784  139.09992  6.64%     -   39s
     0     2  139.09992    0  106  148.99784  139.09992  6.64%     -   45s
     7    12  143.91032    3   93  148.99784  140.25010  5.87%  1234   50s
    25    36  144.07151    5   95  148.99784  141.12875  5.28%  1211   58s
    49    60  144.17365    6   92  148.99784  141.12884  5.28%  1467   62s
    73    87  144.32104    8   89  148.99784  141.12884  5.28%  1118   65s
   145   136 infeasible   14       148.99784  141.12884  5.28%   914   75s
   201   178  146.02415   17   72  148.99784  141.12884  5.28%   994   81s
   232   208  146.34520   19   75  148.99784  141.12884  5.28%   998   85s
   265   237  148.74070   21   60  148.99784  141.12884  5.28%  1001   90s
   302   265  147.98958   22   51  148.99784  141.12884  5.28%  1022   96s
   328   285  148.25248   25   48  148.99784  141.12884  5.28%  1000  105s
   382   313  148.36372   36   37  148.99784  141.12884  5.28%   995  111s
   415   332  148.47853   43   36  148.99784  141.12884  5.28%   991  115s
   455   338  148.55334   47   39  148.99784  141.12884  5.28%   974  122s
   492   348     cutoff   20       148.99784  141.39166  5.10%   983  126s
   513   367     cutoff    6       148.99784  141.39166  5.10%   984  130s
   594   419  146.11653    8   96  148.99784  141.39166  5.10%   944  136s
   640   455  146.44452   10   90  148.99784  141.39166  5.10%   922  140s
   722   495  146.71884   11   87  148.99784  141.39166  5.10%   912  149s
   769   522  146.82990   13   83  148.99784  141.39166  5.10%   900  153s
   812   545  147.53995   14   69  148.99784  141.39166  5.10%   903  163s
   878   580  147.71464   15   75  148.99784  141.39166  5.10%   892  169s
   947   612  148.99388   18   72  148.99784  141.64817  4.93%   870  175s
   996   649  144.95077    8   93  148.99784  141.65818  4.93%   870  213s
  1083   660  145.73068   10   93  148.99784  141.65818  4.93%   908  220s
  1151   673  147.79284   13   78  148.99784  141.65818  4.93%   916  231s
  1198   680  147.87683   14   78  148.99784  141.65818  4.93%   920  248s
  1262   691  148.97954   18   65  148.99784  141.98139  4.71%   925  260s
  1344   706  147.65259   14   82  148.99784  141.98139  4.71%   932  268s
  1403   739  147.80429   19   84  148.99784  141.98139  4.71%   939  278s
  1475   736     cutoff   24       148.99784  143.92143  3.41%   938  307s
H 1480   736                     148.9975758  143.92143  3.41%   938  307s
H 1482   728                     148.9507765  143.92143  3.38%   938  307s
H 1494   721                     148.9343470  143.92143  3.37%   937  307s
H 1503   719                     148.9004282  143.92143  3.34%   937  307s
  1504   788  145.51706    9   86  148.90043  143.92143  3.34%   939  314s
  1629   861  148.07761   25   49  148.90043  143.92143  3.34%   911  322s
H 1699   715                     147.1056888  143.92143  2.16%   893  322s
* 1701   715              60     147.1056594  143.92143  2.16%   892  322s
  1790   592     cutoff   44       147.10566  144.31902  1.89%   877  331s
  1870   588  145.75190    8   99  147.10566  144.62171  1.69%   876  343s
  1940   605  146.36764    9   91  147.10566  144.69393  1.64%   879  352s
  2025   595  147.06211   17   76  147.10566  144.80043  1.57%   880  365s
  2136   593  146.54758   14   74  147.10566  144.80043  1.57%   872  382s
  2226   610     cutoff   18       147.10566  145.58834  1.03%   871  395s
  2385   659  146.50688   17   58  147.10566  145.71419  0.95%   855  404s
* 2423   659              55     146.9890196  145.71419  0.87%   845  404s
  2566   653     cutoff   17       146.98902  145.99578  0.68%   834  415s
  2749   752  146.66557   16   55  146.98902  146.13713  0.58%   818  425s
* 3037   752              53     146.9598014  146.26682  0.47%   775  425s
* 3079   752              51     146.8657007  146.26930  0.41%   768  425s
  3096   702  146.70874   16   61  146.86570  146.30369  0.38%   766  434s
  3440   665  146.53767   22   43  146.86570  146.39723  0.32%   731  446s
  3863   556  146.78871   28   39  146.86570  146.51244  0.24%   693  456s
  4249   409     cutoff   22       146.86570  146.60820  0.18%   669  467s
  4682   105     cutoff   10       146.86570  146.70049  0.11%   640  476s
* 4995   105              52     146.8326110  146.71618  0.08%   614  477s
H 5296     0                     146.8207112  146.79924  0.01%   586  479s
* 5312     0              54     146.8207091  146.79924  0.01%   585  479s

Cutting planes:
  Learned: 3
  Gomory: 11
  Lift-and-project: 7
  Cover: 10
  Implied bound: 2
  Projected implied bound: 154
  MIR: 1732
  Flow cover: 6099
  Inf proof: 6
  Zero half: 9
  RLT: 69
  Relax-and-lift: 514

Explored 5380 nodes (3192313 simplex iterations) in 479.62 seconds (497.28 work units)
Thread count was 12 (of 16 available processors)

Solution count 10: 146.821 146.833 146.866 ... 148.998

Optimal solution found (tolerance 5.00e-05)
Best objective 1.468207090654e+02, best bound 1.468207090654e+02, gap 0.0000%

