Solver command line: []

Read LP format model from file C:\Users\mogli\AppData\Local\Temp\tmpb__g2p88.pyomo.lp
Reading time = 0.43 seconds
x1: 207231 rows, 149867 columns, 679985 nonzeros
Set parameter TimeLimit to value 1800
Set parameter MIPGap to value 5e-05
Set parameter IntegralityFocus to value 1
Set parameter ScaleFlag to value 0
Set parameter ImproveStartTime to value 1500
Gurobi Optimizer version 11.0.0 build v11.0.0rc2 (win64 - Windows 11+.0 (26100.2))

CPU model: 13th Gen Intel(R) Core(TM) i7-13620H, instruction set [SSE2|AVX|AVX2]
Thread count: 10 physical cores, 16 logical processors, using up to 16 threads

Optimize a model with 207231 rows, 149867 columns and 679985 nonzeros
Model fingerprint: 0xe701b875
Model has 11 SOS constraints
Variable types: 149795 continuous, 72 integer (72 binary)
Coefficient statistics:
  Matrix range     [1e-03, 1e+03]
  Objective range  [3e-02, 1e+03]
  Bounds range     [1e+00, 1e+00]
  RHS range        [8e-05, 1e+03]
Presolve removed 125884 rows and 35297 columns
Presolve time: 1.32s
Presolved: 81347 rows, 114570 columns, 434686 nonzeros
Variable types: 114498 continuous, 72 integer (72 binary)
Deterministic concurrent LP optimizer: primal and dual simplex
Showing primal log only...


Root simplex log...

Iteration    Objective       Primal Inf.    Dual Inf.      Time
   51549    1.1032347e+06   2.908109e+01   8.586200e+08      5s
   58621    1.1016822e+06   2.899217e+01   8.618246e+08     19s
   62950   -8.2468769e+05   1.474009e+05   6.248733e+13     30s
Concurrent spin time: 0.01s

Solved with dual simplex

Root simplex log...

Iteration    Objective       Primal Inf.    Dual Inf.      Time
  137771    1.8378937e+02   0.000000e+00   0.000000e+00     32s

Root relaxation: objective 1.837894e+02, 137771 iterations, 30.43 seconds (33.68 work units)

    Nodes    |    Current Node    |     Objective Bounds      |     Work
 Expl Unexpl |  Obj  Depth IntInf | Incumbent    BestBd   Gap | It/Node Time

     0     0  183.78937    0   36          -  183.78937      -     -   32s
H    0     0                     201.1704809  183.78937  8.64%     -   34s
H    0     0                     196.6281114  183.78937  6.53%     -   38s
     0     0  184.07896    0   46  196.62811  184.07896  6.38%     -   40s
     0     0  184.27123    0   50  196.62811  184.27123  6.28%     -   42s
     0     0  185.20624    0   45  196.62811  185.20624  5.81%     -   52s
     0     0  185.25556    0   47  196.62811  185.25556  5.78%     -   54s
     0     0  185.25556    0   47  196.62811  185.25556  5.78%     -   55s
     0     0  185.55782    0   44  196.62811  185.55782  5.63%     -   61s
     0     0  185.66674    0   44  196.62811  185.66674  5.57%     -   68s
     0     0  185.66756    0   44  196.62811  185.66756  5.57%     -   69s
     0     0  185.66770    0   44  196.62811  185.66770  5.57%     -   69s
     0     0  185.71771    0   43  196.62811  185.71771  5.55%     -   81s
     0     0  185.89100    0   41  196.62811  185.89100  5.46%     -   83s
     0     0  185.89100    0   40  196.62811  185.89100  5.46%     -   84s
     0     0  185.89100    0   42  196.62811  185.89100  5.46%     -   87s
     0     0  185.89100    0   42  196.62811  185.89100  5.46%     -   89s
     0     0  185.89100    0   41  196.62811  185.89100  5.46%     -   91s
     0     0  185.89100    0   42  196.62811  185.89100  5.46%     -   97s
     0     0  185.89100    0   41  196.62811  185.89100  5.46%     -  103s
     0     0  185.89100    0   41  196.62811  185.89100  5.46%     -  105s
     0     0  185.89100    0   40  196.62811  185.89100  5.46%     -  107s
     0     0  185.89100    0   42  196.62811  185.89100  5.46%     -  108s
     0     0  185.89100    0   42  196.62811  185.89100  5.46%     -  119s
H    0     0                     193.0027765  185.89100  3.68%     -  124s
     0     2  185.89100    0   42  193.00278  185.89100  3.68%     -  132s
     1     4  185.94869    1   39  193.00278  185.94869  3.65%  2970  135s
     3     8  191.49744    2   38  193.00278  186.60726  3.31%  9727  144s
     7    12  191.92228    3   34  193.00278  188.65212  2.25%  6705  150s
    15    19  192.03388    4   32  193.00278  188.83221  2.16%  6532  161s
    25    25     cutoff    5       193.00278  189.01755  2.06%  6792  471s
    35    33  192.15889    5   29  193.00278  189.04783  2.05% 49933  482s
H   36    33                     190.5335796  189.04783  0.78% 48546  482s
    45    30     cutoff    6       190.53358  189.04783  0.78% 39912  501s
    55    30     cutoff    6       190.53358  189.04783  0.78% 33234  511s
    69    40  189.90490    6   32  190.53358  189.04783  0.78% 26986  524s
    85    49  190.08500    8   32  190.53358  189.04783  0.78% 22885  548s
    98    65  190.18198    9   31  190.53358  189.04783  0.78% 20917  569s
   114    85  190.14407   10   30  190.53358  189.04783  0.78% 18833  576s
   136   100  190.16862   13   26  190.53358  189.04783  0.78% 16209  583s
   153   116  190.20311   14   28  190.53358  189.04783  0.78% 14771  589s
   171   125  190.34244   14   21  190.53358  189.04783  0.78% 13586  600s
H  172   125                     190.3691729  189.04783  0.69% 13507  600s
H  175   125                     190.2704704  189.04783  0.64% 13379  600s
   182   116     cutoff   12       190.27047  189.04783  0.64% 13021  606s
   208   113  190.25004   15   25  190.27047  189.04783  0.64% 11639  614s
   228   111     cutoff   16       190.27047  189.04783  0.64% 10944  621s
   244   126     cutoff   15       190.27047  189.29989  0.51% 10496  633s
   271   143  189.89778   14   27  190.27047  189.29989  0.51%  9758  640s
   302   144  190.11854   18   22  190.27047  189.29989  0.51%  8948  647s
   345   150  190.21585   18   18  190.27047  189.47774  0.42%  8077  656s
   379   166     cutoff    6       190.27047  189.62447  0.34%  7571  665s
   402   159     cutoff    6       190.27047  189.70285  0.30%  7334  675s
   436   157  190.25634   11   26  190.27047  189.70285  0.30%  7002  684s
   463   157     cutoff   11       190.27047  189.70873  0.30%  6810  696s
   491   165  190.01246   14   24  190.27047  189.70873  0.30%  6633  707s
   524   180     cutoff   16       190.27047  189.70873  0.30%  6373  720s
   557   183     cutoff   15       190.27047  189.72163  0.29%  6199  729s
   588   183  190.05380   16   20  190.27047  189.74523  0.28%  6077  742s
   620   180  190.15815   18   26  190.27047  189.74523  0.28%  6004  753s
   665   169     cutoff   20       190.27047  189.74523  0.28%  5805  773s
   704   184  190.26331   17   17  190.27047  189.74523  0.28%  5694  788s
   756   191  190.26606   21   16  190.27047  189.83623  0.23%  5489  809s
   821   192     cutoff   16       190.27047  189.84422  0.22%  5273  822s
   866   194  190.03588   19   15  190.27047  189.87789  0.21%  5164  835s
   916   192     cutoff   15       190.27047  189.87886  0.21%  5065  851s
   960   180  190.18930   17   27  190.27047  189.89817  0.20%  5021  868s
  1003   184  190.24393   21   13  190.27047  189.90485  0.19%  4987  887s
  1047   180  190.08946   17   29  190.27047  189.92140  0.18%  4923  905s
  1100   166  190.21808   19   27  190.27047  189.92140  0.18%  4863  922s
  1156   168     cutoff   15       190.27047  189.92528  0.18%  4815  942s
  1218   146     cutoff   16       190.27047  189.99903  0.14%  4767  962s
  1267   135     cutoff   17       190.27047  190.00075  0.14%  4777  983s
  1313   107  190.18108   13   27  190.27047  190.04782  0.12%  4771 1004s
  1384    66     cutoff   13       190.27047  190.05703  0.11%  4707 1031s
  1441    30  190.14480   20   18  190.27047  190.14480  0.07%  4690 1054s
  1532     0     cutoff   21       190.27047  190.18651  0.04%  4560 1062s

Cutting planes:
  Learned: 9
  Gomory: 3
  Implied bound: 6
  MIR: 12421
  Flow cover: 460
  RLT: 661
  Relax-and-lift: 1335

Explored 1566 nodes (7292959 simplex iterations) in 1063.10 seconds (1581.42 work units)
Thread count was 16 (of 16 available processors)

Solution count 6: 190.27 190.369 190.534 ... 201.17

Optimal solution found (tolerance 5.00e-05)
Best objective 1.902704703716e+02, best bound 1.902704703717e+02, gap 0.0000%

