Solver command line: []

Read LP format model from file C:\Users\mogli\AppData\Local\Temp\tmpzyb6ync2.pyomo.lp
Reading time = 0.12 seconds
x1: 63102 rows, 46894 columns, 210422 nonzeros
Set parameter TimeLimit to value 900
Set parameter MIPGap to value 5e-05
Set parameter IntegralityFocus to value 1
Set parameter ScaleFlag to value 0
Set parameter ImproveStartTime to value 600
Gurobi Optimizer version 11.0.0 build v11.0.0rc2 (win64 - Windows 11+.0 (26100.2))

CPU model: 13th Gen Intel(R) Core(TM) i7-13620H, instruction set [SSE2|AVX|AVX2]
Thread count: 10 physical cores, 16 logical processors, using up to 16 threads

Optimize a model with 63102 rows, 46894 columns and 210422 nonzeros
Model fingerprint: 0x2dd8eaec
Model has 28 SOS constraints
Variable types: 46718 continuous, 176 integer (176 binary)
Coefficient statistics:
  Matrix range     [1e-03, 2e+03]
  Objective range  [3e-02, 1e+03]
  Bounds range     [1e+00, 1e+00]
  RHS range        [2e-04, 1e+03]
Presolve removed 38367 rows and 10645 columns
Presolve time: 0.24s
Presolved: 24735 rows, 36249 columns, 136378 nonzeros
Variable types: 36073 continuous, 176 integer (176 binary)
Deterministic concurrent LP optimizer: primal and dual simplex
Showing primal log only...


Root simplex log...

Iteration    Objective       Primal Inf.    Dual Inf.      Time
   95859    1.5505147e+13   0.000000e+00   1.218325e+14      5s
Concurrent spin time: 0.33s

Solved with dual simplex

Root simplex log...

Iteration    Objective       Primal Inf.    Dual Inf.      Time
   38856    4.4549243e+01   0.000000e+00   0.000000e+00      6s

Root relaxation: objective 4.454924e+01, 38856 iterations, 5.37 seconds (6.82 work units)

    Nodes    |    Current Node    |     Objective Bounds      |     Work
 Expl Unexpl |  Obj  Depth IntInf | Incumbent    BestBd   Gap | It/Node Time

     0     0   44.54924    0   66          -   44.54924      -     -    5s
     0     0   45.99054    0   86          -   45.99054      -     -   15s
     0     0   46.36066    0   86          -   46.36066      -     -   16s
     0     0   46.36066    0   86          -   46.36066      -     -   16s
     0     0   47.41634    0   93          -   47.41634      -     -   18s
     0     0   47.45353    0   93          -   47.45353      -     -   19s
     0     0   47.45353    0   95          -   47.45353      -     -   19s
     0     0   48.26747    0   92          -   48.26747      -     -   22s
     0     0   48.40733    0   89          -   48.40733      -     -   23s
     0     0   48.41545    0   90          -   48.41545      -     -   23s
     0     0   48.41572    0   88          -   48.41572      -     -   23s
     0     0   49.01098    0   87          -   49.01098      -     -   25s
     0     0   49.04092    0   88          -   49.04092      -     -   26s
     0     0   49.04092    0   88          -   49.04092      -     -   26s
     0     0   49.04092    0   88          -   49.04092      -     -   27s
     0     0   49.07792    0   86          -   49.07792      -     -   28s
     0     0   49.07792    0   86          -   49.07792      -     -   28s
     0     0   49.10978    0   87          -   49.10978      -     -   28s
     0     0   49.16398    0   89          -   49.16398      -     -   29s
     0     0   49.16398    0   89          -   49.16398      -     -   29s
     0     0   49.16398    0   92          -   49.16398      -     -   29s
     0     0   49.16398    0   92          -   49.16398      -     -   29s
     0     0   49.16398    0   94          -   49.16398      -     -   30s
     0     0   49.16398    0   94          -   49.16398      -     -   30s
     0     0   49.18540    0   91          -   49.18540      -     -   30s
     0     0   49.18785    0   91          -   49.18785      -     -   30s
     0     0   49.18933    0   92          -   49.18933      -     -   30s
     0     0   49.18934    0   92          -   49.18934      -     -   30s
     0     0   49.19111    0   91          -   49.19111      -     -   31s
     0     0   49.20795    0   91          -   49.20795      -     -   31s
     0     0   49.20795    0   91          -   49.20795      -     -   31s
     0     0   49.20795    0   91          -   49.20795      -     -   31s
     0     0   49.20795    0   91          -   49.20795      -     -   31s
     0     0   49.20795    0   91          -   49.20795      -     -   32s
     0     0   49.20795    0   91          -   49.20795      -     -   32s
     0     0   49.30017    0   91          -   49.30017      -     -   33s
     0     2   49.30017    0   91          -   49.30017      -     -   40s
     7    16   50.50313    3   77          -   49.64893      -  1020   46s
    25    36   52.75781    5   79          -   50.09166      -   788   50s
    45    56   53.05759    6   76          -   50.09166      -   724   55s
    65    80   53.65121    8   75          -   50.09166      -   752   61s
   112   133   55.28739   13   74          -   50.09166      -   687   65s
   170   186 infeasible   17               -   50.09166      -   675   73s
   189   203   62.87541   18   69          -   50.09166      -   700   76s
   227   242   63.82721   21   58          -   50.09166      -   763  162s
   288   310   66.57265   22   56          -   50.09166      -  1281  166s
   319   334   66.63659   25   53          -   50.09166      -  1223  174s
   345   371   66.67404   26   53          -   50.09166      -  1270  177s
   405   419   68.48093   32   42          -   50.09166      -  1177  182s
   430   444   69.28540   34   46          -   50.09166      -  1155  185s
   455   456   69.90973   36   44          -   50.09166      -  1142  193s
   467   498   70.26213   37   48          -   50.09166      -  1131  196s
   509   529   71.59056   40   41          -   50.09166      -  1082  200s
   597   663   73.37717   47   37          -   50.09166      -  1019  207s
   766   841   76.84864   53   33          -   50.09166      -   862  213s
*  840   766              94      73.9089883   50.09166  32.2%   806  213s
   882   794     cutoff   58        73.90899   50.09568  32.2%   779  217s
*  914   587              97      64.3308189   50.09568  22.1%   758  217s
*  945   587              94      63.4303115   50.09568  21.0%   738  217s
   974   538   51.92908    7   74   63.43031   50.09568  21.0%   737  222s
  1002   545   52.03343    6   79   63.43031   50.09568  21.0%   750  235s
  1014   563   52.84646    7   75   63.43031   50.09568  21.0%   763  240s
  1053   579   53.13795    9   70   63.43031   50.09568  21.0%   788  250s
  1081   607   53.64429   10   70   63.43031   50.09568  21.0%   815  255s
  1196   638   56.00618   13   68   63.43031   50.09568  21.0%   793  264s
  1284   683   54.77095   16   64   63.43031   50.09568  21.0%   762  270s
* 1299   634              81      63.1432217   50.09568  20.7%   755  270s
* 1302   624              82      62.6718986   50.09568  20.1%   754  270s
* 1334   619              77      62.5097541   50.09568  19.9%   742  270s
  1378   609   55.41290   18   63   62.50975   50.09568  19.9%   737  276s
  1401   670   55.59340   19   66   62.50975   50.09568  19.9%   736  281s
  1471   715   55.65877   20   64   62.50975   50.09568  19.9%   726  291s
* 1525   688              81      62.3815333   50.09568  19.7%   738  291s
* 1528   677              81      62.2873118   50.09568  19.6%   736  291s
  1535   716   58.55550   21   61   62.28731   50.09568  19.6%   739  311s
  1586   776   58.30006   20   60   62.28731   50.09568  19.6%   784  316s
  1658   861   59.77250   23   56   62.28731   50.09568  19.6%   790  328s
  1777   988   61.88676   23   60   62.28731   50.09568  19.6%   797  334s
H 1929   585                      59.7255383   50.09568  16.1%   762  370s
  1930   557   56.90560   27   91   59.72554   50.09568  16.1%   762  378s
  1932   558   57.27139   15   66   59.72554   50.09568  16.1%   761  384s
  1933   559   54.04247    8   90   59.72554   50.09568  16.1%   761  397s
  1934   560   59.10987   17   93   59.72554   50.28481  15.8%   760  401s
  1938   562   59.33716   31   77   59.72554   51.00826  14.6%   759  405s
  1942   565   51.60128    9   82   59.72554   51.32132  14.1%   757  410s
  1947   568   57.88355   20   89   59.72554   51.49193  13.8%   755  415s
  1951   571   52.41603   19   88   59.72554   51.49193  13.8%   754  420s
  1954   573   56.19398   19   89   59.72554   51.50137  13.8%   752  428s
  1955   574   55.85070   12   89   59.72554   51.50202  13.8%   752  434s
  1956   577   51.53549   14   83   59.72554   51.50202  13.8%   784  438s
  1958   581   51.92289   15   84   59.72554   51.50202  13.8%   785  441s
  1970   594   53.49861   17   78   59.72554   51.54449  13.7%   790  447s
  1980   600   54.93021   18   71   59.72554   52.28047  12.5%   794  450s
H 1995   573                      59.7255368   52.59703  11.9%   799  452s
  2000   581   53.67582   19   72   59.72554   52.59703  11.9%   800  455s
  2020   586   54.09825   20   69   59.72554   52.79546  11.6%   806  460s
  2051   592   54.41105   21   69   59.72554   52.79546  11.6%   807  465s
  2077   600   55.13611   22   63   59.72554   52.79546  11.6%   808  472s
  2090   606   54.77944   23   63   59.72554   52.79546  11.6%   808  475s
  2123   611   55.29004   25   60   59.72554   52.79546  11.6%   810  481s
  2159   616   55.55652   26   56   59.72554   52.79546  11.6%   807  486s
  2191   629   55.87041   27   57   59.72554   52.79546  11.6%   807  492s
  2211   632   57.27778   27   52   59.72554   52.79546  11.6%   806  497s
  2231   643   58.62460   28   57   59.72554   52.79546  11.6%   805  500s
  2295   689   59.20316   29   60   59.72554   52.79546  11.6%   798  506s
  2396   728   59.46395   34   44   59.72554   52.79546  11.6%   780  512s
  2450   765   59.50522   38   47   59.72554   52.79546  11.6%   772  515s
* 2582   748              84      57.8295324   52.79546  8.71%   746  518s
  2599   739     cutoff   46        57.82953   52.80406  8.69%   744  523s
  2657   752   54.62313   20   59   57.82953   53.25946  7.90%   737  526s
  2705   745   56.07808   23   57   57.82953   53.42906  7.61%   733  530s
* 2734   708              89      56.2482560   53.42906  5.01%   729  530s
  2807   652   55.53530   21   67   56.24826   53.42906  5.01%   729  570s
  2829   638 infeasible   23        56.24826   53.57863  4.75%   761  575s
  2872   612   55.16693   24   60   56.24826   54.26505  3.53%   778  582s
  2920   659   55.74379   27   59   56.24826   55.20337  1.86%   778  586s
  3178   668   56.23401   49    8   56.24826   55.75154  0.88%   745  593s
* 3196   638              67      56.2442659   55.75154  0.88%   741  593s
* 3235   601              69      56.2433095   56.09656  0.26%   736  593s
  3366   591   56.13564   23   67   56.24331   56.09695  0.26%   716  596s
  3671   585     cutoff   47        56.24331   56.11745  0.22%   685  603s

Resetting heuristic parameters to focus on improving solution
(using Heuristics=0.5 and RINS=10)...

  3854   368   56.21720   41   15   56.24331   56.12097  0.22%   666  609s
  3952   435   56.15547   36   28   56.24331   56.12609  0.21%   661  614s
  4143   451   56.21718   43   17   56.24331   56.12884  0.20%   651  617s
  4242   480   56.20940   37   25   56.24331   56.12884  0.20%   650  621s
  4365   480 infeasible   40        56.24331   56.13294  0.20%   648  627s
H 4367   480                      56.2425701   56.13294  0.19%   648  627s
H 4394   480                      56.2412085   56.13294  0.19%   649  637s
  4414   482   56.17080   42   20   56.24121   56.13294  0.19%   647  649s
H 4426   482                      56.2411994   56.13294  0.19%   646  649s
  4435   489   56.17974   43   22   56.24120   56.13294  0.19%   645  656s
  4448   498     cutoff   44        56.24120   56.13294  0.19%   644  669s
H 4449   498                      56.2411994   56.13294  0.19%   644  669s
H 4451   498                      56.2410042   56.13294  0.19%   644  669s
  4472   503     cutoff   44        56.24100   56.13294  0.19%   643  681s
  4492   508 infeasible   45        56.24100   56.13294  0.19%   641  694s
  4507   511   56.22819   47   19   56.24100   56.13294  0.19%   643  709s
  4526   521   56.19780   47   11   56.24100   56.13294  0.19%   642  723s
H 4527   521                      56.2410042   56.13294  0.19%   642  723s
  4545   531     cutoff   48        56.24100   56.13294  0.19%   640  740s
H 4566   531                      56.2408880   56.13294  0.19%   639  740s
  4573   535     cutoff   49        56.24089   56.13294  0.19%   639  757s
  4596   542 infeasible   50        56.24089   56.13294  0.19%   639  771s
  4622   545   56.23565   52   12   56.24089   56.13294  0.19%   637  787s
H 4638   545                      56.2408880   56.13294  0.19%   636  787s
  4649   544   56.23709   53    6   56.24089   56.13294  0.19%   636  807s
H 4679   544                      56.2408879   56.13294  0.19%   634  807s
  4680   549   56.23778   54    6   56.24089   56.14324  0.17%   634  824s
  4705   558   56.15388   38   25   56.24089   56.14324  0.17%   632  840s
H 4707   558                      56.2408879   56.14324  0.17%   631  840s
H 4709   558                      56.2408879   56.14324  0.17%   631  840s
  4735   559   56.16660   40   21   56.24089   56.14324  0.17%   630  884s
H 4750   581                      56.2408860   56.14324  0.17%   631  900s
H 4763   581                      56.2408566   56.14324  0.17%   630  900s
H 4829   581                      56.2408125   56.14324  0.17%   629  900s

Cutting planes:
  Learned: 6
  Gomory: 9
  Cover: 5
  Implied bound: 131
  Projected implied bound: 55
  MIR: 485
  StrongCG: 1
  Flow cover: 1211
  Inf proof: 1
  Relax-and-lift: 82

Explored 4900 nodes (3122441 simplex iterations) in 900.16 seconds (1282.56 work units)
Thread count was 16 (of 16 available processors)

Solution count 10: 56.2408 56.2426 56.2433 ... 62.5098

Time limit reached
Best objective 5.624081253033e+01, best bound 5.614324039918e+01, gap 0.1735%

