Solver command line: []

Read LP format model from file C:\Users\mogli\AppData\Local\Temp\tmplkwkrdt5.pyomo.lp
Reading time = 0.15 seconds
x1: 39449 rows, 29252 columns, 129432 nonzeros
Set parameter TimeLimit to value 3600
Set parameter MIPGap to value 5e-05
Set parameter NumericFocus to value 3
Set parameter ScaleFlag to value 0
Set parameter Threads to value 12
Set parameter IntegralityFocus to value 1
Gurobi Optimizer version 11.0.0 build v11.0.0rc2 (win64 - Windows 11+.0 (26100.2))

CPU model: 13th Gen Intel(R) Core(TM) i7-13620H, instruction set [SSE2|AVX|AVX2]
Thread count: 10 physical cores, 16 logical processors, using up to 12 threads

Optimize a model with 39449 rows, 29252 columns and 129432 nonzeros
Model fingerprint: 0xc1d67e4e
Model has 17 SOS constraints
Variable types: 29122 continuous, 130 integer (130 binary)
Coefficient statistics:
  Matrix range     [3e-04, 1e+06]
  Objective range  [3e-02, 4e+05]
  Bounds range     [1e+00, 1e+00]
  RHS range        [7e-04, 1e+05]
Presolve removed 22970 rows and 5496 columns
Presolve time: 0.29s
Presolved: 16479 rows, 23756 columns, 83523 nonzeros
Variable types: 23664 continuous, 92 integer (92 binary)

Root simplex log...

Iteration    Objective       Primal Inf.    Dual Inf.      Time
   13867    7.1435380e+01   2.275837e+03   0.000000e+00      5s
   18895    7.6480946e+01   0.000000e+00   0.000000e+00      8s

Root relaxation: objective 7.648095e+01, 18895 iterations, 7.27 seconds (4.13 work units)

    Nodes    |    Current Node    |     Objective Bounds      |     Work
 Expl Unexpl |  Obj  Depth IntInf | Incumbent    BestBd   Gap | It/Node Time

     0     0   76.48095    0   32          -   76.48095      -     -    8s
H    0     0                      79.6260588   76.48095  3.95%     -    9s
     0     2   76.48095    0   30   79.62606   76.48095  3.95%     -   11s
   184   181   76.64284   16   27   79.62606   76.50056  3.93%  73.6   15s
H  237   214                      77.1295674   76.50056  0.82%   121   18s
H  238   214                      77.0897890   76.50056  0.76%   121   18s
   268   235   76.80265   24   24   77.08979   76.50056  0.76%   132   20s
*  513   330              42      77.0752472   76.51750  0.72%   114   22s
*  559   346              49      77.0372630   76.51750  0.67%   114   23s
H  578   349                      77.0260010   76.51750  0.66%   118   24s
H  579   349                      77.0093263   76.51750  0.64%   119   24s
   585   362   76.81967   24   23   77.00933   76.51750  0.64%   121   25s
*  641   392              49      77.0084169   76.51750  0.64%   123   25s
  1116   616   76.54993    8   32   77.00842   76.54845  0.60%   111   30s
  1587   787   76.93747   29   12   77.00842   76.56740  0.57%   112   35s
  2236  1014   76.92185   13   21   77.00842   76.59345  0.54%   104   40s
  2820  1238   76.92598   28   21   77.00842   76.61210  0.51%   104   45s
  3400  1385   76.88212   23   27   77.00842   76.62581  0.50%   105   51s
  3693  1443   76.98824   18   25   77.00842   76.63163  0.49%   107   56s
  3965  1499   76.97605   30   32   77.00842   76.63387  0.49%   109   68s
  3967  1500   76.77504    9   33   77.00842   76.63387  0.49%   109   76s
  4037  1499   76.76499   21   32   77.00842   76.73022  0.36%   113   80s
  4538  1380   76.91233   26   27   77.00842   76.86779  0.18%   109   85s
* 4819  1180              49      77.0045550   76.94446  0.08%   106   86s

Cutting planes:
  Cover: 2
  Implied bound: 4

Explored 4916 nodes (535352 simplex iterations) in 87.17 seconds (61.47 work units)
Thread count was 12 (of 16 available processors)

Solution count 8: 77.0046 77.0084 77.026 ... 79.6261

Optimal solution found (tolerance 5.00e-05)
Best objective 7.700455495190e+01, best bound 7.700455495174e+01, gap 0.0000%

