Solver command line: []

Read LP format model from file C:\Users\mogli\AppData\Local\Temp\tmp5z6aeevw.pyomo.lp
Reading time = 0.09 seconds
x1: 9521 rows, 7923 columns, 34236 nonzeros
Set parameter MIPGap to value 1e-05
Set parameter Presolve to value 2
Set parameter FeasibilityTol to value 0.001
Set parameter NumericFocus to value 3
Set parameter ScaleFlag to value 2
Set parameter TimeLimit to value 3600
Set parameter Heuristics to value 0.3
Set parameter IntegralityFocus to value 1
Gurobi Optimizer version 11.0.0 build v11.0.0rc2 (win64 - Windows 11+.0 (26100.2))

CPU model: 13th Gen Intel(R) Core(TM) i7-13620H, instruction set [SSE2|AVX|AVX2]
Thread count: 10 physical cores, 16 logical processors, using up to 16 threads

Optimize a model with 9521 rows, 7923 columns and 34236 nonzeros
Model fingerprint: 0xac820f55
Variable types: 7527 continuous, 396 integer (396 binary)
Coefficient statistics:
  Matrix range     [1e-04, 2e+06]
  Objective range  [3e-02, 4e+08]
  Bounds range     [1e+00, 1e+00]
  RHS range        [4e-04, 1e+03]
Presolve removed 5106 rows and 1043 columns
Presolve time: 0.14s
Presolved: 4415 rows, 6880 columns, 24811 nonzeros
Variable types: 6539 continuous, 341 integer (341 binary)
Root relaxation presolve removed 30 rows and 30 columns
Root relaxation presolved: 4385 rows, 6850 columns, 24736 nonzeros

Extra simplex iterations after uncrush: 368

Root relaxation: objective 1.911530e+04, 4668 iterations, 0.69 seconds (0.32 work units)

    Nodes    |    Current Node    |     Objective Bounds      |     Work
 Expl Unexpl |  Obj  Depth IntInf | Incumbent    BestBd   Gap | It/Node Time

     0     0 19115.3046    0   42          - 19115.3046      -     -    1s
H    0     0                    1.672637e+16 19383.2756   100%     -    6s
     0     2 19383.2756    0   47 1.6726e+16 19383.2756   100%     -    6s
H   35    46                    1.034695e+16 20122.2088   100%   204    8s
H   36    46                    9.825474e+15 20232.4319   100%   198    8s
H   42    46                    7.884245e+15 20232.4319   100%   197    8s
H  121   130                    2.473204e+15 20700.8895   100%   163    9s
H  122   130                    2.439884e+15 20700.8895   100%   163    9s
H  126   130                    1.667305e+15 20700.8895   100%   164    9s
   129   143 27429.9030   17   29 1.6673e+15 20700.8895   100%   163   10s
H  160   173                    1.667678e+14 20700.8895   100%   161   10s
H  207   220                    3.778378e+10 20700.8895   100%   159   11s
H  209   220                    3.700265e+10 20700.8895   100%   160   11s
H  213   220                    3.672202e+10 20700.8895   100%   161   11s
H  218   220                    2.689520e+10 20700.8895   100%   161   11s
H  259   270                    1.378490e+10 20700.8895   100%   165   13s
H  260   270                    9.694200e+09 20700.8895   100%   165   13s
H  262   270                    6.327561e+09 20700.8895   100%   165   13s
H  266   270                    2.101419e+09 20700.8895   100%   165   13s
   292   315 35411.7800   36   36 2.1014e+09 20700.8895   100%   169   20s
H  300   315                    1.910499e+07 20700.8895   100%   168   20s
*  386   391              46    35996.862624 20700.8895  42.5%   153   22s
H  496   482                    28283.824152 20726.9562  26.7%   149   24s
   526   498 24977.3258   13   26 28283.8242 20726.9562  26.7%   148   25s
H  578   506                    26059.214252 20726.9562  20.5%   144   42s
H  579   506                    26038.298482 20726.9562  20.4%   144   42s
H  585   506                    26038.139270 20726.9562  20.4%   143   42s
H  586   506                    26037.387012 20726.9562  20.4%   143   42s
   755   463 25364.3854   13   38 26037.3870 23831.6751  8.47%   137   45s
   989   447 25418.5428    8   36 26037.3870 25146.8421  3.42%   148   50s
* 1221   410              23    26007.452492 25525.7109  1.85%   149   53s
  1299   309 25796.7738   15   26 26007.4525 25646.8118  1.39%   151   55s
* 1399   309              21    25999.008028 25720.1851  1.07%   145   55s
* 1456   133              22    25998.424229 25766.8342  0.89%   142   56s
* 1577   133              23    25997.894096 25956.0956  0.16%   133   56s

Explored 1833 nodes (219367 simplex iterations) in 56.99 seconds (19.32 work units)
Thread count was 16 (of 16 available processors)

Solution count 10: 25997.9 25998.4 25999 ... 35996.9

Optimal solution found (tolerance 1.00e-05)
Best objective 2.603366088543e+04, best bound 2.599789409646e+04, gap 0.1374%

