Solver command line: []

Read LP format model from file C:\Users\mogli\AppData\Local\Temp\tmpmyncpxp1.pyomo.lp
Reading time = 0.25 seconds
x1: 147160 rows, 109953 columns, 417417 nonzeros
Set parameter TimeLimit to value 5400
Set parameter MIPGap to value 5e-05
Set parameter IntegralityFocus to value 1
Set parameter ScaleFlag to value 0
Set parameter ImproveStartTime to value 4500
Gurobi Optimizer version 11.0.0 build v11.0.0rc2 (win64 - Windows 11+.0 (26100.2))

CPU model: 13th Gen Intel(R) Core(TM) i7-13620H, instruction set [SSE2|AVX|AVX2]
Thread count: 10 physical cores, 16 logical processors, using up to 16 threads

Optimize a model with 147160 rows, 109953 columns and 417417 nonzeros
Model fingerprint: 0x1f085fcf
Model has 89 SOS constraints
Variable types: 109662 continuous, 291 integer (291 binary)
Coefficient statistics:
  Matrix range     [2e-04, 2e+03]
  Objective range  [3e-02, 1e+03]
  Bounds range     [1e+00, 1e+00]
  RHS range        [3e-05, 1e+03]
Presolve removed 104491 rows and 21394 columns
Presolve time: 0.40s
Presolved: 42669 rows, 88559 columns, 256166 nonzeros
Variable types: 88358 continuous, 201 integer (200 binary)
Deterministic concurrent LP optimizer: primal and dual simplex
Showing primal log only...


Root simplex log...

Iteration    Objective       Primal Inf.    Dual Inf.      Time
  211390    4.2882426e+11   0.000000e+00   3.884608e+13      5s
  216379    4.5098740e+10   0.000000e+00   7.391581e+14     10s
  220265    6.1889792e+03   0.000000e+00   6.554866e+06     15s
  223532    5.7410467e+03   0.000000e+00   8.136020e+06     20s
  227085    5.1682832e+03   0.000000e+00   3.020413e+07     25s
  230345    4.8035760e+03   0.000000e+00   1.736550e+07     30s
  233932    4.6385275e+03   0.000000e+00   1.718371e+06     35s
  237617    4.4361540e+03   0.000000e+00   2.997483e+08     40s
  240828    4.2440319e+03   0.000000e+00   3.046779e+05     45s
Concurrent spin time: 0.00s

Solved with dual simplex

Root simplex log...

Iteration    Objective       Primal Inf.    Dual Inf.      Time
  109239    2.2892933e+03   0.000000e+00   0.000000e+00     48s
Extra simplex iterations after uncrush: 30

Root relaxation: objective 2.289293e+03, 109239 iterations, 47.50 seconds (56.18 work units)

    Nodes    |    Current Node    |     Objective Bounds      |     Work
 Expl Unexpl |  Obj  Depth IntInf | Incumbent    BestBd   Gap | It/Node Time

     0     0 2289.29326    0   83          - 2289.29326      -     -   48s
H    0     0                    2481.9242273 2289.29326  7.76%     -   52s
H    0     0                    2445.0671214 2289.29326  6.37%     -   54s
     0     0 2307.57840    0   91 2445.06712 2307.57840  5.62%     -   62s
     0     0 2307.68889    0   91 2445.06712 2307.68889  5.62%     -   66s
     0     0 2307.69033    0   91 2445.06712 2307.69033  5.62%     -   66s
     0     0 2312.58375    0   90 2445.06712 2312.58375  5.42%     -   70s
     0     0 2314.54620    0   89 2445.06712 2314.54620  5.34%     -   72s
     0     0 2314.54620    0   89 2445.06712 2314.54620  5.34%     -   72s
     0     0 2314.54620    0   89 2445.06712 2314.54620  5.34%     -   72s
     0     0 2316.49044    0   91 2445.06712 2316.49044  5.26%     -   79s
     0     0 2316.76816    0   91 2445.06712 2316.76816  5.25%     -   88s
     0     0 2316.80229    0   92 2445.06712 2316.80229  5.25%     -   88s
     0     0 2316.80729    0   92 2445.06712 2316.80729  5.25%     -   88s
     0     0 2318.89749    0   93 2445.06712 2318.89749  5.16%     -   96s
     0     0 2319.20304    0   93 2445.06712 2319.20304  5.15%     -  106s
     0     0 2319.20304    0   92 2445.06712 2319.20304  5.15%     -  107s
     0     0 2319.20304    0   92 2445.06712 2319.20304  5.15%     -  107s
     0     0 2319.20304    0   92 2445.06712 2319.20304  5.15%     -  107s
     0     0 2319.79836    0   93 2445.06712 2319.79836  5.12%     -  110s
     0     0 2320.08780    0   92 2445.06712 2320.08780  5.11%     -  112s
     0     0 2320.08780    0   91 2445.06712 2320.08780  5.11%     -  112s
     0     0 2320.19871    0   92 2445.06712 2320.19871  5.11%     -  114s
     0     0 2320.40591    0   92 2445.06712 2320.40591  5.10%     -  115s
     0     0 2320.40591    0   92 2445.06712 2320.40591  5.10%     -  115s
     0     0 2320.46625    0   92 2445.06712 2320.46625  5.10%     -  117s
     0     0 2320.50473    0   92 2445.06712 2320.50473  5.09%     -  118s
     0     0 2320.50493    0   93 2445.06712 2320.50493  5.09%     -  118s
     0     0 2320.63077    0   93 2445.06712 2320.63077  5.09%     -  121s
     0     0 2320.71185    0   93 2445.06712 2320.71185  5.09%     -  122s
     0     0 2320.73525    0   92 2445.06712 2320.73525  5.09%     -  123s
     0     0 2320.94482    0   92 2445.06712 2320.94482  5.08%     -  124s
     0     0 2320.94482    0   90 2445.06712 2320.94482  5.08%     -  125s
     0     0 2320.94482    0   90 2445.06712 2320.94482  5.08%     -  127s
     0     2 2320.94482    0   90 2445.06712 2320.94482  5.08%     -  130s
     1     4 2335.51482    1   88 2445.06712 2329.38252  4.73%  2424  135s
     7    16 2338.23341    3   84 2445.06712 2336.83472  4.43%  2863  146s
    15    26 2346.99976    4   83 2445.06712 2338.32913  4.37%  3637  153s
    25    34 2348.60696    5   82 2445.06712 2339.25204  4.33%  3583  201s
    45    52 2353.41765    6   81 2445.06712 2341.76392  4.22%  3886  205s
    55    56  postponed    7      2445.06712 2341.76392  4.22%  3350  292s
    67    68 infeasible    8      2445.06712 2341.76392  4.22%  3983  306s
   105   102 2355.73337    8   81 2445.06712 2341.76392  4.22%  2842  362s
   156   162 2361.03142   12   75 2445.06712 2341.76392  4.22%  2836  370s
   216   214 2362.48254   15   71 2445.06712 2341.76392  4.22%  2274  376s
   289   266 2364.03638   17   70 2445.06712 2341.76392  4.22%  1857  476s
   326   296 2383.95278   20   67 2445.06712 2341.76392  4.22%  1993  486s
   364   329 2385.15005   22   64 2445.06712 2341.76392  4.22%  1982  505s
   407   360 2387.18864   27   57 2445.06712 2341.76392  4.22%  1870  525s
   450   415 2389.17284   29   55 2445.06712 2341.76392  4.22%  1832  561s
   519   439 infeasible   31      2445.06712 2341.76392  4.22%  1842  583s
   551   490 2392.47495   33   49 2445.06712 2341.76392  4.22%  1772  636s
   614   572 2397.82480   40   42 2445.06712 2341.76392  4.22%  1829  644s
   706   636 2398.70215   44   35 2445.06712 2341.76392  4.22%  1651  659s
   780   722 2402.35978   48   30 2445.06712 2341.76392  4.22%  1579  668s
   873   780 2404.87187   53   23 2445.06712 2341.76392  4.22%  1484  699s
   956   831 2408.47789   59   17 2445.06712 2341.76392  4.22%  1444  728s
  1023   854 2412.13045   70    4 2445.06712 2341.76392  4.22%  1463  747s
H 1041   713                    2401.1326416 2341.76392  2.47%  1510  747s
* 1042   712              73    2401.0968296 2341.76392  2.47%  1510  747s
H 1044   688                    2399.8067219 2341.76392  2.42%  1507  747s
* 1045   687              73    2399.7709193 2341.76392  2.42%  1507  747s
  1077   716     cutoff   73      2399.77092 2343.55989  2.34%  1499  757s
  1175   781 2353.27424   11   74 2399.77092 2345.25408  2.27%  1441  776s
H 1208   711                    2396.3452333 2345.25408  2.13%  1424  776s
  1251   814 2361.88207   21   65 2396.34523 2345.25408  2.13%  1421  787s
  1366   915 2364.14747   26   56 2396.34523 2345.25408  2.13%  1378  805s
  1502   978 2382.05299   32   49 2396.34523 2345.25408  2.13%  1345  856s
  1590  1022 2388.68781   39   41 2396.34523 2345.25408  2.13%  1405  891s
  1668  1074 2392.11231   46   31 2396.34523 2346.08885  2.10%  1444 1004s
  1788  1209 infeasible   37      2396.34523 2346.69502  2.07%  1505 1231s
  1961  1322 2363.70378   22   61 2396.34523 2346.69502  2.07%  1544 1252s
* 2022  1313              68    2395.6746974 2346.69502  2.04%  1517 1252s
H 2140  1006                    2389.6535508 2346.69502  1.80%  1484 1367s
  2141   992 2369.54960   28   90 2389.65355 2346.69502  1.80%  1483 1433s
  2143   993 2380.82211   24   80 2389.65355 2346.69502  1.80%  1482 1465s
  2144   994 2355.10910   17   89 2389.65355 2346.69502  1.80%  1481 1476s
  2145   995 2374.61128   22   88 2389.65355 2346.69502  1.80%  1481 1483s
  2146   995 2358.42013   22   89 2389.65355 2346.69502  1.80%  1480 1489s
  2147   996 2367.30495   23   86 2389.65355 2346.69502  1.80%  1479 1494s
  2148   997 2388.14114   43   87 2389.65355 2346.69502  1.80%  1478 1496s
  2150   998 2359.54695   16   90 2389.65355 2346.69502  1.80%  1477 1528s
  2151   999 2365.47122   26   86 2389.65355 2346.69502  1.80%  1476 1538s
  2152   999 2364.69331   29   89 2389.65355 2346.69502  1.80%  1476 1542s
  2153  1000 2359.48523   21   92 2389.65355 2346.69502  1.80%  1475 1551s
  2154  1001 2389.63061   45   90 2389.65355 2346.69502  1.80%  1474 1555s
  2157  1003 2364.89597   27   91 2389.65355 2346.69502  1.80%  1472 1564s
  2158  1003 2387.64401   42   90 2389.65355 2346.69502  1.80%  1472 1566s
  2159  1004 2383.26667   45   90 2389.65355 2350.77554  1.63%  1471 1587s
  2161  1005 2367.52996   27   90 2389.65355 2352.08041  1.57%  1470 1592s
  2162  1006 2361.48023   20   90 2389.65355 2352.08041  1.57%  1469 1617s
  2163  1007 2388.26263   42   90 2389.65355 2352.08041  1.57%  1468 1694s
  2164  1010 2353.73979   12   88 2389.65355 2352.08041  1.57%  1671 1700s
  2166  1014 2354.78925   13   87 2389.65355 2352.08041  1.57%  1675 1709s
  2170  1020 2363.54035   14   85 2389.65355 2352.08041  1.57%  1681 1714s
  2178  1024 infeasible   15      2389.65355 2360.87742  1.20%  1794 2469s
  2188  1026 2366.26442   16   83 2389.65355 2361.65264  1.17%  1999 2530s
  2198  1033 2367.24170   17   83 2389.65355 2361.68533  1.17%  2064 2648s
  2208  1040 2369.57395   18   82 2389.65355 2361.68533  1.17%  2116 2655s
  2218  1052 2369.87098   19   80 2389.65355 2361.68533  1.17%  2119 2669s
  2234  1062 2370.60066   21   74 2389.65355 2361.68533  1.17%  2121 2684s
  2250  1073 2373.07455   23   71 2389.65355 2361.68533  1.17%  2120 2693s
  2270  1084 2375.29707   24   70 2389.65355 2361.68533  1.17%  2112 2710s
  2294  1098 2375.34956   25   69 2389.65355 2361.68533  1.17%  2102 2718s
  2318  1113 2375.56751   27   67 2389.65355 2361.68533  1.17%  2090 2726s
  2344  1130 2378.74779   29   64 2389.65355 2361.68533  1.17%  2076 2733s
  2373  1140 2378.27932   29   65 2389.65355 2361.68533  1.17%  2059 2745s
  2398  1159 2379.32953   31   63 2389.65355 2361.68533  1.17%  2052 2755s
  2426  1193 2380.96964   31   60 2389.65355 2361.68533  1.17%  2041 2918s
  2476  1210 2384.52461   34   55 2389.65355 2361.68533  1.17%  2051 3521s
  2520  1224 2381.15582   34   55 2389.65355 2361.68533  1.17%  2287 3547s
  2565  1253 2383.68852   41   45 2389.65355 2361.68533  1.17%  2264 3680s
  2631  1267 2386.24990   46   42 2389.65355 2361.68533  1.17%  2271 3708s
  2699  1270 infeasible   53      2389.65355 2361.68533  1.17%  2251 3777s
  2770  1313 infeasible   57      2389.65355 2362.71913  1.13%  2247 3917s
  2867  1334 2370.41571   20   76 2389.65355 2362.71913  1.13%  2238 4061s
  2966  1389 2378.61260   31   55 2389.65355 2362.71913  1.13%  2239 4117s
  3096  1437 2381.55947   39   40 2389.65355 2362.71913  1.13%  2196 4743s

Resetting heuristic parameters to focus on improving solution
(using Heuristics=0.5 and RINS=10)...

  3221  1453 2387.07194   51   27 2389.65355 2363.49586  1.09%  2377 4824s
H 3286  1380                    2389.6535488 2363.49586  1.09%  2369 4824s
H 3315  1323                    2389.6436741 2363.49586  1.09%  2367 4824s
  3343  1350 2385.62480   30   58 2389.64367 2363.49586  1.09%  2368 5154s
  3428  1380 infeasible   31      2389.64367 2363.49586  1.09%  2415 5400s

Cutting planes:
  Learned: 1
  Gomory: 31
  Cover: 11
  Implied bound: 3081
  MIR: 3674
  Flow cover: 7711
  Inf proof: 4
  RLT: 144
  Relax-and-lift: 2051

Explored 3559 nodes (8701185 simplex iterations) in 5400.23 seconds (8536.91 work units)
Thread count was 16 (of 16 available processors)

Solution count 9: 2389.64 2395.67 2396.35 ... 2481.92

Time limit reached
Warning: max constraint violation (9.6308e-06) exceeds tolerance
Warning: max bound violation (2.7059e-05) exceeds tolerance
Best objective 2.389643674071e+03, best bound 2.363495858705e+03, gap 1.0942%

