Solver command line: []

Read LP format model from file C:\Users\mogli\AppData\Local\Temp\tmpup36ojyj.pyomo.lp
Reading time = 0.95 seconds
x1: 108794 rows, 88601 columns, 390963 nonzeros
Set parameter MIPGap to value 1e-05
Set parameter Presolve to value 2
Set parameter FeasibilityTol to value 0.001
Set parameter NumericFocus to value 3
Set parameter ScaleFlag to value 2
Set parameter TimeLimit to value 3600
Set parameter Heuristics to value 0.3
Set parameter IntegralityFocus to value 1
Gurobi Optimizer version 11.0.0 build v11.0.0rc2 (win64 - Windows 11+.0 (26100.2))

CPU model: 13th Gen Intel(R) Core(TM) i7-13620H, instruction set [SSE2|AVX|AVX2]
Thread count: 10 physical cores, 16 logical processors, using up to 16 threads

Optimize a model with 108794 rows, 88601 columns and 390963 nonzeros
Model fingerprint: 0x4a3e0400
Variable types: 88220 continuous, 381 integer (381 binary)
Coefficient statistics:
  Matrix range     [1e-04, 1e+06]
  Objective range  [3e-02, 4e+07]
  Bounds range     [1e+00, 1e+00]
  RHS range        [4e-04, 1e+03]
Presolve removed 65006 rows and 14712 columns
Presolve time: 2.90s
Presolved: 43788 rows, 73889 columns, 268245 nonzeros
Variable types: 73548 continuous, 341 integer (341 binary)
Root relaxation presolve removed 84 rows and 24 columns
Root relaxation presolved: 43704 rows, 73865 columns, 267951 nonzeros

Deterministic concurrent LP optimizer: primal and dual simplex
Showing primal log only...


Root simplex log...

Iteration    Objective       Primal Inf.    Dual Inf.      Time
       0    1.1747709e+09   5.874159e+07   2.123112e+12      5s
  213723    1.3871767e+08   4.454670e+05   8.909845e+09     10s
  232931   -2.8067752e+11   1.232328e+06   0.000000e+00     15s
  244379   -5.8899558e+07   1.187787e+04   0.000000e+00     20s
  252587    4.9305381e+04   1.889368e+03   0.000000e+00     25s
Concurrent spin time: 0.01s

Solved with dual simplex

Root simplex log...

Iteration    Objective       Primal Inf.    Dual Inf.      Time
   36016    5.1478755e+04   1.351876e+00   1.613960e+11     30s
Warning: 1 variables dropped from basis
   39018    4.8114990e+04   6.584551e+00   3.364997e+11     35s
   39828   -1.4999505e+07   1.993280e+05   1.164317e+17     41s
   40408   -3.8601626e+07   7.015553e+05   4.063591e+13     45s
   41228   -9.4403105e+07   1.950027e+06   4.889151e+14     50s
   41828   -9.4003593e+08   2.272790e+07   1.391354e+17     55s
   42378   -9.7753959e+08   2.370059e+07   1.806952e+17     60s
   42908   -6.2313644e+09   1.494042e+08   2.910861e+14     65s
   43498   -1.6681365e+10   4.000390e+08   4.957444e+18     70s
   44208   -7.9914866e+10   1.915220e+09   4.765121e+17     76s
   44768   -5.5940456e+11   1.340052e+10   4.009502e+18     81s
   45318   -1.1878507e+12   2.844405e+10   2.982366e+18     85s
   45898   -1.0368130e+12   2.482778e+10   8.935366e+18     91s
   46328   -8.2902946e+11   1.985287e+10   1.650542e+20     95s
   46928   -5.5190101e+11   1.321777e+10   1.107780e+18    101s
   47528   -4.9633144e+11   1.188776e+10   2.169612e+19    106s
Warning: 1 variables dropped from basis
   47975    4.5983611e+07   1.058028e+04   1.307763e+12    110s
   48395    4.6267476e+07   1.022678e+04   1.419251e+13    115s
   48895    4.6267476e+07   1.022678e+04   1.419251e+13    121s
   49295    4.6267476e+07   1.022678e+04   1.419251e+13    126s
   49695    4.6267476e+07   1.022678e+04   1.419215e+13    130s
   50095    4.6267476e+07   1.022678e+04   1.419215e+13    135s
   50495    4.6267476e+07   1.022678e+04   1.419215e+13    140s
   50895    4.6267476e+07   1.022678e+04   1.419215e+13    145s
   51295    4.6267476e+07   1.022678e+04   1.419215e+13    150s
   51695    4.6267476e+07   1.022678e+04   1.419215e+13    156s
   52095    4.6267476e+07   1.022678e+04   1.419215e+13    160s
   52595    4.6267476e+07   1.022678e+04   1.419215e+13    165s
   53095    4.6267476e+07   1.022678e+04   1.419215e+13    170s
   53595    4.6267476e+07   1.022678e+04   1.419215e+13    175s
   54095    4.6267476e+07   1.022678e+04   1.419215e+13    180s
   54595    4.6267476e+07   1.022678e+04   1.419215e+13    186s
   54995    4.6267476e+07   1.022678e+04   1.419215e+13    191s
   55395    4.6267476e+07   1.022678e+04   1.419215e+13    195s
   55895    4.6267476e+07   1.022678e+04   1.419215e+13    200s
   56395    4.6267476e+07   1.022678e+04   1.419215e+13    206s
   56895    4.6267476e+07   1.022678e+04   1.419215e+13    211s
   57395    4.6267476e+07   1.022678e+04   1.419215e+13    216s
   57895    4.6267476e+07   1.022678e+04   1.419215e+13    220s
   58448   -4.8344855e+39   8.354952e+36   3.021553e+08    225s
   60284   -3.3923424e+39   1.059657e+37   2.120214e+08    230s
   62834   -2.6135702e+39   5.783965e+40   1.633481e+08    235s
   66382   -6.2522907e+10   2.369707e+10   0.000000e+00    240s
   71737   -6.3822372e+07   2.434806e+05   0.000000e+00    245s
   77092   -2.1799630e+06   2.758922e+04   0.000000e+00    250s
   81682    5.1245315e+04   2.908862e+01   0.000000e+00    255s
   85849    5.1355120e+04   0.000000e+00   0.000000e+00    260s
   86110    5.1352577e+04   0.000000e+00   0.000000e+00    261s
Extra simplex iterations after uncrush: 250

Root relaxation: objective 5.135258e+04, 86110 iterations, 256.47 seconds (145.19 work units)

    Nodes    |    Current Node    |     Objective Bounds      |     Work
 Expl Unexpl |  Obj  Depth IntInf | Incumbent    BestBd   Gap | It/Node Time

     0     0 51352.5766    0   64          - 51352.5766      -     -  261s
     0     2 51499.7092    0   65          - 51499.7092      -     -  704s
     1     4 52296.6193    1   53          - 52296.6193      -  3413  709s
     3     8 52564.9169    2   44          - 52564.9169      -  1492  713s
     7    16 52625.7235    3   51          - 52625.7235      -  1426  729s
    15    26 52626.4198    4   49          - 52625.7235      -  1887  742s
    25    36 53009.6298    5   47          - 52627.3823      -  1670  756s
    35    46 53512.1782    6   47          - 52627.3823      -  1608  767s
    45    56 54349.7665    7   46          - 52627.3823      -  1571  776s
    55    67 59334.0113    8   51          - 52627.3823      -  1518  785s
    66    80 59957.0320    8   43          - 52627.3823      -  1454  791s
    79    93 59368.6545    9   61          - 52627.3823      -  1398  798s
    92   106 59399.0045    9   53          - 52627.3823      -  1328  808s
   105   117 63007.1165   10   51          - 52627.3823      -  1286 1240s
   118   131 63529.2390   12   55          - 52627.3823      -  3839 1249s
   132   144 63941.8058   13   49          - 52627.3823      -  3548 1258s
   145   157 63993.1112   14   54          - 52627.3823      -  3359 1359s
   160   173 64879.8339   15   46          - 52627.3823      -  3295 1371s
   182   192 68942.4003   15   55          - 52627.3823      -  3007 1382s
   201   212 71041.9438   18   48          - 52627.3823      -  2834 1393s
   221   228 71067.4208   19   50          - 52627.3823      -  2685 1407s
   239   250 71124.4604   21   48          - 52627.3823      -  2600 1420s
   261   268 71183.0509   23   46          - 52627.3823      -  2489 1433s
   279   288 71236.8898   25   55          - 52627.3823      -  2427 1447s
   299   308 71256.5930   26   55          - 52627.3823      -  2360 1462s
   319   335 71423.8999   28   51          - 52627.3823      -  2300 1477s
   346   365 71468.4197   29   53          - 52627.3823      -  2208 1493s
   376   398 71578.7813   32   53          - 52627.3823      -  2127 1509s
   409   447 71594.1437   33   50          - 52627.3823      -  2030 1525s
   458   489 71664.1178   36   49          - 52627.3823      -  1881 1541s
   504   539 71744.7754   40   51          - 52627.3823      -  1780 1555s
*  523   539              66    70758.149475 52627.3823  25.6%  1742 1555s
   565   549     cutoff   43      70758.1495 52805.6955  25.4%  1640 1572s
   601   572 56785.2561    8   52 70758.1495 52805.6955  25.4%  1597 1590s
   651   578 60083.9908   11   61 70758.1495 52805.6955  25.4%  1529 1611s
   700   591 61335.2516   10   45 70758.1495 52805.6955  25.4%  1472 1631s
*  729   572              67    68684.263129 52805.6955  23.1%  1447 1631s
   740   593 61413.7511   12   42 68684.2631 52805.6955  23.1%  1444 1654s
   781   578 61908.6477   12   42 68684.2631 52805.6955  23.1%  1422 1676s
   801   615 61605.2038   16   42 68684.2631 52805.6955  23.1%  1420 1694s
   857   650 62688.7040   19   32 68684.2631 52805.6955  23.1%  1373 1714s
*  875   587              45    61940.194466 52805.6955  14.7%  1358 1714s
   912   557     cutoff   22      61940.1945 53285.9832  14.0%  1327 1735s
   982   562 57115.5700    9   49 61940.1945 53314.7294  13.9%  1278 1761s
  1028   551     cutoff   11      61940.1945 53314.7294  13.9%  1269 1790s
  1072   563 61530.7532   15   39 61940.1945 53314.7294  13.9%  1279 1814s
  1121   563 61714.8636   17   31 61940.1945 54800.6646  11.5%  1273 1855s
  1158   556 57219.0817   12   58 61940.1945 54800.6646  11.5%  1303 1910s
  1200   553 61192.8530   17   42 61940.1945 54800.6646  11.5%  1328 2032s
  1237   558     cutoff   20      61940.1945 54800.6646  11.5%  1385 2081s
  1276   573 61811.1016   20   37 61940.1945 55682.5460  10.1%  1419 2116s
  1346   541 58757.4219   12   38 61940.1945 55682.5460  10.1%  1414 2146s
  1441   580 60445.6731   15   49 61940.1945 55682.5460  10.1%  1365 2175s
  1579   604 61650.4023   22   48 61940.1945 55734.1157  10.0%  1284 2279s
* 1637   563              36    61379.364036 55965.0462  8.82%  1268 2279s
  1724   549 56893.9340    9   41 61379.3640 55965.0462  8.82%  1235 2320s
  1818   535     cutoff   14      61379.3640 56243.1139  8.37%  1204 2353s
  1941   531 59667.1917   13   46 61379.3640 56243.1139  8.37%  1163 2387s
  2071   549 59729.0528   15   52 61379.3640 56243.1139  8.37%  1123 2421s
  2212   564 61153.5832   17   49 61379.3640 56243.1139  8.37%  1085 2454s
  2346   601     cutoff   32      61379.3640 57087.8124  6.99%  1052 2488s
  2507   642 59692.3096   10   52 61379.3640 57376.0358  6.52%  1010 2646s
  2672   685 60565.5002   15   53 61379.3640 57376.0358  6.52%   991 2685s
  2853   704 60578.1139   17   39 61379.3640 57376.0358  6.52%   957 2791s
* 2917   700              40    61364.545709 57376.0358  6.50%   949 2791s
* 2920   687              41    61269.848053 57376.0358  6.36%   948 2791s
  3041   730 60145.6915   17   43 61269.8481 57441.1809  6.25%   911 2839s
* 3074   725              23    61254.559777 57470.7152  6.18%   908 2840s
H 3203   544                    58343.263643 57470.7152  1.50%   900 3159s
H 3204   544                    58343.263070 57470.7152  1.50%   900 3159s
H 3205   544                    58343.262779 57470.7152  1.50%   899 3159s
  3213   543 58063.1579   12   51 58343.2628 57477.5714  1.48%   899 3222s
  3334   510 57912.4613   13   36 58343.2628 57523.2667  1.41%   908 3365s
  3450   492 58030.6893   11   64 58343.2628 57562.2904  1.34%   924 3468s
  3566   520 58268.7615   12   46 58343.2628 57736.1409  1.04%   936 3537s
* 3673   520              28    58264.926474 57776.1370  0.84%   937 3537s
  3712   490     cutoff   17      58264.9265 57776.3573  0.84%   938 3600s

Cutting planes:
  Cover: 2

Explored 3806 nodes (3689872 simplex iterations) in 3600.47 seconds (1416.48 work units)
Thread count was 16 (of 16 available processors)

Solution count 10: 58264.9 58264.9 58343.3 ... 70758.1

Time limit reached
Warning: max integrality violation (1.8665e-04) exceeds tolerance
Best objective 5.826492647404e+04, best bound 5.783615407010e+04, gap 0.7359%

