Solver command line: []

Read LP format model from file C:\Users\mogli\AppData\Local\Temp\tmp93_zeq6d.pyomo.lp
Reading time = 0.29 seconds
x1: 168455 rows, 121619 columns, 472576 nonzeros
Set parameter TimeLimit to value 10800
Set parameter MIPGap to value 5e-05
Set parameter IntegralityFocus to value 1
Set parameter ScaleFlag to value 0
Gurobi Optimizer version 11.0.0 build v11.0.0rc2 (win64 - Windows 11+.0 (26100.2))

CPU model: 13th Gen Intel(R) Core(TM) i7-13620H, instruction set [SSE2|AVX|AVX2]
Thread count: 10 physical cores, 16 logical processors, using up to 16 threads

Optimize a model with 168455 rows, 121619 columns and 472576 nonzeros
Model fingerprint: 0x656365ee
Model has 12 SOS constraints
Variable types: 121578 continuous, 41 integer (41 binary)
Coefficient statistics:
  Matrix range     [1e-03, 2e+03]
  Objective range  [3e-02, 1e+03]
  Bounds range     [1e+00, 1e+00]
  RHS range        [8e-05, 1e+03]
Presolve removed 114063 rows and 24001 columns
Presolve time: 0.42s
Presolved: 54392 rows, 97618 columns, 295378 nonzeros
Variable types: 97589 continuous, 29 integer (29 binary)
Deterministic concurrent LP optimizer: primal and dual simplex
Showing primal log only...


Root simplex log...

Iteration    Objective       Primal Inf.    Dual Inf.      Time
  295823    5.8524916e+02   0.000000e+00   3.746271e+03      5s
  332271    1.8686058e+02   0.000000e+00   7.679305e+03     10s
Concurrent spin time: 0.16s

Solved with dual simplex

Root simplex log...

Iteration    Objective       Primal Inf.    Dual Inf.      Time
   77715    1.7694449e+02   0.000000e+00   0.000000e+00     15s

Root relaxation: objective 1.769445e+02, 77715 iterations, 14.32 seconds (21.01 work units)
Total elapsed time = 15.03s (DegenMoves)

    Nodes    |    Current Node    |     Objective Bounds      |     Work
 Expl Unexpl |  Obj  Depth IntInf | Incumbent    BestBd   Gap | It/Node Time

     0     0  176.94449    0   18          -  176.94449      -     -   15s
H    0     0                     192.7891422  176.94449  8.22%     -   15s
     0     0  182.02697    0   20  192.78914  182.02697  5.58%     -   17s
     0     0  183.30395    0   20  192.78914  183.30395  4.92%     -   20s
     0     0  183.30395    0   20  192.78914  183.30395  4.92%     -   20s
     0     0  184.11529    0   21  192.78914  184.11529  4.50%     -   21s
     0     0  184.40297    0   21  192.78914  184.40297  4.35%     -   22s
     0     0  184.41108    0   21  192.78914  184.41108  4.35%     -   22s
     0     0  185.70439    0   20  192.78914  185.70439  3.67%     -   24s
     0     0  187.06626    0   20  192.78914  187.06626  2.97%     -   27s
     0     0  187.13003    0   21  192.78914  187.13003  2.94%     -   27s
     0     0  187.13003    0   21  192.78914  187.13003  2.94%     -   27s
     0     0  187.61376    0   20  192.78914  187.61376  2.68%     -   29s
     0     0  187.61376    0   21  192.78914  187.61376  2.68%     -   30s
     0     0  187.61630    0   21  192.78914  187.61630  2.68%     -   31s
     0     0  187.63358    0   21  192.78914  187.63358  2.67%     -   32s
     0     0  187.63358    0   21  192.78914  187.63358  2.67%     -   32s
H    0     0                     189.2096135  187.63358  0.83%     -   37s
H    0     0                     189.2092241  187.63358  0.83%     -   37s
     0     0  187.63358    0   21  189.20922  187.63358  0.83%     -   38s
     0     2  187.63358    0   21  189.20922  187.63358  0.83%     -   43s
     3     8  187.63358    2   15  189.20922  187.63358  0.83%  2510   45s
    25    18  188.16146    5   14  189.20922  187.63358  0.83%  3698   50s
    55    16     cutoff    7       189.20922  188.16422  0.55%  3031   57s
    65    11     cutoff    9       189.20922  188.36491  0.45%  3280   60s
   106     9  188.43226    8   10  189.20922  188.39696  0.43%  2951   65s
   132     8     cutoff   11       189.20922  188.47107  0.39%  2891   73s

Cutting planes:
  Learned: 5
  Gomory: 7
  Cover: 1
  Implied bound: 563
  MIR: 1356
  Flow cover: 112
  RLT: 328
  Relax-and-lift: 632

Explored 153 nodes (518057 simplex iterations) in 74.62 seconds (102.73 work units)
Thread count was 16 (of 16 available processors)

Solution count 3: 189.209 189.21 192.789 

Optimal solution found (tolerance 5.00e-05)
Best objective 1.892092240635e+02, best bound 1.892092240637e+02, gap 0.0000%

