Solver command line: []

Read LP format model from file C:\Users\mogli\AppData\Local\Temp\tmpd6ea4j1w.pyomo.lp
Reading time = 0.05 seconds
x1: 4742 rows, 4099 columns, 17325 nonzeros
Set parameter MIPGap to value 1e-05
Set parameter Presolve to value 2
Set parameter FeasibilityTol to value 0.001
Set parameter NumericFocus to value 3
Set parameter ScaleFlag to value 2
Set parameter TimeLimit to value 3600
Set parameter Heuristics to value 0.3
Set parameter IntegralityFocus to value 1
Gurobi Optimizer version 11.0.0 build v11.0.0rc2 (win64 - Windows 11+.0 (26100.2))

CPU model: 13th Gen Intel(R) Core(TM) i7-13620H, instruction set [SSE2|AVX|AVX2]
Thread count: 10 physical cores, 16 logical processors, using up to 16 threads

Optimize a model with 4742 rows, 4099 columns and 17325 nonzeros
Model fingerprint: 0x46e45500
Variable types: 3718 continuous, 381 integer (381 binary)
Coefficient statistics:
  Matrix range     [1e-04, 1e+06]
  Objective range  [3e-02, 9e+08]
  Bounds range     [1e+00, 1e+00]
  RHS range        [4e-04, 1e+03]
Presolve removed 2338 rows and 433 columns
Presolve time: 0.05s
Presolved: 2404 rows, 3666 columns, 13097 nonzeros
Variable types: 3325 continuous, 341 integer (341 binary)
Root relaxation presolve removed 15 rows and 15 columns
Root relaxation presolved: 2389 rows, 3651 columns, 13067 nonzeros

Extra simplex iterations after uncrush: 39

Root relaxation: objective 1.869778e+04, 2628 iterations, 0.28 seconds (0.14 work units)

    Nodes    |    Current Node    |     Objective Bounds      |     Work
 Expl Unexpl |  Obj  Depth IntInf | Incumbent    BestBd   Gap | It/Node Time

     0     0 18697.7831    0   43          - 18697.7831      -     -    0s
H    0     0                    1.660863e+16 18968.4550   100%     -    3s
     0     2 18968.4550    0   43 1.6609e+16 18968.4550   100%     -    3s
    82   100 20632.1648   11   40 1.6609e+16 19593.8536   100%  81.4    5s
H  171   186                    4.411913e+15 19593.8536   100%  75.1    5s
H  181   186                    3.064844e+15 19593.8536   100%  74.6    5s
H  182   186                    3.040905e+15 19593.8536   100%  74.5    5s
H  254   265                    7.948298e+14 19593.8536   100%  73.1    6s
H  255   265                    5.775389e+13 19593.8536   100%  73.6    6s
H  305   320                    1.322720e+12 19593.8536   100%  74.6    7s
H  309   320                    1.321034e+12 19593.8536   100%  74.9    7s
H  355   369                    26530.443250 19593.8536  26.1%  73.5    8s
*  390   351              51    26456.981789 20633.8069  22.0%  71.3    8s
   424   358 23242.1280    7   36 26456.9818 21318.3092  19.4%  68.1   15s
H  434   358                    25684.795576 21318.3092  17.0%  67.7   15s
   841   357 25649.2487   13   42 25684.7956 23247.2093  9.49%  69.0   22s
* 1189   347              19    25634.161712 25002.6547  2.46%  70.6   24s
  1199   331     cutoff   10      25634.1617 25011.8485  2.43%  70.6   25s

Explored 1831 nodes (117156 simplex iterations) in 27.68 seconds (7.46 work units)
Thread count was 16 (of 16 available processors)

Solution count 7: 25634.2 25679 26457 ... 7.9483e+14

Optimal solution found (tolerance 1.00e-05)
Best objective 2.567897261219e+04, best bound 2.563416171214e+04, gap 0.1745%

