Solver command line: []

Read LP format model from file C:\Users\mogli\AppData\Local\Temp\tmpe4nii71e.pyomo.lp
Reading time = 0.06 seconds
x1: 39449 rows, 29252 columns, 129414 nonzeros
Set parameter TimeLimit to value 3600
Set parameter MIPGap to value 5e-05
Set parameter NumericFocus to value 3
Set parameter ScaleFlag to value 0
Set parameter Threads to value 12
Set parameter IntegralityFocus to value 1
Gurobi Optimizer version 11.0.0 build v11.0.0rc2 (win64 - Windows 11+.0 (26100.2))

CPU model: 13th Gen Intel(R) Core(TM) i7-13620H, instruction set [SSE2|AVX|AVX2]
Thread count: 10 physical cores, 16 logical processors, using up to 12 threads

Optimize a model with 39449 rows, 29252 columns and 129414 nonzeros
Model fingerprint: 0x6139794b
Model has 17 SOS constraints
Variable types: 29122 continuous, 130 integer (130 binary)
Coefficient statistics:
  Matrix range     [3e-04, 1e+06]
  Objective range  [3e-02, 4e+05]
  Bounds range     [1e+00, 1e+00]
  RHS range        [7e-04, 5e+05]
Presolve removed 23813 rows and 6164 columns
Presolve time: 0.15s
Presolved: 15636 rows, 23088 columns, 81325 nonzeros
Variable types: 22995 continuous, 93 integer (93 binary)

Root simplex log...

Iteration    Objective       Primal Inf.    Dual Inf.      Time
   22070    1.5215357e+02   2.347128e+02   0.000000e+00      5s
   25179    1.5584540e+02   0.000000e+00   0.000000e+00      6s

Root relaxation: objective 1.558454e+02, 25179 iterations, 5.42 seconds (6.11 work units)

    Nodes    |    Current Node    |     Objective Bounds      |     Work
 Expl Unexpl |  Obj  Depth IntInf | Incumbent    BestBd   Gap | It/Node Time

     0     0  155.84540    0   26          -  155.84540      -     -    6s
H    0     0                    1906.1431145  155.84540  91.8%     -    6s
H    0     0                    1750.8439852  155.84540  91.1%     -    7s
     0     2  155.84540    0   30 1750.84399  155.84540  91.1%     -    7s
    27    25 1025.64099    5    6 1750.84399  155.84639  91.1%   548   10s
*   51    33               7    1456.6788786  155.84760  89.3%   752   11s
*   55    33               7    1000.8286183  155.84760  84.4%   762   11s
*   72    27               7     790.0132170  155.84760  80.3%   735   11s
*   77    14               9     499.1845717  155.84760  68.8%   722   12s
*   98     7               9     428.4497088  155.85294  63.6%   668   12s
H  102     8                     390.0144391  155.85294  60.0%   680   13s
H  104     8                     273.6056073  155.85294  43.0%   682   13s
H  105     8                     217.6343115  155.85294  28.4%   680   13s
H  118     3                     206.6482596  155.92254  24.5%   689   14s

Cutting planes:
  Cover: 4
  Implied bound: 45

Explored 126 nodes (114844 simplex iterations) in 14.47 seconds (17.29 work units)
Thread count was 12 (of 16 available processors)

Solution count 10: 206.648 217.634 273.606 ... 1750.84

Optimal solution found (tolerance 5.00e-05)
Best objective 2.066482596314e+02, best bound 2.066482596312e+02, gap 0.0000%

