Solver command line: []

Read LP format model from file C:\Users\mogli\AppData\Local\Temp\tmp8oqn710m.pyomo.lp
Reading time = 0.12 seconds
x1: 66237 rows, 49317 columns, 229559 nonzeros
Set parameter TimeLimit to value 600
Set parameter MIPGap to value 5e-05
Set parameter IntegralityFocus to value 1
Set parameter ScaleFlag to value 0
Set parameter MIPFocus to value 2
Set parameter Method to value 1
Gurobi Optimizer version 11.0.0 build v11.0.0rc2 (win64 - Windows 11+.0 (26100.2))

CPU model: 13th Gen Intel(R) Core(TM) i7-13620H, instruction set [SSE2|AVX|AVX2]
Thread count: 10 physical cores, 16 logical processors, using up to 16 threads

Optimize a model with 66237 rows, 49317 columns and 229559 nonzeros
Model fingerprint: 0xcc87a9f8
Model has 27 SOS constraints
Variable types: 49119 continuous, 198 integer (198 binary)
Coefficient statistics:
  Matrix range     [1e-03, 2e+03]
  Objective range  [3e-02, 1e+03]
  Bounds range     [1e+00, 1e+00]
  RHS range        [5e-05, 1e+03]
Presolve removed 53205 rows and 19790 columns
Presolve time: 0.18s
Presolved: 13032 rows, 29527 columns, 91174 nonzeros
Variable types: 29463 continuous, 64 integer (61 binary)
Root relaxation presolve removed 47 rows and 47 columns
Root relaxation presolved: 12985 rows, 29480 columns, 91035 nonzeros


Root relaxation: objective 8.337820e+02, 24155 iterations, 2.91 seconds (4.56 work units)

    Nodes    |    Current Node    |     Objective Bounds      |     Work
 Expl Unexpl |  Obj  Depth IntInf | Incumbent    BestBd   Gap | It/Node Time

     0     0  833.78196    0   15          -  833.78196      -     -    3s
H    0     0                     850.9799026  833.78196  2.02%     -    3s
H    0     0                     849.9164163  838.23984  1.37%     -    4s
     0     0  838.23984    0   21  849.91642  838.23984  1.37%     -    4s
     0     0  839.23646    0   23  849.91642  839.23646  1.26%     -    5s
     0     0  839.23646    0   23  849.91642  839.23646  1.26%     -    5s
     0     0  839.23646    0   23  849.91642  839.23646  1.26%     -    5s
     0     0  839.32359    0   22  849.91642  839.32359  1.25%     -    5s
H    0     0                     845.2913480  839.37423  0.70%     -    6s
     0     0  839.37423    0   22  845.29135  839.37423  0.70%     -    6s
     0     0  839.37423    0   22  845.29135  839.37423  0.70%     -    6s
H    0     0                     841.6605395  839.46810  0.26%     -    7s
     0     0  839.46810    0   22  841.66054  839.46810  0.26%     -    7s
     0     0  839.52524    0   22  841.66054  839.52524  0.25%     -    7s
     0     0  839.52524    0   22  841.66054  839.52524  0.25%     -    7s
     0     0  839.52524    0   22  841.66054  839.52524  0.25%     -    8s
     0     0  839.53430    0   22  841.66054  839.53430  0.25%     -    9s
     0     0  839.53599    0   22  841.66054  839.53599  0.25%     -    9s
     0     2  839.53599    0   22  841.66054  839.53599  0.25%     -   10s
*   50    38               8     841.4212684  840.82261  0.07%   563   12s
*   54    38               8     840.9383205  840.82261  0.01%   534   12s

Cutting planes:
  Learned: 1
  Gomory: 11
  Lift-and-project: 5
  Implied bound: 310
  Projected implied bound: 25
  MIR: 238
  Flow cover: 3654
  RLT: 94
  Relax-and-lift: 354

Explored 93 nodes (66763 simplex iterations) in 12.83 seconds (19.30 work units)
Thread count was 16 (of 16 available processors)

Solution count 6: 840.938 841.421 841.661 ... 850.98

Optimal solution found (tolerance 5.00e-05)
Best objective 8.409383204643e+02, best bound 8.409023879533e+02, gap 0.0043%

