Solver command line: []

Read LP format model from file C:\Users\mogli\AppData\Local\Temp\tmpjl4khwaq.pyomo.lp
Reading time = 0.12 seconds
x1: 39449 rows, 29252 columns, 129432 nonzeros
Set parameter TimeLimit to value 3600
Set parameter MIPGap to value 5e-05
Set parameter NumericFocus to value 3
Set parameter ScaleFlag to value 0
Set parameter Threads to value 12
Set parameter IntegralityFocus to value 1
Gurobi Optimizer version 11.0.0 build v11.0.0rc2 (win64 - Windows 11+.0 (26100.2))

CPU model: 13th Gen Intel(R) Core(TM) i7-13620H, instruction set [SSE2|AVX|AVX2]
Thread count: 10 physical cores, 16 logical processors, using up to 12 threads

Optimize a model with 39449 rows, 29252 columns and 129432 nonzeros
Model fingerprint: 0x6a94231e
Model has 17 SOS constraints
Variable types: 29122 continuous, 130 integer (130 binary)
Coefficient statistics:
  Matrix range     [3e-04, 1e+06]
  Objective range  [3e-02, 4e+05]
  Bounds range     [1e+00, 1e+00]
  RHS range        [7e-04, 1e+05]
Presolve removed 22970 rows and 5496 columns
Presolve time: 0.22s
Presolved: 16479 rows, 23756 columns, 83523 nonzeros
Variable types: 23664 continuous, 92 integer (92 binary)

Root simplex log...

Iteration    Objective       Primal Inf.    Dual Inf.      Time
   14771    7.2812643e+01   2.112402e+06   0.000000e+00      5s
   18895    7.6480946e+01   0.000000e+00   0.000000e+00      8s

Root relaxation: objective 7.648095e+01, 18895 iterations, 7.37 seconds (4.13 work units)

    Nodes    |    Current Node    |     Objective Bounds      |     Work
 Expl Unexpl |  Obj  Depth IntInf | Incumbent    BestBd   Gap | It/Node Time

     0     0   76.48095    0   32          -   76.48095      -     -    9s
H    0     0                      79.6260588   76.48095  3.95%     -   10s
     0     2   76.48095    0   32   79.62606   76.48095  3.95%     -   13s
    19    28   76.49821    5   33   79.62606   76.49821  3.93%   243   15s
   182   172   76.59338   17   26   79.62606   76.51370  3.91%   126   21s
H  193   172                      77.8163914   76.51370  1.67%   131   21s
H  288   231                      77.0717819   76.51769  0.72%   150   25s
H  290   231                      77.0681052   76.51769  0.71%   149   25s
H  291   231                      77.0158722   76.51769  0.65%   149   25s
H  297   231                      77.0093262   76.51769  0.64%   150   25s
*  464   287              44      77.0075090   76.51769  0.64%   152   28s
   472   292   76.76339   15   27   77.00751   76.51769  0.64%   153   30s
   883   526   76.54878    9   34   77.00751   76.54675  0.60%   132   35s
  1209   663   76.61932   12   30   77.00751   76.54884  0.60%   126   40s
  1611   799   76.96071   20   18   77.00751   76.59058  0.54%   124   45s
  1973   928   76.62828   10   30   77.00751   76.59338  0.54%   117   50s
* 2021   924              45      77.0025909   76.59338  0.53%   116   50s
  2229   993 infeasible   17        77.00259   76.59539  0.53%   112   58s
  2359  1054   76.78186   20   23   77.00259   76.59539  0.53%   112   60s
  3000  1246     cutoff   31        77.00259   76.61700  0.50%   103   66s
  3347  1372   76.99634   24    8   77.00259   76.62653  0.49%   100   71s
  3519  1373   76.91280   26   32   77.00259   76.62653  0.49%  99.2   80s
  3521  1374   76.90622   22   33   77.00259   76.62653  0.49%  99.1   87s
  3530  1375   76.62653   16   37   77.00259   76.62653  0.49%   103   90s
  4008  1254     cutoff   31        77.00259   76.91234  0.12%   100   95s

Cutting planes:
  Cover: 1
  Implied bound: 3

Explored 4148 nodes (428171 simplex iterations) in 96.14 seconds (58.86 work units)
Thread count was 12 (of 16 available processors)

Solution count 7: 77.0026 77.0075 77.0159 ... 79.6261

Optimal solution found (tolerance 5.00e-05)
Best objective 7.700259094978e+01, best bound 7.700259094953e+01, gap 0.0000%

