Solver command line: []

Read LP format model from file C:\Users\mogli\AppData\Local\Temp\tmp8x7_kqqm.pyomo.lp
Reading time = 0.09 seconds
x1: 38656 rows, 28689 columns, 127265 nonzeros
Set parameter TimeLimit to value 600
Set parameter MIPGap to value 5e-05
Set parameter NumericFocus to value 3
Set parameter ScaleFlag to value 0
Set parameter Threads to value 12
Set parameter IntegralityFocus to value 1
Gurobi Optimizer version 11.0.0 build v11.0.0rc2 (win64 - Windows 11+.0 (26100.2))

CPU model: 13th Gen Intel(R) Core(TM) i7-13620H, instruction set [SSE2|AVX|AVX2]
Thread count: 10 physical cores, 16 logical processors, using up to 12 threads

Optimize a model with 38656 rows, 28689 columns and 127265 nonzeros
Model fingerprint: 0xa737176e
Model has 17 SOS constraints
Variable types: 28567 continuous, 122 integer (122 binary)
Coefficient statistics:
  Matrix range     [3e-04, 1e+06]
  Objective range  [3e-02, 4e+05]
  Bounds range     [1e+00, 1e+00]
  RHS range        [2e-04, 1e+05]
Presolve removed 23021 rows and 5622 columns
Presolve time: 0.18s
Presolved: 15635 rows, 23067 columns, 81343 nonzeros
Variable types: 22973 continuous, 94 integer (93 binary)

Root simplex log...

Iteration    Objective       Primal Inf.    Dual Inf.      Time
   17534    2.3600737e+01   2.209914e+03   0.000000e+00      5s
   27125    3.2506393e+01   0.000000e+00   0.000000e+00      8s

Root relaxation: objective 3.250639e+01, 27125 iterations, 8.08 seconds (8.16 work units)

    Nodes    |    Current Node    |     Objective Bounds      |     Work
 Expl Unexpl |  Obj  Depth IntInf | Incumbent    BestBd   Gap | It/Node Time

     0     0   32.50639    0   33          -   32.50639      -     -    9s
H    0     0                      33.8696978   32.50639  4.03%     -    9s
H    0     0                      33.8696969   32.50639  4.03%     -   10s
     0     1   32.50639    0   31   33.86970   32.50639  4.03%     -   10s
    63    44   32.83143    8   30   33.86970   32.50983  4.01%   351   15s
H  257   142                      33.7825591   32.50983  3.77%   174   20s
H  313   163                      33.6732691   32.50983  3.46%   159   22s
H  315   163                      33.4247508   32.50983  2.74%   159   22s
H  324   163                      33.2903063   32.50983  2.34%   159   22s
   421   207   32.57513   34   14   33.29031   32.51016  2.34%   157   25s
*  610   317              52      32.9995512   32.51016  1.48%   160   29s
   633   315   32.73550   46    8   32.99955   32.51016  1.48%   159   30s
*  643   315              56      32.8307511   32.51016  0.98%   157   30s
*  683   327              55      32.8306552   32.54004  0.89%   156   30s
*  823   397              53      32.8292449   32.55126  0.85%   158   33s
   948   440   32.66697   39   20   32.82924   32.55126  0.85%   152   35s
* 1164   497              56      32.8273010   32.56680  0.79%   143   37s
  1363   567   32.74928   43   13   32.82730   32.56680  0.79%   140   40s
* 1531   585              48      32.7984672   32.58120  0.66%   134   41s
  1791   652   32.73587   41   14   32.79847   32.58559  0.65%   130   45s
  2348   656   32.71475   43   15   32.79847   32.61056  0.57%   123   50s
* 2763   657              48      32.7414981   32.61659  0.38%   122   54s
  2872   631     cutoff   37        32.74150   32.61834  0.38%   120   55s
  3147   656   32.69596   38   17   32.74150   32.62554  0.35%   127   60s
  3424   631     cutoff   36        32.74150   32.63234  0.33%   135   66s
  3628   627     cutoff   27        32.74150   32.63747  0.32%   140   70s
  3807   632     cutoff   40        32.74150   32.64636  0.29%   147   75s
  4020   623   32.73091   26   26   32.74150   32.65240  0.27%   152   81s
  4223   615     cutoff   28        32.74150   32.65383  0.27%   159   86s
* 4250   615              43      32.7375565   32.65654  0.25%   159   86s
  4469   592     cutoff   37        32.73756   32.65693  0.25%   163   93s
H 4537   592                      32.7364778   32.66229  0.23%   166   93s
* 4550   592              54      32.7364521   32.66229  0.23%   165   93s
  4613   574   32.73104   42   10   32.73645   32.66477  0.22%   166   96s
* 4754   574              43      32.7325347   32.66703  0.20%   167   96s
* 4756   574              42      32.7324590   32.66703  0.20%   167   96s
* 4757   574              41      32.7324516   32.66703  0.20%   167   96s
  4962   549   32.70788   26   14   32.73245   32.67580  0.17%   171  102s
* 5020   549              42      32.7226081   32.67720  0.14%   172  102s
  5102   514     cutoff   41        32.72261   32.67871  0.13%   174  105s
  5360   418   32.70713   17   13   32.72261   32.68817  0.11%   181  112s
  5527   354     cutoff   40        32.72261   32.69164  0.09%   184  116s
  5711   257     cutoff   40        32.72261   32.70071  0.07%   186  120s

Cutting planes:
  Cover: 8
  Implied bound: 334

Explored 6231 nodes (1159839 simplex iterations) in 122.54 seconds (112.20 work units)
Thread count was 12 (of 16 available processors)

Solution count 10: 32.7226 32.7325 32.7325 ... 32.8292

Optimal solution found (tolerance 5.00e-05)
Best objective 3.272260814384e+01, best bound 3.272260814352e+01, gap 0.0000%

